Component: ARM Compiler 5.06 update 3 (build 300) Tool: armlink [4d35c9]

==============================================================================

Section Cross References

    tim.o(i.HAL_TIM_Base_MspDeInit) refers to stm32f7xx_hal_cortex.o(i.HAL_NVIC_DisableIRQ) for HAL_NVIC_DisableIRQ
    tim.o(i.HAL_TIM_Base_MspInit) refers to stm32f7xx_hal_cortex.o(i.HAL_NVIC_SetPriority) for HAL_NVIC_SetPriority
    tim.o(i.HAL_TIM_Base_MspInit) refers to stm32f7xx_hal_cortex.o(i.HAL_NVIC_EnableIRQ) for HAL_NVIC_EnableIRQ
    tim.o(i.MX_TIM1_Init) refers to stm32f7xx_hal_tim.o(i.HAL_TIM_Base_Init) for HAL_TIM_Base_Init
    tim.o(i.MX_TIM1_Init) refers to main.o(i._Error_Handler) for _Error_Handler
    tim.o(i.MX_TIM1_Init) refers to stm32f7xx_hal_tim.o(i.HAL_TIM_ConfigClockSource) for HAL_TIM_ConfigClockSource
    tim.o(i.MX_TIM1_Init) refers to stm32f7xx_hal_tim_ex.o(i.HAL_TIMEx_MasterConfigSynchronization) for HAL_TIMEx_MasterConfigSynchronization
    tim.o(i.MX_TIM1_Init) refers to tim.o(.bss) for .bss
    tim.o(i.MX_TIM6_Init) refers to stm32f7xx_hal_tim.o(i.HAL_TIM_Base_Init) for HAL_TIM_Base_Init
    tim.o(i.MX_TIM6_Init) refers to main.o(i._Error_Handler) for _Error_Handler
    tim.o(i.MX_TIM6_Init) refers to stm32f7xx_hal_tim_ex.o(i.HAL_TIMEx_MasterConfigSynchronization) for HAL_TIMEx_MasterConfigSynchronization
    tim.o(i.MX_TIM6_Init) refers to tim.o(.bss) for .bss
    rtc.o(i.MX_RTC_Init) refers to stm32f7xx_hal_rtc.o(i.HAL_RTC_Init) for HAL_RTC_Init
    rtc.o(i.MX_RTC_Init) refers to main.o(i._Error_Handler) for _Error_Handler
    rtc.o(i.MX_RTC_Init) refers to rtc.o(.bss) for .bss
    quadspi.o(i.HAL_QSPI_MspDeInit) refers to stm32f7xx_hal_gpio.o(i.HAL_GPIO_DeInit) for HAL_GPIO_DeInit
    quadspi.o(i.HAL_QSPI_MspInit) refers to stm32f7xx_hal_gpio.o(i.HAL_GPIO_Init) for HAL_GPIO_Init
    quadspi.o(i.MX_QUADSPI_Init) refers to stm32f7xx_hal_qspi.o(i.HAL_QSPI_Init) for HAL_QSPI_Init
    quadspi.o(i.MX_QUADSPI_Init) refers to main.o(i._Error_Handler) for _Error_Handler
    quadspi.o(i.MX_QUADSPI_Init) refers to quadspi.o(.bss) for .bss
    dma.o(i.MX_DMA_Init) refers to stm32f7xx_hal_cortex.o(i.HAL_NVIC_SetPriority) for HAL_NVIC_SetPriority
    dma.o(i.MX_DMA_Init) refers to stm32f7xx_hal_cortex.o(i.HAL_NVIC_EnableIRQ) for HAL_NVIC_EnableIRQ
    stm32f7xx_hal_msp.o(i.HAL_MspInit) refers to stm32f7xx_hal_cortex.o(i.HAL_NVIC_SetPriorityGrouping) for HAL_NVIC_SetPriorityGrouping
    stm32f7xx_hal_msp.o(i.HAL_MspInit) refers to stm32f7xx_hal_cortex.o(i.HAL_NVIC_SetPriority) for HAL_NVIC_SetPriority
    stm32f7xx_it.o(i.DMA2_Stream0_IRQHandler) refers to stm32f7xx_hal_dma.o(i.HAL_DMA_IRQHandler) for HAL_DMA_IRQHandler
    stm32f7xx_it.o(i.DMA2_Stream0_IRQHandler) refers to adc.o(.bss) for hdma_adc1
    stm32f7xx_it.o(i.DMA2_Stream1_IRQHandler) refers to stm32f7xx_hal_dma.o(i.HAL_DMA_IRQHandler) for HAL_DMA_IRQHandler
    stm32f7xx_it.o(i.DMA2_Stream1_IRQHandler) refers to adc.o(.bss) for hdma_adc3
    stm32f7xx_it.o(i.DMA2_Stream2_IRQHandler) refers to stm32f7xx_hal_dma.o(i.HAL_DMA_IRQHandler) for HAL_DMA_IRQHandler
    stm32f7xx_it.o(i.DMA2_Stream2_IRQHandler) refers to adc.o(.bss) for hdma_adc2
    stm32f7xx_it.o(i.EXTI15_10_IRQHandler) refers to stm32f7xx_hal_gpio.o(i.HAL_GPIO_EXTI_IRQHandler) for HAL_GPIO_EXTI_IRQHandler
    stm32f7xx_it.o(i.EXTI15_10_IRQHandler) refers to main.o(.data) for incoming_data_flag
    stm32f7xx_it.o(i.SPI2_IRQHandler) refers to stm32f7xx_hal_spi.o(i.HAL_SPI_IRQHandler) for HAL_SPI_IRQHandler
    stm32f7xx_it.o(i.SPI2_IRQHandler) refers to spi.o(.bss) for hspi2
    stm32f7xx_it.o(i.SysTick_Handler) refers to stm32f7xx_hal.o(i.HAL_IncTick) for HAL_IncTick
    stm32f7xx_it.o(i.SysTick_Handler) refers to stm32f7xx_hal_cortex.o(i.HAL_SYSTICK_IRQHandler) for HAL_SYSTICK_IRQHandler
    stm32f7xx_it.o(i.SysTick_Handler) refers to uart_masterslave.o(i.uart_sysTickCallApp) for uart_sysTickCallApp
    stm32f7xx_it.o(i.SysTick_Handler) refers to spi_masterslave.o(i.spi_sysTickCallApp) for spi_sysTickCallApp
    stm32f7xx_it.o(i.TIM1_UP_TIM10_IRQHandler) refers to stm32f7xx_hal_tim.o(i.HAL_TIM_IRQHandler) for HAL_TIM_IRQHandler
    stm32f7xx_it.o(i.TIM1_UP_TIM10_IRQHandler) refers to tim.o(.bss) for htim1
    stm32f7xx_it.o(i.USART2_IRQHandler) refers to stm32f7xx_hal_uart.o(i.HAL_UART_IRQHandler) for HAL_UART_IRQHandler
    stm32f7xx_it.o(i.USART2_IRQHandler) refers to usart.o(.bss) for huart2
    adc.o(i.HAL_ADC_MspDeInit) refers to stm32f7xx_hal_gpio.o(i.HAL_GPIO_DeInit) for HAL_GPIO_DeInit
    adc.o(i.HAL_ADC_MspDeInit) refers to stm32f7xx_hal_dma.o(i.HAL_DMA_DeInit) for HAL_DMA_DeInit
    adc.o(i.HAL_ADC_MspInit) refers to stm32f7xx_hal_gpio.o(i.HAL_GPIO_Init) for HAL_GPIO_Init
    adc.o(i.HAL_ADC_MspInit) refers to stm32f7xx_hal_dma.o(i.HAL_DMA_Init) for HAL_DMA_Init
    adc.o(i.HAL_ADC_MspInit) refers to main.o(i._Error_Handler) for _Error_Handler
    adc.o(i.HAL_ADC_MspInit) refers to adc.o(.bss) for .bss
[...]
    i.MX_ADC2_Init                           0x080034cc   Section        0  adc.o(i.MX_ADC2_Init)
    i.MX_ADC3_Init                           0x0800359c   Section        0  adc.o(i.MX_ADC3_Init)
    i.MX_DMA_Init                            0x08003668   Section        0  dma.o(i.MX_DMA_Init)
    i.MX_GPIO_Init                           0x08003694   Section        0  gpio.o(i.MX_GPIO_Init)
    i.MX_QUADSPI_Init                        0x080038cc   Section        0  quadspi.o(i.MX_QUADSPI_Init)
    i.MX_RTC_Init                            0x08003920   Section        0  rtc.o(i.MX_RTC_Init)
    i.MX_SPI2_Init                           0x0800396c   Section        0  spi.o(i.MX_SPI2_Init)
    i.MX_TIM1_Init                           0x080039d0   Section        0  tim.o(i.MX_TIM1_Init)
    i.MX_TIM6_Init                           0x08003a50   Section        0  tim.o(i.MX_TIM6_Init)
    i.MX_USART2_UART_Init                    0x08003ab0   Section        0  usart.o(i.MX_USART2_UART_Init)
    i.MemManage_Handler                      0x08003b04   Section        0  stm32f7xx_it.o(i.MemManage_Handler)
    i.NMI_Handler                            0x08003b06   Section        0  stm32f7xx_it.o(i.NMI_Handler)
    i.PendSV_Handler                         0x08003b08   Section        0  stm32f7xx_it.o(i.PendSV_Handler)
    i.QSPI_WaitFlagStateUntilTimeout         0x08003b0a   Section        0  stm32f7xx_hal_qspi.o(i.QSPI_WaitFlagStateUntilTimeout)
    QSPI_WaitFlagStateUntilTimeout           0x08003b0b   Thumb Code    88  stm32f7xx_hal_qspi.o(i.QSPI_WaitFlagStateUntilTimeout)
    i.SPI2_IRQHandler                        0x08003b64   Section        0  stm32f7xx_it.o(i.SPI2_IRQHandler)
    i.SPI_DMAAbortOnError                    0x08003b70   Section        0  stm32f7xx_hal_spi.o(i.SPI_DMAAbortOnError)
    SPI_DMAAbortOnError                      0x08003b71   Thumb Code    18  stm32f7xx_hal_spi.o(i.SPI_DMAAbortOnError)
    i.SVC_Handler                            0x08003b82   Section        0  stm32f7xx_it.o(i.SVC_Handler)
    i.SysTick_Handler                        0x08003b84   Section        0  stm32f7xx_it.o(i.SysTick_Handler)
    i.SystemClock_Config                     0x08003b9c   Section        0  main.o(i.SystemClock_Config)
    i.SystemInit                             0x08003c60   Section        0  system_stm32f7xx.o(i.SystemInit)
    i.TIM1_UP_TIM10_IRQHandler               0x08003cc0   Section        0  stm32f7xx_it.o(i.TIM1_UP_TIM10_IRQHandler)
    i.TIM_Base_SetConfig                     0x08003ccc   Section        0  stm32f7xx_hal_tim.o(i.TIM_Base_SetConfig)
    i.UART_AdvFeatureConfig                  0x08003d94   Section        0  stm32f7xx_hal_uart.o(i.UART_AdvFeatureConfig)
    i.UART_CheckIdleState                    0x08003e6e   Section        0  stm32f7xx_hal_uart.o(i.UART_CheckIdleState)
    i.UART_DMAAbortOnError                   0x08003eb2   Section        0  stm32f7xx_hal_uart.o(i.UART_DMAAbortOnError)
    UART_DMAAbortOnError                     0x08003eb3   Thumb Code    20  stm32f7xx_hal_uart.o(i.UART_DMAAbortOnError)
    i.UART_SetConfig                         0x08003ec8   Section        0  stm32f7xx_hal_uart.o(i.UART_SetConfig)
    i.UART_WaitOnFlagUntilTimeout            0x08004184   Section        0  stm32f7xx_hal_uart.o(i.UART_WaitOnFlagUntilTimeout)
    i.USART2_IRQHandler                      0x080041fc   Section        0  stm32f7xx_it.o(i.USART2_IRQHandler)
    i.UsageFault_Handler                     0x08004208   Section        0  stm32f7xx_it.o(i.UsageFault_Handler)
    i._Error_Handler                         0x0800420a   Section        0  main.o(i._Error_Handler)
    i.__hardfp_sqrtf                         0x0800420c   Section        0  sqrtf.o(i.__hardfp_sqrtf)
    i.__scatterload_copy                     0x08004246   Section       14  handlers.o(i.__scatterload_copy)
    i.__scatterload_null                     0x08004254   Section        2  handlers.o(i.__scatterload_null)
    i.__scatterload_zeroinit                 0x08004256   Section       14  handlers.o(i.__scatterload_zeroinit)
    i.__set_errno                            0x08004264   Section        0  errno.o(i.__set_errno)
    i.alarms                                 0x08004270   Section        0  alarms.o(i.alarms)
    i.boardIO                                0x08004330   Section        0  boardio.o(i.boardIO)
    i.bulkFlashRead                          0x0800457c   Section        0  fdatahandling.o(i.bulkFlashRead)
    i.bulkFlashWrite                         0x08004674   Section        0  fdatahandling.o(i.bulkFlashWrite)
    i.fc27_init                              0x080047b8   Section        0  fc27.o(i.fc27_init)
    i.fc37_init                              0x080047d8   Section        0  fc37.o(i.fc37_init)
    i.fc46_init                              0x080047f8   Section        0  fc46.o(i.fc46_init)
    i.fc49_init                              0x0800483c   Section        0  fc49.o(i.fc49_init)
    i.fc50N_init                             0x08004894   Section        0  fc50n.o(i.fc50N_init)
    i.fc50_init                              0x080048b4   Section        0  fc50.o(i.fc50_init)
    i.fc51N_init                             0x080048e4   Section        0  fc51n.o(i.fc51N_init)
    i.fc51_init                              0x08004920   Section        0  fc51.o(i.fc51_init)
    i.fc59_init                              0x0800496c   Section        0  fc59.o(i.fc59_init)
    i.fcBF_init                              0x08004988   Section        0  fcbf.o(i.fcBF_init)
    i.fcPVP_init                             0x080049a4   Section        0  fcpvp.o(i.fcPVP_init)
    i.fcUNB_init                             0x080049c0   Section        0  fcunb.o(i.fcUNB_init)
    i.flashDataCheckStartup                  0x080049f4   Section        0  fdatahandling.o(i.flashDataCheckStartup)
    i.flashDataWriteChecking                 0x08004a34   Section        0  fdatahandling.o(i.flashDataWriteChecking)
    i.initFunctions                          0x08004a94   Section        0  initfunctions.o(i.initFunctions)
    i.init_conversion                        0x08004ad4   Section        0  conversion.o(i.init_conversion)
    i.init_protection                        0x08004ba4   Section        0  init_protection.o(i.init_protection)
    i.main                                   0x080052ec   Section        0  main.o(i.main)
    i.main_flow                              0x0800544c   Section        0  main_flow.o(i.main_flow)
    i.maxSelector_3p                         0x0800545e   Section        0  protection_functions.o(i.maxSelector_3p)
    i.off_delay                              0x08005468   Section        0  protection_functions.o(i.off_delay)
    i.on_delay                               0x080054aa   Section        0  protection_functions.o(i.on_delay)
    i.on_off_delay                           0x080054ea   Section        0  protection_functions.o(i.on_off_delay)
    i.pick_trip_reset_handles                0x08005516   Section        0  pickup_handles.o(i.pick_trip_reset_handles)
    i.pick_up_handles                        0x08005528   Section        0  pickup_handles.o(i.pick_up_handles)
    i.prefilter_oc                           0x08005a40   Section        0  measurement_functions.o(i.prefilter_oc)
    i.pullDataFromMaster                     0x08005a74   Section        0  configparams.o(i.pullDataFromMaster)
    i.pushDataToMaster                       0x08005da4   Section        0  commparams.o(i.pushDataToMaster)
    i.reset_handles                          0x08006550   Section        0  pickup_handles.o(i.reset_handles)
    i.spi_initComApp                         0x080067e4   Section        0  spi_masterslave.o(i.spi_initComApp)
    i.spi_sysTickCallApp                     0x080067e8   Section        0  spi_masterslave.o(i.spi_sysTickCallApp)
    i.trip_handles                           0x0800682c   Section        0  pickup_handles.o(i.trip_handles)
    i.uart_initComApp                        0x08006c38   Section        0  uart_masterslave.o(i.uart_initComApp)
    i.uart_sysTickCallApp                    0x08006c4c   Section        0  uart_masterslave.o(i.uart_sysTickCallApp)
    .constdata                               0x08006c8c   Section        8  stm32f7xx_hal_dma.o(.constdata)
    flagBitshiftOffset                       0x08006c8c   Data           8  stm32f7xx_hal_dma.o(.constdata)
    .constdata                               0x08006c94   Section       16  fc50.o(.constdata)
    .constdata                               0x08006ca4   Section       16  fc50n.o(.constdata)
    .constdata                               0x08006cb4   Section       20  fc51.o(.constdata)
    .constdata                               0x08006cc8   Section       20  fc51n.o(.constdata)
    .constdata                               0x08006cdc   Section       12  fc27.o(.constdata)
    .constdata                               0x08006ce8   Section       12  fc59.o(.constdata)
    .constdata                               0x08006cf4   Section       36  fc46.o(.constdata)
    .constdata                               0x08006d18   Section       24  fc49.o(.constdata)
    .constdata                               0x08006d30   Section       24  fcbf.o(.constdata)
    .constdata                               0x08006d48   Section       12  fc37.o(.constdata)
    .constdata                               0x08006d54   Section       20  fcunb.o(.constdata)
    .constdata                               0x08006d68   Section       32  fcpvp.o(.constdata)
    .constdata                               0x08006d88   Section       16  system_stm32f7xx.o(.constdata)
    .constdata                               0x08006d98   Section        8  system_stm32f7xx.o(.constdata)
    .data                                    0x20000000   Section        8  main.o(.data)
    .data                                    0x20000008   Section       12  stm32f7xx_hal.o(.data)
    .data                                    0x20000014   Section      108  init_protection.o(.data)
    .data                                    0x20000080   Section       24  fc27.o(.data)
    cs_qual                                  0x20000080   Data           1  fc27.o(.data)
    cs_counter                               0x20000084   Data           4  fc27.o(.data)
    .data                                    0x20000098   Section       56  fc49.o(.data)
    .data                                    0x200000d0   Section       24  fc37.o(.data)
    .data                                    0x200000e8   Section       24  fcunb.o(.data)
    passed                                   0x200000e8   Data           1  fcunb.o(.data)
    counter                                  0x200000e9   Data           1  fcunb.o(.data)
    time_out_counter                         0x200000f4   Data           4  fcunb.o(.data)
    .data                                    0x20000100   Section        2  pickup_handles.o(.data)
    pick_up_counter                          0x20000101   Data           1  pickup_handles.o(.data)
    .data                                    0x20000104   Section       12  alarms.o(.data)
    ENalarm                                  0x20000104   Data           1  alarms.o(.data)
    ENalarm_counter                          0x2000010c   Data           4  alarms.o(.data)
    .data                                    0x20000110   Section       20  conversion.o(.data)
    count                                    0x20000118   Data           4  conversion.o(.data)
    sum                                      0x2000011c   Data           4  conversion.o(.data)
    x                                        0x20000120   Data           4  conversion.o(.data)
    .data                                    0x20000124   Section        8  boardio.o(.data)
    .data                                    0x2000012c   Section       12  configparams.o(.data)
    .data                                    0x20000138   Section        4  system_stm32f7xx.o(.data)
    .data                                    0x2000013c   Section       12  fdatahandling.o(.data)
    .data                                    0x20000148   Section        4  errno.o(.data)
    _errno                                   0x20000148   Data           4  errno.o(.data)
    .bss                                     0x2000014c   Section      128  tim.o(.bss)
    .bss                                     0x200001cc   Section       32  rtc.o(.bss)
    .bss                                     0x200001ec   Section       76  quadspi.o(.bss)
    .bss                                     0x20000238   Section      504  adc.o(.bss)
    .bss                                     0x20000430   Section       60  main.o(.bss)
    .bss                                     0x2000046c   Section      112  usart.o(.bss)
    .bss                                     0x200004dc   Section      100  spi.o(.bss)
    .bss                                     0x20000540   Section       28  stm32f7xx_hal_flash.o(.bss)
    .bss                                     0x2000055c   Section      116  init_protection.o(.bss)
    .bss                                     0x200005d0   Section      204  fc50.o(.bss)
    .bss                                     0x2000069c   Section       84  fc50n.o(.bss)
    .bss                                     0x200006f0   Section       76  fc51.o(.bss)
    .bss                                     0x2000073c   Section       32  fc51n.o(.bss)
    .bss                                     0x2000075c   Section       24  fc27.o(.bss)
    .bss                                     0x20000774   Section       96  fc59.o(.bss)
    .bss                                     0x200007d4   Section       68  fc46.o(.bss)
    .bss                                     0x20000818   Section       40  fc49.o(.bss)
    .bss                                     0x20000840   Section       36  fcbf.o(.bss)
    .bss                                     0x20000864   Section       24  fc37.o(.bss)
    .bss                                     0x2000087c   Section      268  fcunb.o(.bss)
    UNBa_buffer                              0x200008b4   Data         100  fcunb.o(.bss)
    UNBb_buffer                              0x20000918   Data         100  fcunb.o(.bss)
    .bss                                     0x20000988   Section       16  fcunb.o(.bss)
    .bss                                     0x20000998   Section     2504  fcpvp.o(.bss)
    peakBuffer                               0x20000e90   Data        1200  fcpvp.o(.bss)
    .bss                                     0x20001360   Section      296  pickup_handles.o(.bss)
    pick_buffer                              0x20001390   Data         248  pickup_handles.o(.bss)
    .bss                                     0x20001488   Section       16  alarms.o(.bss)
    alarm_counters                           0x20001488   Data          16  alarms.o(.bss)
    .bss                                     0x20001498   Section     8756  cs_handles.o(.bss)
    .bss                                     0x200036cc   Section     4152  truerms.o(.bss)
    .bss                                     0x20004704   Section     1116  spectra.o(.bss)
    .bss                                     0x20004b60   Section      532  conversion.o(.bss)
    .bss                                     0x20004d74   Section       36  powersysdata.o(.bss)
    .bss                                     0x20004d98   Section     6032  spi_masterslave.o(.bss)
    .bss                                     0x20006528   Section     3008  uart_masterslave.o(.bss)
    .bss                                     0x200070e8   Section       20  fdatahandling.o(.bss)
    EraseInitStruct                          0x200070e8   Data          20  fdatahandling.o(.bss)
    STACK                                    0x20007100   Section     1024  startup_stm32f767xx.o(STACK)

    Global Symbols

    Symbol Name                              Value     Ov Type        Size  Object(Section)

    BuildAttributes$$THM_ISAv4$E$P$D$K$B$S$7EM$VFPv5_D16$PE$PLD8$A:L22UL41UL21$X:L11$S22US41US21$IEEE1$IW$USESV6$~STKCKD$USESV7$~SHL$OTIME$ROPI$IEEEX$EBA8$MICROLIB$REQ8$PRES8$EABIv2 0x00000000   Number         0  anon$$obj.o ABSOLUTE
    __ARM_use_no_argv                        0x00000000   Number         0  main.o ABSOLUTE
    __cpp_initialize__aeabi_                  - Undefined Weak Reference
    __cxa_finalize                            - Undefined Weak Reference
    _clock_init                               - Undefined Weak Reference
    _microlib_exit                            - Undefined Weak Reference
    __Vectors_Size                           0x000001f8   Number         0  startup_stm32f767xx.o ABSOLUTE
    __Vectors                                0x08000000   Data           4  startup_stm32f767xx.o(RESET)
    __Vectors_End                            0x080001f8   Data           0  startup_stm32f767xx.o(RESET)
    __main                                   0x080001f9   Thumb Code     0  entry.o(.ARM.Collect$$$$00000000)
    _main_stk                                0x080001f9   Thumb Code     0  entry2.o(.ARM.Collect$$$$00000001)
    _main_scatterload                        0x080001fd   Thumb Code     0  entry5.o(.ARM.Collect$$$$00000004)
    __main_after_scatterload                 0x08000201   Thumb Code     0  entry5.o(.ARM.Collect$$$$00000004)
    _main_clock                              0x08000201   Thumb Code     0  entry7b.o(.ARM.Collect$$$$00000008)
    _main_cpp_init                           0x08000201   Thumb Code     0  entry8b.o(.ARM.Collect$$$$0000000A)
    _main_init                               0x08000201   Thumb Code     0  entry9a.o(.ARM.Collect$$$$0000000B)
    __rt_final_cpp                           0x08000209   Thumb Code     0  entry10a.o(.ARM.Collect$$$$0000000D)
    __rt_final_exit                          0x08000209   Thumb Code     0  entry11a.o(.ARM.Collect$$$$0000000F)
    Reset_Handler                            0x0800020d   Thumb Code     8  startup_stm32f767xx.o(.text)
    ADC_IRQHandler                           0x08000227   Thumb Code     0  startup_stm32f767xx.o(.text)
    CAN1_RX0_IRQHandler                      0x08000227   Thumb Code     0  startup_stm32f767xx.o(.text)
    CAN1_RX1_IRQHandler                      0x08000227   Thumb Code     0  startup_stm32f767xx.o(.text)
    CAN1_SCE_IRQHandler                      0x08000227   Thumb Code     0  startup_stm32f767xx.o(.text)
    CAN1_TX_IRQHandler                       0x08000227   Thumb Code     0  startup_stm32f767xx.o(.text)
    CAN2_RX0_IRQHandler                      0x08000227   Thumb Code     0  startup_stm32f767xx.o(.text)
    CAN2_RX1_IRQHandler                      0x08000227   Thumb Code     0  startup_stm32f767xx.o(.text)
    CAN2_SCE_IRQHandler                      0x08000227   Thumb Code     0  startup_stm32f767xx.o(.text)
    CAN2_TX_IRQHandler                       0x08000227   Thumb Code     0  startup_stm32f767xx.o(.text)
    CAN3_RX0_IRQHandler                      0x08000227   Thumb Code     0  startup_stm32f767xx.o(.text)
    CAN3_RX1_IRQHandler                      0x08000227   Thumb Code     0  startup_stm32f767xx.o(.text)
    CAN3_SCE_IRQHandler                      0x08000227   Thumb Code     0  startup_stm32f767xx.o(.text)
    CAN3_TX_IRQHandler                       0x08000227   Thumb Code     0  startup_stm32f767xx.o(.text)
    CEC_IRQHandler                           0x08000227   Thumb Code     0  startup_stm32f767xx.o(.text)
    DCMI_IRQHandler                          0x08000227   Thumb Code     0  startup_stm32f767xx.o(.text)
    DFSDM1_FLT0_IRQHandler                   0x08000227   Thumb Code     0  startup_stm32f767xx.o(.text)
    DFSDM1_FLT1_IRQHandler                   0x08000227   Thumb Code     0  startup_stm32f767xx.o(.text)
    DFSDM1_FLT2_IRQHandler                   0x08000227   Thumb Code     0  startup_stm32f767xx.o(.text)
    DFSDM1_FLT3_IRQHandler                   0x08000227   Thumb Code     0  startup_stm32f767xx.o(.text)
    DMA1_Stream0_IRQHandler                  0x08000227   Thumb Code     0  startup_stm32f767xx.o(.text)
    DMA1_Stream1_IRQHandler                  0x08000227   Thumb Code     0  startup_stm32f767xx.o(.text)
    DMA1_Stream2_IRQHandler                  0x08000227   Thumb Code     0  startup_stm32f767xx.o(.text)
    DMA1_Stream3_IRQHandler                  0x08000227   Thumb Code     0  startup_stm32f767xx.o(.text)
    DMA1_Stream4_IRQHandler                  0x08000227   Thumb Code     0  startup_stm32f767xx.o(.text)
    DMA1_Stream5_IRQHandler                  0x08000227   Thumb Code     0  startup_stm32f767xx.o(.text)
    DMA1_Stream6_IRQHandler                  0x08000227   Thumb Code     0  startup_stm32f767xx.o(.text)
    DMA1_Stream7_IRQHandler                  0x08000227   Thumb Code     0  startup_stm32f767xx.o(.text)
    DMA2D_IRQHandler                         0x08000227   Thumb Code     0  startup_stm32f767xx.o(.text)
    DMA2_Stream3_IRQHandler                  0x08000227   Thumb Code     0  startup_stm32f767xx.o(.text)
    DMA2_Stream4_IRQHandler                  0x08000227   Thumb Code     0  startup_stm32f767xx.o(.text)
    DMA2_Stream5_IRQHandler                  0x08000227   Thumb Code     0  startup_stm32f767xx.o(.text)
    DMA2_Stream6_IRQHandler                  0x08000227   Thumb Code     0  startup_stm32f767xx.o(.text)
    DMA2_Stream7_IRQHandler                  0x08000227   Thumb Code     0  startup_stm32f767xx.o(.text)
    ETH_IRQHandler                           0x08000227   Thumb Code     0  startup_stm32f767xx.o(.text)
    ETH_WKUP_IRQHandler                      0x08000227   Thumb Code     0  startup_stm32f767xx.o(.text)
    EXTI0_IRQHandler                         0x08000227   Thumb Code     0  startup_stm32f767xx.o(.text)
    EXTI1_IRQHandler                         0x08000227   Thumb Code     0  startup_stm32f767xx.o(.text)
    EXTI2_IRQHandler                         0x08000227   Thumb Code     0  startup_stm32f767xx.o(.text)
    EXTI3_IRQHandler                         0x08000227   Thumb Code     0  startup_stm32f767xx.o(.text)
    EXTI4_IRQHandler                         0x08000227   Thumb Code     0  startup_stm32f767xx.o(.text)
    EXTI9_5_IRQHandler                       0x08000227   Thumb Code     0  startup_stm32f767xx.o(.text)
    FLASH_IRQHandler                         0x08000227   Thumb Code     0  startup_stm32f767xx.o(.text)
    FMC_IRQHandler                           0x08000227   Thumb Code     0  startup_stm32f767xx.o(.text)
    FPU_IRQHandler                           0x08000227   Thumb Code     0  startup_stm32f767xx.o(.text)
    I2C1_ER_IRQHandler                       0x08000227   Thumb Code     0  startup_stm32f767xx.o(.text)
    I2C1_EV_IRQHandler                       0x08000227   Thumb Code     0  startup_stm32f767xx.o(.text)
    I2C2_ER_IRQHandler                       0x08000227   Thumb Code     0  startup_stm32f767xx.o(.text)
    I2C2_EV_IRQHandler                       0x08000227   Thumb Code     0  startup_stm32f767xx.o(.text)
    I2C3_ER_IRQHandler                       0x08000227   Thumb Code     0  startup_stm32f767xx.o(.text)
    I2C3_EV_IRQHandler                       0x08000227   Thumb Code     0  startup_stm32f767xx.o(.text)
    I2C4_ER_IRQHandler                       0x08000227   Thumb Code     0  startup_stm32f767xx.o(.text)
    I2C4_EV_IRQHandler                       0x08000227   Thumb Code     0  startup_stm32f767xx.o(.text)
    JPEG_IRQHandler                          0x08000227   Thumb Code     0  startup_stm32f767xx.o(.text)
    LPTIM1_IRQHandler                        0x08000227   Thumb Code     0  startup_stm32f767xx.o(.text)
    LTDC_ER_IRQHandler                       0x08000227   Thumb Code     0  startup_stm32f767xx.o(.text)
    LTDC_IRQHandler                          0x08000227   Thumb Code     0  startup_stm32f767xx.o(.text)
    MDIOS_IRQHandler                         0x08000227   Thumb Code     0  startup_stm32f767xx.o(.text)
    OTG_FS_IRQHandler                        0x08000227   Thumb Code     0  startup_stm32f767xx.o(.text)
    OTG_FS_WKUP_IRQHandler                   0x08000227   Thumb Code     0  startup_stm32f767xx.o(.text)
    OTG_HS_EP1_IN_IRQHandler                 0x08000227   Thumb Code     0  startup_stm32f767xx.o(.text)
    OTG_HS_EP1_OUT_IRQHandler                0x08000227   Thumb Code     0  startup_stm32f767xx.o(.text)
    OTG_HS_IRQHandler                        0x08000227   Thumb Code     0  startup_stm32f767xx.o(.text)
    OTG_HS_WKUP_IRQHandler                   0x08000227   Thumb Code     0  startup_stm32f767xx.o(.text)
    PVD_IRQHandler                           0x08000227   Thumb Code     0  startup_stm32f767xx.o(.text)
    QUADSPI_IRQHandler                       0x08000227   Thumb Code     0  startup_stm32f767xx.o(.text)
    RCC_IRQHandler                           0x08000227   Thumb Code     0  startup_stm32f767xx.o(.text)
    RNG_IRQHandler                           0x08000227   Thumb Code     0  startup_stm32f767xx.o(.text)
    RTC_Alarm_IRQHandler                     0x08000227   Thumb Code     0  startup_stm32f767xx.o(.text)
    RTC_WKUP_IRQHandler                      0x08000227   Thumb Code     0  startup_stm32f767xx.o(.text)
    SAI1_IRQHandler                          0x08000227   Thumb Code     0  startup_stm32f767xx.o(.text)
    SAI2_IRQHandler                          0x08000227   Thumb Code     0  startup_stm32f767xx.o(.text)
    SDMMC1_IRQHandler                        0x08000227   Thumb Code     0  startup_stm32f767xx.o(.text)
    SDMMC2_IRQHandler                        0x08000227   Thumb Code     0  startup_stm32f767xx.o(.text)
    SPDIF_RX_IRQHandler                      0x08000227   Thumb Code     0  startup_stm32f767xx.o(.text)
    SPI1_IRQHandler                          0x08000227   Thumb Code     0  startup_stm32f767xx.o(.text)
    SPI3_IRQHandler                          0x08000227   Thumb Code     0  startup_stm32f767xx.o(.text)
    SPI4_IRQHandler                          0x08000227   Thumb Code     0  startup_stm32f767xx.o(.text)
    SPI5_IRQHandler                          0x08000227   Thumb Code     0  startup_stm32f767xx.o(.text)
    SPI6_IRQHandler                          0x08000227   Thumb Code     0  startup_stm32f767xx.o(.text)
    TAMP_STAMP_IRQHandler                    0x08000227   Thumb Code     0  startup_stm32f767xx.o(.text)
    TIM1_BRK_TIM9_IRQHandler                 0x08000227   Thumb Code     0  startup_stm32f767xx.o(.text)
    TIM1_CC_IRQHandler                       0x08000227   Thumb Code     0  startup_stm32f767xx.o(.text)
    TIM1_TRG_COM_TIM11_IRQHandler            0x08000227   Thumb Code     0  startup_stm32f767xx.o(.text)
    TIM2_IRQHandler                          0x08000227   Thumb Code     0  startup_stm32f767xx.o(.text)
    TIM3_IRQHandler                          0x08000227   Thumb Code     0  startup_stm32f767xx.o(.text)
    TIM4_IRQHandler                          0x08000227   Thumb Code     0  startup_stm32f767xx.o(.text)
    TIM5_IRQHandler                          0x08000227   Thumb Code     0  startup_stm32f767xx.o(.text)
    TIM6_DAC_IRQHandler                      0x08000227   Thumb Code     0  startup_stm32f767xx.o(.text)
    TIM7_IRQHandler                          0x08000227   Thumb Code     0  startup_stm32f767xx.o(.text)
    TIM8_BRK_TIM12_IRQHandler                0x08000227   Thumb Code     0  startup_stm32f767xx.o(.text)
    TIM8_CC_IRQHandler                       0x08000227   Thumb Code     0  startup_stm32f767xx.o(.text)
    TIM8_TRG_COM_TIM14_IRQHandler            0x08000227   Thumb Code     0  startup_stm32f767xx.o(.text)
    TIM8_UP_TIM13_IRQHandler                 0x08000227   Thumb Code     0  startup_stm32f767xx.o(.text)
    UART4_IRQHandler                         0x08000227   Thumb Code     0  startup_stm32f767xx.o(.text)
    UART5_IRQHandler                         0x08000227   Thumb Code     0  startup_stm32f767xx.o(.text)
    UART7_IRQHandler                         0x08000227   Thumb Code     0  startup_stm32f767xx.o(.text)
    UART8_IRQHandler                         0x08000227   Thumb Code     0  startup_stm32f767xx.o(.text)
    USART1_IRQHandler                        0x08000227   Thumb Code     0  startup_stm32f767xx.o(.text)
    USART3_IRQHandler                        0x08000227   Thumb Code     0  startup_stm32f767xx.o(.text)
    USART6_IRQHandler                        0x08000227   Thumb Code     0  startup_stm32f767xx.o(.text)
    WWDG_IRQHandler                          0x08000227   Thumb Code     0  startup_stm32f767xx.o(.text)
    __aeabi_uldivmod                         0x08000231   Thumb Code    98  uldiv.o(.text)
    __aeabi_llsl                             0x08000293   Thumb Code    30  llshl.o(.text)
    _ll_shift_l                              0x08000293   Thumb Code     0  llshl.o(.text)
    __aeabi_llsr                             0x080002b1   Thumb Code    32  llushr.o(.text)
    _ll_ushift_r                             0x080002b1   Thumb Code     0  llushr.o(.text)
    __I$use$fp                               0x080002d1   Thumb Code     0  iusefp.o(.text)
    __scatterload                            0x080002d1   Thumb Code    28  init.o(.text)
    __scatterload_rt2                        0x080002d1   Thumb Code     0  init.o(.text)
    __decompress                             0x080002f5   Thumb Code     0  __dczerorl.o(.text)
    __decompress0                            0x080002f5   Thumb Code    58  __dczerorl.o(.text)
    BusFault_Handler                         0x080003a7   Thumb Code     2  stm32f7xx_it.o(i.BusFault_Handler)
    DMA2_Stream0_IRQHandler                  0x080003a9   Thumb Code     6  stm32f7xx_it.o(i.DMA2_Stream0_IRQHandler)
    DMA2_Stream1_IRQHandler                  0x080003b5   Thumb Code     6  stm32f7xx_it.o(i.DMA2_Stream1_IRQHandler)
    DMA2_Stream2_IRQHandler                  0x080003c1   Thumb Code     6  stm32f7xx_it.o(i.DMA2_Stream2_IRQHandler)
    DebugMon_Handler                         0x080003cd   Thumb Code     2  stm32f7xx_it.o(i.DebugMon_Handler)
    EXTI15_10_IRQHandler                     0x080003d1   Thumb Code    12  stm32f7xx_it.o(i.EXTI15_10_IRQHandler)
    FLASH_WaitForLastOperation               0x080003e1   Thumb Code   174  stm32f7xx_hal_flash.o(i.FLASH_WaitForLastOperation)
    HAL_ADCEx_MultiModeConfigChannel         0x08000499   Thumb Code   116  stm32f7xx_hal_adc_ex.o(i.HAL_ADCEx_MultiModeConfigChannel)
    HAL_ADCEx_MultiModeStart_DMA             0x08000511   Thumb Code   330  stm32f7xx_hal_adc_ex.o(i.HAL_ADCEx_MultiModeStart_DMA)
    HAL_ADC_ConfigChannel                    0x08000679   Thumb Code   442  stm32f7xx_hal_adc.o(i.HAL_ADC_ConfigChannel)
    HAL_ADC_ConvCpltCallback                 0x08000845   Thumb Code   734  conversion.o(i.HAL_ADC_ConvCpltCallback)
    HAL_ADC_ConvHalfCpltCallback             0x08000b35   Thumb Code     2  stm32f7xx_hal_adc.o(i.HAL_ADC_ConvHalfCpltCallback)
    HAL_ADC_ErrorCallback                    0x08000b37   Thumb Code     2  stm32f7xx_hal_adc.o(i.HAL_ADC_ErrorCallback)
    HAL_ADC_Init                             0x08000b39   Thumb Code   368  stm32f7xx_hal_adc.o(i.HAL_ADC_Init)
    HAL_ADC_MspInit                          0x08000cb5   Thumb Code   350  adc.o(i.HAL_ADC_MspInit)
    HAL_ADC_Start                            0x08000e51   Thumb Code   260  stm32f7xx_hal_adc.o(i.HAL_ADC_Start)
    HAL_DMA_Abort_IT                         0x08000f61   Thumb Code    36  stm32f7xx_hal_dma.o(i.HAL_DMA_Abort_IT)
    HAL_DMA_IRQHandler                       0x08000f85   Thumb Code   466  stm32f7xx_hal_dma.o(i.HAL_DMA_IRQHandler)
    HAL_DMA_Init                             0x0800115d   Thumb Code   350  stm32f7xx_hal_dma.o(i.HAL_DMA_Init)
    HAL_DMA_Start_IT                         0x080012c9   Thumb Code   156  stm32f7xx_hal_dma.o(i.HAL_DMA_Start_IT)
    HAL_FLASHEx_Erase                        0x08001365   Thumb Code   284  stm32f7xx_hal_flash_ex.o(i.HAL_FLASHEx_Erase)
    HAL_FLASH_Lock                           0x08001489   Thumb Code    14  stm32f7xx_hal_flash.o(i.HAL_FLASH_Lock)
    HAL_FLASH_Program                        0x0800149d   Thumb Code   212  stm32f7xx_hal_flash.o(i.HAL_FLASH_Program)
    HAL_FLASH_Unlock                         0x08001579   Thumb Code    40  stm32f7xx_hal_flash.o(i.HAL_FLASH_Unlock)
    HAL_GPIO_EXTI_Callback                   0x080015b1   Thumb Code     2  main.o(i.HAL_GPIO_EXTI_Callback)
    HAL_GPIO_EXTI_IRQHandler                 0x080015b5   Thumb Code    20  stm32f7xx_hal_gpio.o(i.HAL_GPIO_EXTI_IRQHandler)
    HAL_GPIO_Init                            0x080015cd   Thumb Code   572  stm32f7xx_hal_gpio.o(i.HAL_GPIO_Init)
    HAL_GPIO_ReadPin                         0x0800181d   Thumb Code    10  stm32f7xx_hal_gpio.o(i.HAL_GPIO_ReadPin)
    HAL_GPIO_WritePin                        0x08001827   Thumb Code    10  stm32f7xx_hal_gpio.o(i.HAL_GPIO_WritePin)
    HAL_GetTick                              0x08001831   Thumb Code     6  stm32f7xx_hal.o(i.HAL_GetTick)
    HAL_IncTick                              0x0800183d   Thumb Code    12  stm32f7xx_hal.o(i.HAL_IncTick)
    HAL_Init                                 0x0800184d   Thumb Code    22  stm32f7xx_hal.o(i.HAL_Init)
    HAL_InitTick                             0x08001865   Thumb Code    54  stm32f7xx_hal.o(i.HAL_InitTick)
    HAL_MspInit                              0x080018a5   Thumb Code    88  stm32f7xx_hal_msp.o(i.HAL_MspInit)
    HAL_NVIC_EnableIRQ                       0x080018fd   Thumb Code    24  stm32f7xx_hal_cortex.o(i.HAL_NVIC_EnableIRQ)
    HAL_NVIC_SetPriority                     0x08001915   Thumb Code    92  stm32f7xx_hal_cortex.o(i.HAL_NVIC_SetPriority)
    HAL_NVIC_SetPriorityGrouping             0x08001975   Thumb Code    30  stm32f7xx_hal_cortex.o(i.HAL_NVIC_SetPriorityGrouping)
    HAL_PWREx_EnableOverDrive                0x08001999   Thumb Code   116  stm32f7xx_hal_pwr_ex.o(i.HAL_PWREx_EnableOverDrive)
    HAL_QSPI_Init                            0x08001a15   Thumb Code   200  stm32f7xx_hal_qspi.o(i.HAL_QSPI_Init)
    HAL_QSPI_MspInit                         0x08001ae1   Thumb Code   118  quadspi.o(i.HAL_QSPI_MspInit)
    HAL_RCCEx_PeriphCLKConfig                0x08001b69   Thumb Code  1496  stm32f7xx_hal_rcc_ex.o(i.HAL_RCCEx_PeriphCLKConfig)
    HAL_RCC_ClockConfig                      0x08002145   Thumb Code   426  stm32f7xx_hal_rcc.o(i.HAL_RCC_ClockConfig)
    HAL_RCC_GetHCLKFreq                      0x08002311   Thumb Code     6  stm32f7xx_hal_rcc.o(i.HAL_RCC_GetHCLKFreq)
    HAL_RCC_GetPCLK1Freq                     0x0800231d   Thumb Code    20  stm32f7xx_hal_rcc.o(i.HAL_RCC_GetPCLK1Freq)
    HAL_RCC_GetPCLK2Freq                     0x0800233d   Thumb Code    20  stm32f7xx_hal_rcc.o(i.HAL_RCC_GetPCLK2Freq)
    HAL_RCC_GetSysClockFreq                  0x0800235d   Thumb Code    98  stm32f7xx_hal_rcc.o(i.HAL_RCC_GetSysClockFreq)
    HAL_RCC_OscConfig                        0x080023d1   Thumb Code   928  stm32f7xx_hal_rcc.o(i.HAL_RCC_OscConfig)
    HAL_RTC_Init                             0x08002791   Thumb Code   202  stm32f7xx_hal_rtc.o(i.HAL_RTC_Init)
    HAL_RTC_MspInit                          0x0800285d   Thumb Code    26  rtc.o(i.HAL_RTC_MspInit)
    HAL_SPI_ErrorCallback                    0x0800287d   Thumb Code     2  stm32f7xx_hal_spi.o(i.HAL_SPI_ErrorCallback)
    HAL_SPI_IRQHandler                       0x08002881   Thumb Code   242  stm32f7xx_hal_spi.o(i.HAL_SPI_IRQHandler)
    HAL_SPI_Init                             0x08002979   Thumb Code   210  stm32f7xx_hal_spi.o(i.HAL_SPI_Init)
    HAL_SPI_MspInit                          0x08002a4d   Thumb Code    90  spi.o(i.HAL_SPI_MspInit)
    HAL_SYSTICK_CLKSourceConfig              0x08002ab1   Thumb Code    22  stm32f7xx_hal_cortex.o(i.HAL_SYSTICK_CLKSourceConfig)
    HAL_SYSTICK_Callback                     0x08002ac7   Thumb Code     2  stm32f7xx_hal_cortex.o(i.HAL_SYSTICK_Callback)
    HAL_SYSTICK_Config                       0x08002ac9   Thumb Code    36  stm32f7xx_hal_cortex.o(i.HAL_SYSTICK_Config)
    HAL_SYSTICK_IRQHandler                   0x08002af1   Thumb Code     8  stm32f7xx_hal_cortex.o(i.HAL_SYSTICK_IRQHandler)
    HAL_TIMEx_BreakCallback                  0x08002af9   Thumb Code     2  stm32f7xx_hal_tim_ex.o(i.HAL_TIMEx_BreakCallback)
    HAL_TIMEx_CommutationCallback            0x08002afb   Thumb Code     2  stm32f7xx_hal_tim_ex.o(i.HAL_TIMEx_CommutationCallback)
    HAL_TIMEx_MasterConfigSynchronization    0x08002afd   Thumb Code    94  stm32f7xx_hal_tim_ex.o(i.HAL_TIMEx_MasterConfigSynchronization)
    HAL_TIM_Base_Init                        0x08002b5b   Thumb Code    54  stm32f7xx_hal_tim.o(i.HAL_TIM_Base_Init)
    HAL_TIM_Base_MspInit                     0x08002b91   Thumb Code    84  tim.o(i.HAL_TIM_Base_MspInit)
    HAL_TIM_Base_Start_IT                    0x08002bed   Thumb Code    24  stm32f7xx_hal_tim.o(i.HAL_TIM_Base_Start_IT)
    HAL_TIM_ConfigClockSource                0x08002c05   Thumb Code   468  stm32f7xx_hal_tim.o(i.HAL_TIM_ConfigClockSource)
    HAL_TIM_IC_CaptureCallback               0x08002dd9   Thumb Code     2  stm32f7xx_hal_tim.o(i.HAL_TIM_IC_CaptureCallback)
    HAL_TIM_IRQHandler                       0x08002ddb   Thumb Code   388  stm32f7xx_hal_tim.o(i.HAL_TIM_IRQHandler)
    HAL_TIM_OC_DelayElapsedCallback          0x08002f5f   Thumb Code     2  stm32f7xx_hal_tim.o(i.HAL_TIM_OC_DelayElapsedCallback)
    HAL_TIM_PWM_PulseFinishedCallback        0x08002f61   Thumb Code     2  stm32f7xx_hal_tim.o(i.HAL_TIM_PWM_PulseFinishedCallback)
    HAL_TIM_PeriodElapsedCallback            0x08002f63   Thumb Code     2  stm32f7xx_hal_tim.o(i.HAL_TIM_PeriodElapsedCallback)
    HAL_TIM_TriggerCallback                  0x08002f65   Thumb Code     2  stm32f7xx_hal_tim.o(i.HAL_TIM_TriggerCallback)
    HAL_UART_ErrorCallback                   0x08002f67   Thumb Code     2  stm32f7xx_hal_uart.o(i.HAL_UART_ErrorCallback)
    HAL_UART_IRQHandler                      0x08002f69   Thumb Code   652  stm32f7xx_hal_uart.o(i.HAL_UART_IRQHandler)
    HAL_UART_Init                            0x080031f9   Thumb Code   110  stm32f7xx_hal_uart.o(i.HAL_UART_Init)
    HAL_UART_MspInit                         0x08003269   Thumb Code    88  usart.o(i.HAL_UART_MspInit)
    HAL_UART_Receive_IT                      0x080032c9   Thumb Code   150  stm32f7xx_hal_uart.o(i.HAL_UART_Receive_IT)
    HAL_UART_RxCpltCallback                  0x08003361   Thumb Code    72  uart_masterslave.o(i.HAL_UART_RxCpltCallback)
    HAL_UART_TxCpltCallback                  0x080033b1   Thumb Code    26  uart_masterslave.o(i.HAL_UART_TxCpltCallback)
    HardFault_Handler                        0x080033d1   Thumb Code     2  stm32f7xx_it.o(i.HardFault_Handler)
    MX_ADC1_Init                             0x080033d5   Thumb Code   222  adc.o(i.MX_ADC1_Init)
    MX_ADC2_Init                             0x080034cd   Thumb Code   182  adc.o(i.MX_ADC2_Init)
    MX_ADC3_Init                             0x0800359d   Thumb Code   180  adc.o(i.MX_ADC3_Init)
    MX_DMA_Init                              0x08003669   Thumb Code    40  dma.o(i.MX_DMA_Init)
    MX_GPIO_Init                             0x08003695   Thumb Code   530  gpio.o(i.MX_GPIO_Init)
    MX_QUADSPI_Init                          0x080038cd   Thumb Code    54  quadspi.o(i.MX_QUADSPI_Init)
    MX_RTC_Init                              0x08003921   Thumb Code    52  rtc.o(i.MX_RTC_Init)
    MX_SPI2_Init                             0x0800396d   Thumb Code    74  spi.o(i.MX_SPI2_Init)
    MX_TIM1_Init                             0x080039d1   Thumb Code   104  tim.o(i.MX_TIM1_Init)
    MX_TIM6_Init                             0x08003a51   Thumb Code    70  tim.o(i.MX_TIM6_Init)
    MX_USART2_UART_Init                      0x08003ab1   Thumb Code    60  usart.o(i.MX_USART2_UART_Init)
    MemManage_Handler                        0x08003b05   Thumb Code     2  stm32f7xx_it.o(i.MemManage_Handler)
    NMI_Handler                              0x08003b07   Thumb Code     2  stm32f7xx_it.o(i.NMI_Handler)
    PendSV_Handler                           0x08003b09   Thumb Code     2  stm32f7xx_it.o(i.PendSV_Handler)
    SPI2_IRQHandler                          0x08003b65   Thumb Code     6  stm32f7xx_it.o(i.SPI2_IRQHandler)
    SVC_Handler                              0x08003b83   Thumb Code     2  stm32f7xx_it.o(i.SVC_Handler)
    SysTick_Handler                          0x08003b85   Thumb Code    22  stm32f7xx_it.o(i.SysTick_Handler)
    SystemClock_Config                       0x08003b9d   Thumb Code   186  main.o(i.SystemClock_Config)
    SystemInit                               0x08003c61   Thumb Code    76  system_stm32f7xx.o(i.SystemInit)
    TIM1_UP_TIM10_IRQHandler                 0x08003cc1   Thumb Code     6  stm32f7xx_it.o(i.TIM1_UP_TIM10_IRQHandler)
    TIM_Base_SetConfig                       0x08003ccd   Thumb Code   180  stm32f7xx_hal_tim.o(i.TIM_Base_SetConfig)
    UART_AdvFeatureConfig                    0x08003d95   Thumb Code   218  stm32f7xx_hal_uart.o(i.UART_AdvFeatureConfig)
    UART_CheckIdleState                      0x08003e6f   Thumb Code    68  stm32f7xx_hal_uart.o(i.UART_CheckIdleState)
    UART_SetConfig                           0x08003ec9   Thumb Code   682  stm32f7xx_hal_uart.o(i.UART_SetConfig)
    UART_WaitOnFlagUntilTimeout              0x08004185   Thumb Code   118  stm32f7xx_hal_uart.o(i.UART_WaitOnFlagUntilTimeout)
    USART2_IRQHandler                        0x080041fd   Thumb Code     6  stm32f7xx_it.o(i.USART2_IRQHandler)
    UsageFault_Handler                       0x08004209   Thumb Code     2  stm32f7xx_it.o(i.UsageFault_Handler)
    _Error_Handler                           0x0800420b   Thumb Code     2  main.o(i._Error_Handler)
    __hardfp_sqrtf                           0x0800420d   Thumb Code    58  sqrtf.o(i.__hardfp_sqrtf)
    __scatterload_copy                       0x08004247   Thumb Code    14  handlers.o(i.__scatterload_copy)
    __scatterload_null                       0x08004255   Thumb Code     2  handlers.o(i.__scatterload_null)
    __scatterload_zeroinit                   0x08004257   Thumb Code    14  handlers.o(i.__scatterload_zeroinit)
    __set_errno                              0x08004265   Thumb Code     6  errno.o(i.__set_errno)
    alarms                                   0x08004271   Thumb Code   166  alarms.o(i.alarms)
    boardIO                                  0x08004331   Thumb Code   560  boardio.o(i.boardIO)
    bulkFlashRead                            0x0800457d   Thumb Code   210  fdatahandling.o(i.bulkFlashRead)
    bulkFlashWrite                           0x08004675   Thumb Code   280  fdatahandling.o(i.bulkFlashWrite)
    fc27_init                                0x080047b9   Thumb Code    24  fc27.o(i.fc27_init)
    fc37_init                                0x080047d9   Thumb Code    24  fc37.o(i.fc37_init)
    fc46_init                                0x080047f9   Thumb Code    54  fc46.o(i.fc46_init)
    fc49_init                                0x0800483d   Thumb Code    72  fc49.o(i.fc49_init)
    fc50N_init                               0x08004895   Thumb Code    22  fc50n.o(i.fc50N_init)
    fc50_init                                0x080048b5   Thumb Code    40  fc50.o(i.fc50_init)
    fc51N_init                               0x080048e5   Thumb Code    46  fc51n.o(i.fc51N_init)
    fc51_init                                0x08004921   Thumb Code    62  fc51.o(i.fc51_init)
    fc59_init                                0x0800496d   Thumb Code    18  fc59.o(i.fc59_init)
    fcBF_init                                0x08004989   Thumb Code    18  fcbf.o(i.fcBF_init)
    fcPVP_init                               0x080049a5   Thumb Code    18  fcpvp.o(i.fcPVP_init)
    fcUNB_init                               0x080049c1   Thumb Code    38  fcunb.o(i.fcUNB_init)
    flashDataCheckStartup                    0x080049f5   Thumb Code    52  fdatahandling.o(i.flashDataCheckStartup)
    flashDataWriteChecking                   0x08004a35   Thumb Code    76  fdatahandling.o(i.flashDataWriteChecking)
    initFunctions                            0x08004a95   Thumb Code    62  initfunctions.o(i.initFunctions)
    init_conversion                          0x08004ad5   Thumb Code   164  conversion.o(i.init_conversion)
    init_protection                          0x08004ba5   Thumb Code  1858  init_protection.o(i.init_protection)
    main                                     0x080052ed   Thumb Code   300  main.o(i.main)
    main_flow                                0x0800544d   Thumb Code    18  main_flow.o(i.main_flow)
    maxSelector_3p                           0x0800545f   Thumb Code    10  protection_functions.o(i.maxSelector_3p)
    off_delay                                0x08005469   Thumb Code    66  protection_functions.o(i.off_delay)
    on_delay                                 0x080054ab   Thumb Code    64  protection_functions.o(i.on_delay)
    on_off_delay                             0x080054eb   Thumb Code    44  protection_functions.o(i.on_off_delay)
    pick_trip_reset_handles                  0x08005517   Thumb Code    18  pickup_handles.o(i.pick_trip_reset_handles)
    pick_up_handles                          0x08005529   Thumb Code  1288  pickup_handles.o(i.pick_up_handles)
    prefilter_oc                             0x08005a41   Thumb Code    42  measurement_functions.o(i.prefilter_oc)
    pullDataFromMaster                       0x08005a75   Thumb Code   704  configparams.o(i.pullDataFromMaster)
    pushDataToMaster                         0x08005da5   Thumb Code  1846  commparams.o(i.pushDataToMaster)
    reset_handles                            0x08006551   Thumb Code   520  pickup_handles.o(i.reset_handles)
    spi_initComApp                           0x080067e5   Thumb Code     2  spi_masterslave.o(i.spi_initComApp)
    spi_sysTickCallApp                       0x080067e9   Thumb Code    62  spi_masterslave.o(i.spi_sysTickCallApp)
    trip_handles                             0x0800682d   Thumb Code   878  pickup_handles.o(i.trip_handles)
    uart_initComApp                          0x08006c39   Thumb Code    10  uart_masterslave.o(i.uart_initComApp)
    uart_sysTickCallApp                      0x08006c4d   Thumb Code    60  uart_masterslave.o(i.uart_sysTickCallApp)
    AHBPrescTable                            0x08006d88   Data          16  system_stm32f7xx.o(.constdata)
    APBPrescTable                            0x08006d98   Data           8  system_stm32f7xx.o(.constdata)
    Region$$Table$$Base                      0x08006da0   Number         0  anon$$obj.o(Region$$Table)
    Region$$Table$$Limit                     0x08006dc0   Number         0  anon$$obj.o(Region$$Table)
    incoming_data_flag                       0x20000000   Data           1  main.o(.data)
    writeEnable                              0x20000001   Data           1  main.o(.data)
    write_counter                            0x20000004   Data           4  main.o(.data)
    uwTickFreq                               0x20000008   Data           1  stm32f7xx_hal.o(.data)
    uwTickPrio                               0x2000000c   Data           4  stm32f7xx_hal.o(.data)
    uwTick                                   0x20000010   Data           4  stm32f7xx_hal.o(.data)
    curve                                    0x20000014   Data           1  init_protection.o(.data)
    cSelect1                                 0x20000018   Data           4  init_protection.o(.data)
    cSelect2                                 0x2000001c   Data           4  init_protection.o(.data)
    curve_data                               0x20000020   Data          96  init_protection.o(.data)
    fc27_obj1_L1_out                         0x20000088   Data           8  fc27.o(.data)
    fc27_obj1_L2_out                         0x20000090   Data           8  fc27.o(.data)
    fc49_obj1_L1_out_a                       0x20000098   Data           4  fc49.o(.data)
    fc49_obj1_L1_out_b                       0x2000009c   Data           4  fc49.o(.data)
    fc49_obj1_L1_out_c                       0x200000a0   Data           4  fc49.o(.data)
    fc49_obj2_L1_out_a                       0x200000a4   Data           4  fc49.o(.data)
    fc49_obj2_L1_out_b                       0x200000a8   Data           4  fc49.o(.data)
    fc49_obj2_L1_out_c                       0x200000ac   Data           4  fc49.o(.data)
    therm_a_obj1                             0x200000b0   Data           4  fc49.o(.data)
    therm_b_obj1                             0x200000b4   Data           4  fc49.o(.data)
    therm_c_obj1                             0x200000b8   Data           4  fc49.o(.data)
    therm_a_obj2                             0x200000bc   Data           4  fc49.o(.data)
    therm_b_obj2                             0x200000c0   Data           4  fc49.o(.data)
    therm_c_obj2                             0x200000c4   Data           4  fc49.o(.data)
    fc49_obj1_L1_in                          0x200000c8   Data           4  fc49.o(.data)
    fc49_obj2_L1_in                          0x200000cc   Data           4  fc49.o(.data)
    fc37_obj1_L1_out_a                       0x200000d0   Data           8  fc37.o(.data)
    fc37_obj1_L1_out_b                       0x200000d8   Data           8  fc37.o(.data)
    fc37_obj1_L1_out_c                       0x200000e0   Data           8  fc37.o(.data)
    UNBa_rms                                 0x200000ec   Data           4  fcunb.o(.data)
    UNBb_rms                                 0x200000f0   Data           4  fcunb.o(.data)
    fcUNBi_obj1_L1_in                        0x200000f8   Data           8  fcunb.o(.data)
    fault_code                               0x20000100   Data           1  pickup_handles.o(.data)
    alarm                                    0x20000108   Data           4  alarms.o(.data)
    conversion_completed                     0x20000110   Data           1  conversion.o(.data)
    ch                                       0x20000111   Data           1  conversion.o(.data)
    cycle_count_1                            0x20000114   Data           4  conversion.o(.data)
    DI                                       0x20000124   Data           4  boardio.o(.data)
    DO                                       0x20000128   Data           4  boardio.o(.data)
    mSelect                                  0x2000012c   Data           4  configparams.o(.data)
    pFlag                                    0x20000130   Data           4  configparams.o(.data)
    pEN                                      0x20000134   Data           4  configparams.o(.data)
    SystemCoreClock                          0x20000138   Data           4  system_stm32f7xx.o(.data)
    eraseError                               0x2000013c   Data           1  fdatahandling.o(.data)
    writeError                               0x2000013d   Data           1  fdatahandling.o(.data)
    flashWritePending                        0x2000013e   Data           1  fdatahandling.o(.data)
    sentinel                                 0x20000140   Data           4  fdatahandling.o(.data)
    SECTORError                              0x20000144   Data           4  fdatahandling.o(.data)
    htim1                                    0x2000014c   Data          64  tim.o(.bss)
    htim6                                    0x2000018c   Data          64  tim.o(.bss)
    hrtc                                     0x200001cc   Data          32  rtc.o(.bss)
    hqspi                                    0x200001ec   Data          76  quadspi.o(.bss)
    hadc1                                    0x20000238   Data          72  adc.o(.bss)
    hadc2                                    0x20000280   Data          72  adc.o(.bss)
    hadc3                                    0x200002c8   Data          72  adc.o(.bss)
    hdma_adc1                                0x20000310   Data          96  adc.o(.bss)
    hdma_adc2                                0x20000370   Data          96  adc.o(.bss)
    hdma_adc3                                0x200003d0   Data          96  adc.o(.bss)
    adc_values                               0x20000430   Data          60  main.o(.bss)
    huart2                                   0x2000046c   Data         112  usart.o(.bss)
    hspi2                                    0x200004dc   Data         100  spi.o(.bss)
    pFlash                                   0x20000540   Data          28  stm32f7xx_hal_flash.o(.bss)
    EN                                       0x2000055c   Data         116  init_protection.o(.bss)
    fc50_obj1_L1_out_a                       0x200005d0   Data          12  fc50.o(.bss)
    fc50_obj1_L1_out_b                       0x200005dc   Data          12  fc50.o(.bss)
    fc50_obj1_L1_out_c                       0x200005e8   Data          12  fc50.o(.bss)
    fc50_obj1_L2_out_a                       0x200005f4   Data          12  fc50.o(.bss)
    fc50_obj1_L2_out_b                       0x20000600   Data          12  fc50.o(.bss)
    fc50_obj1_L2_out_c                       0x2000060c   Data          12  fc50.o(.bss)
    fc50_obj1_L3_out_a                       0x20000618   Data          12  fc50.o(.bss)
    fc50_obj1_L3_out_b                       0x20000624   Data          12  fc50.o(.bss)
    fc50_obj1_L3_out_c                       0x20000630   Data          12  fc50.o(.bss)
    fc50_obj1_L1_in                          0x2000063c   Data          16  fc50.o(.bss)
    fc50_obj1_L2_in                          0x2000064c   Data          16  fc50.o(.bss)
    fc50_obj1_L3_in                          0x2000065c   Data          16  fc50.o(.bss)
    fc50_obj2_L1_in                          0x2000066c   Data          16  fc50.o(.bss)
    fc50_obj2_L2_in                          0x2000067c   Data          16  fc50.o(.bss)
    fc50_obj2_L3_in                          0x2000068c   Data          16  fc50.o(.bss)
    fc50N_obj1_L1_out                        0x2000069c   Data          12  fc50n.o(.bss)
    fc50N_obj1_L2_out                        0x200006a8   Data          12  fc50n.o(.bss)
    fc50N_obj1_L3_out                        0x200006b4   Data          12  fc50n.o(.bss)
    fc50N_obj1_L1_in                         0x200006c0   Data          16  fc50n.o(.bss)
    fc50N_obj1_L2_in                         0x200006d0   Data          16  fc50n.o(.bss)
    fc50N_obj1_L3_in                         0x200006e0   Data          16  fc50n.o(.bss)
    fc51_obj1_out_a                          0x200006f0   Data          12  fc51.o(.bss)
    fc51_obj1_out_b                          0x200006fc   Data          12  fc51.o(.bss)
    fc51_obj1_out_c                          0x20000708   Data          12  fc51.o(.bss)
    fc51_obj1_in                             0x20000714   Data          20  fc51.o(.bss)
    fc51_obj2_in                             0x20000728   Data          20  fc51.o(.bss)
    fc51N_obj1_out                           0x2000073c   Data          12  fc51n.o(.bss)
    fc51N_obj1_in                            0x20000748   Data          20  fc51n.o(.bss)
    fc27_obj1_L1_in                          0x2000075c   Data          12  fc27.o(.bss)
    fc27_obj1_L2_in                          0x20000768   Data          12  fc27.o(.bss)
    fc59_obj1_L1_out_a                       0x20000774   Data          12  fc59.o(.bss)
    fc59_obj1_L1_out_b                       0x20000780   Data          12  fc59.o(.bss)
    fc59_obj1_L1_out_c                       0x2000078c   Data          12  fc59.o(.bss)
    fc59_obj1_L2_out_a                       0x20000798   Data          12  fc59.o(.bss)
    fc59_obj1_L2_out_b                       0x200007a4   Data          12  fc59.o(.bss)
    fc59_obj1_L2_out_c                       0x200007b0   Data          12  fc59.o(.bss)
    fc59_obj1_L1_in                          0x200007bc   Data          12  fc59.o(.bss)
    fc59_obj1_L2_in                          0x200007c8   Data          12  fc59.o(.bss)
    fc46d_obj1_L1_out                        0x200007d4   Data          16  fc46.o(.bss)
    fc46i_obj1_L1_out                        0x200007e4   Data          16  fc46.o(.bss)
    fc46d_obj1_L1_in                         0x200007f4   Data          16  fc46.o(.bss)
    fc46i_obj1_L1_in                         0x20000804   Data          20  fc46.o(.bss)
    fc49_obj1_therm                          0x20000818   Data          20  fc49.o(.bss)
    fc49_obj2_therm                          0x2000082c   Data          20  fc49.o(.bss)
    fcBF_out                                 0x20000840   Data          12  fcbf.o(.bss)
    fcBF_in                                  0x2000084c   Data          24  fcbf.o(.bss)
    fc37_obj1_L1_in                          0x20000864   Data          12  fc37.o(.bss)
    fc37_obj2_L1_in                          0x20000870   Data          12  fc37.o(.bss)
    fcUNBd_obj1_L1_out_a                     0x2000087c   Data          16  fcunb.o(.bss)
    fcUNBd_obj1_L1_out_b                     0x2000088c   Data          16  fcunb.o(.bss)
    fcUNBi_obj1_L1_out_a                     0x2000089c   Data          12  fcunb.o(.bss)
    fcUNBi_obj1_L1_out_b                     0x200008a8   Data          12  fcunb.o(.bss)
    fcUNBd_obj1_L1_in                        0x2000097c   Data          12  fcunb.o(.bss)
    nucArray                                 0x20000988   Data          16  fcunb.o(.bss)
    pvp_out                                  0x20000998   Data          12  fcpvp.o(.bss)
    pvp_out_back                             0x200009a4   Data          12  fcpvp.o(.bss)
    fcPVPi_obj1_L1_out_a                     0x200009b0   Data          12  fcpvp.o(.bss)
    fcPVPi_obj1_L1_out_b                     0x200009bc   Data          12  fcpvp.o(.bss)
    fcPVPi_obj1_L1_out_c                     0x200009c8   Data          12  fcpvp.o(.bss)
    pvp_buf                                  0x200009d4   Data        1212  fcpvp.o(.bss)
    fcPVPd_obj1_L1_in                        0x20001340   Data          12  fcpvp.o(.bss)
    fcPVPi_obj1_L1_in                        0x2000134c   Data          20  fcpvp.o(.bss)
    pick                                     0x20001360   Data          12  pickup_handles.o(.bss)
    trip                                     0x2000136c   Data          12  pickup_handles.o(.bss)
    pick_words                               0x20001378   Data          12  pickup_handles.o(.bss)
    trip_words                               0x20001384   Data          12  pickup_handles.o(.bss)
    phase_cs_A                               0x20001498   Data          16  cs_handles.o(.bss)
    phase_cs_B                               0x200014a8   Data          16  cs_handles.o(.bss)
    phase_cs_C                               0x200014b8   Data          16  cs_handles.o(.bss)
    phase_cs_TCR_A                           0x200014c8   Data          16  cs_handles.o(.bss)
    phase_cs_TCR_B                           0x200014d8   Data          16  cs_handles.o(.bss)
    phase_cs_TCR_C                           0x200014e8   Data          16  cs_handles.o(.bss)
    phase_cs_TCR_N                           0x200014f8   Data          16  cs_handles.o(.bss)
    phase_cs_TCR_AB                          0x20001508   Data          16  cs_handles.o(.bss)
    phase_cs_TCR_BC                          0x20001518   Data          16  cs_handles.o(.bss)
    phase_cs_TCR_CA                          0x20001528   Data          16  cs_handles.o(.bss)
    phase_cs_A_out                           0x20001538   Data          44  cs_handles.o(.bss)
    phase_cs_B_out                           0x20001564   Data          44  cs_handles.o(.bss)
    phase_cs_C_out                           0x20001590   Data          44  cs_handles.o(.bss)
    phase_cs_TCR_A_out                       0x200015bc   Data          44  cs_handles.o(.bss)
    phase_cs_TCR_B_out                       0x200015e8   Data          44  cs_handles.o(.bss)
    phase_cs_TCR_C_out                       0x20001614   Data          44  cs_handles.o(.bss)
    sym                                      0x20001640   Data          24  cs_handles.o(.bss)
    sym_hist                                 0x20001658   Data          24  cs_handles.o(.bss)
    mag_sym                                  0x20001670   Data          24  cs_handles.o(.bss)
    sym_tcr                                  0x20001688   Data          24  cs_handles.o(.bss)
    sym_hist_tcr                             0x200016a0   Data          24  cs_handles.o(.bss)
    mag_sym_tcr                              0x200016b8   Data          24  cs_handles.o(.bss)
    c_buffer                                 0x200016d0   Data        4000  cs_handles.o(.bss)
    s_buffer                                 0x20002670   Data        4000  cs_handles.o(.bss)
    P                                        0x20003610   Data          28  cs_handles.o(.bss)
    Q                                        0x2000362c   Data          28  cs_handles.o(.bss)
    P_TCR                                    0x20003648   Data          28  cs_handles.o(.bss)
    Q_TCR                                    0x20003664   Data          28  cs_handles.o(.bss)
    fRMS                                     0x20003680   Data          76  cs_handles.o(.bss)
    tRMS                                     0x200036cc   Data          76  truerms.o(.bss)
    backRMS                                  0x20003718   Data          76  truerms.o(.bss)
    bufferRMS                                0x20003764   Data        4000  truerms.o(.bss)
    spect_Ia                                 0x20004704   Data         368  spectra.o(.bss)
    spect_Ib                                 0x20004874   Data         368  spectra.o(.bss)
    spect_Ic                                 0x200049e4   Data         368  spectra.o(.bss)
    thd                                      0x20004b54   Data          12  spectra.o(.bss)
    rawAdc                                   0x20004b60   Data          76  conversion.o(.bss)
    fAdc                                     0x20004bac   Data          76  conversion.o(.bss)
    offset                                   0x20004bf8   Data          76  conversion.o(.bss)
    scale                                    0x20004c44   Data          76  conversion.o(.bss)
    oc                                       0x20004c90   Data         180  conversion.o(.bss)
    TR                                       0x20004d44   Data          48  conversion.o(.bss)
    Sys                                      0x20004d74   Data          36  powersysdata.o(.bss)
    comParams                                0x20004d98   Data        6020  spi_masterslave.o(.bss)
    spiCRC                                   0x2000651c   Data          12  spi_masterslave.o(.bss)
    comParams_uart                           0x20006528   Data        2996  uart_masterslave.o(.bss)
    uartCRC                                  0x200070dc   Data          12  uart_masterslave.o(.bss)
    __initial_sp                             0x20007500   Data           0  startup_stm32f767xx.o(STACK)



==============================================================================

Memory Map of the image

  Image Entry point : 0x080001f9

  Load Region LR_IROM1 (Base: 0x08000000, Size: 0x00006f0c, Max: 0x00200000, ABSOLUTE, COMPRESSED[0x00006e18])

    Execution Region ER_IROM1 (Base: 0x08000000, Size: 0x00006dc0, Max: 0x00200000, ABSOLUTE)

    Base Addr    Size         Type   Attr      Idx    E Section Name        Object

    0x08000000   0x000001f8   Data   RO          899    RESET               startup_stm32f767xx.o
    0x080001f8   0x00000000   Code   RO         5914  * .ARM.Collect$$$$00000000  mc_w.l(entry.o)
    0x080001f8   0x00000004   Code   RO         5988    .ARM.Collect$$$$00000001  mc_w.l(entry2.o)
    0x080001fc   0x00000004   Code   RO         5991    .ARM.Collect$$$$00000004  mc_w.l(entry5.o)
    0x08000200   0x00000000   Code   RO         5993    .ARM.Collect$$$$00000008  mc_w.l(entry7b.o)
    0x08000200   0x00000000   Code   RO         5995    .ARM.Collect$$$$0000000A  mc_w.l(entry8b.o)
    0x08000200   0x00000008   Code   RO         5996    .ARM.Collect$$$$0000000B  mc_w.l(entry9a.o)
    0x08000208   0x00000000   Code   RO         5998    .ARM.Collect$$$$0000000D  mc_w.l(entry10a.o)
    0x08000208   0x00000000   Code   RO         6000    .ARM.Collect$$$$0000000F  mc_w.l(entry11a.o)
    0x08000208   0x00000004   Code   RO         5989    .ARM.Collect$$$$00002712  mc_w.l(entry2.o)
    0x0800020c   0x00000024   Code   RO          900    .text               startup_stm32f767xx.o
    0x08000230   0x00000062   Code   RO         5917    .text               mc_w.l(uldiv.o)
    0x08000292   0x0000001e   Code   RO         6002    .text               mc_w.l(llshl.o)
    0x080002b0   0x00000020   Code   RO         6004    .text               mc_w.l(llushr.o)
    0x080002d0   0x00000000   Code   RO         6013    .text               mc_w.l(iusefp.o)
    0x080002d0   0x00000024   Code   RO         6020    .text               mc_w.l(init.o)
    0x080002f4   0x0000003a   Code   RO         6030    .text               mc_w.l(__dczerorl.o)
    0x0800032e   0x00000060   Code   RO         2101    i.ADC_MultiModeDMAConvCplt  stm32f7xx_hal_adc_ex.o
    0x0800038e   0x00000012   Code   RO         2102    i.ADC_MultiModeDMAError  stm32f7xx_hal_adc_ex.o
    0x080003a0   0x00000006   Code   RO         2103    i.ADC_MultiModeDMAHalfConvCplt  stm32f7xx_hal_adc_ex.o
    0x080003a6   0x00000002   Code   RO          310    i.BusFault_Handler  stm32f7xx_it.o
    0x080003a8   0x0000000c   Code   RO          311    i.DMA2_Stream0_IRQHandler  stm32f7xx_it.o
    0x080003b4   0x0000000c   Code   RO          312    i.DMA2_Stream1_IRQHandler  stm32f7xx_it.o
    0x080003c0   0x0000000c   Code   RO          313    i.DMA2_Stream2_IRQHandler  stm32f7xx_it.o
    0x080003cc   0x00000002   Code   RO          314    i.DebugMon_Handler  stm32f7xx_it.o
    0x080003ce   0x00000002   PAD
    0x080003d0   0x00000010   Code   RO          315    i.EXTI15_10_IRQHandler  stm32f7xx_it.o
    0x080003e0   0x000000b8   Code   RO         1208    i.FLASH_WaitForLastOperation  stm32f7xx_hal_flash.o
    0x08000498   0x00000078   Code   RO         2112    i.HAL_ADCEx_MultiModeConfigChannel  stm32f7xx_hal_adc_ex.o
    0x08000510   0x00000168   Code   RO         2114    i.HAL_ADCEx_MultiModeStart_DMA  stm32f7xx_hal_adc_ex.o
    0x08000678   0x000001cc   Code   RO          911    i.HAL_ADC_ConfigChannel  stm32f7xx_hal_adc.o
    0x08000844   0x000002f0   Code   RO         5280    i.HAL_ADC_ConvCpltCallback  conversion.o
    0x08000b34   0x00000002   Code   RO          913    i.HAL_ADC_ConvHalfCpltCallback  stm32f7xx_hal_adc.o
    0x08000b36   0x00000002   Code   RO          915    i.HAL_ADC_ErrorCallback  stm32f7xx_hal_adc.o
    0x08000b38   0x0000017c   Code   RO          920    i.HAL_ADC_Init      stm32f7xx_hal_adc.o
    0x08000cb4   0x0000019c   Code   RO          443    i.HAL_ADC_MspInit   adc.o
    0x08000e50   0x00000110   Code   RO          926    i.HAL_ADC_Start     stm32f7xx_hal_adc.o
    0x08000f60   0x00000024   Code   RO         2510    i.HAL_DMA_Abort_IT  stm32f7xx_hal_dma.o
    0x08000f84   0x000001d8   Code   RO         2514    i.HAL_DMA_IRQHandler  stm32f7xx_hal_dma.o
    0x0800115c   0x0000016c   Code   RO         2515    i.HAL_DMA_Init      stm32f7xx_hal_dma.o
    0x080012c8   0x0000009c   Code   RO         2519    i.HAL_DMA_Start_IT  stm32f7xx_hal_dma.o
    0x08001364   0x00000124   Code   RO         3422    i.HAL_FLASHEx_Erase  stm32f7xx_hal_flash_ex.o
    0x08001488   0x00000014   Code   RO         1212    i.HAL_FLASH_Lock    stm32f7xx_hal_flash.o
    0x0800149c   0x000000dc   Code   RO         1217    i.HAL_FLASH_Program  stm32f7xx_hal_flash.o
    0x08001578   0x00000038   Code   RO         1219    i.HAL_FLASH_Unlock  stm32f7xx_hal_flash.o
    0x080015b0   0x00000002   Code   RO          496    i.HAL_GPIO_EXTI_Callback  main.o
    0x080015b2   0x00000002   PAD
    0x080015b4   0x00000018   Code   RO         1433    i.HAL_GPIO_EXTI_IRQHandler  stm32f7xx_hal_gpio.o
    0x080015cc   0x00000250   Code   RO         1434    i.HAL_GPIO_Init     stm32f7xx_hal_gpio.o
    0x0800181c   0x0000000a   Code   RO         1436    i.HAL_GPIO_ReadPin  stm32f7xx_hal_gpio.o
    0x08001826   0x0000000a   Code   RO         1438    i.HAL_GPIO_WritePin  stm32f7xx_hal_gpio.o
    0x08001830   0x0000000c   Code   RO         2319    i.HAL_GetTick       stm32f7xx_hal.o
    0x0800183c   0x00000010   Code   RO         2325    i.HAL_IncTick       stm32f7xx_hal.o
    0x0800184c   0x00000016   Code   RO         2326    i.HAL_Init          stm32f7xx_hal.o
    0x08001862   0x00000002   PAD
    0x08001864   0x00000040   Code   RO         2327    i.HAL_InitTick      stm32f7xx_hal.o
    0x080018a4   0x00000058   Code   RO          286    i.HAL_MspInit       stm32f7xx_hal_msp.o
    0x080018fc   0x00000018   Code   RO         1306    i.HAL_NVIC_EnableIRQ  stm32f7xx_hal_cortex.o
    0x08001914   0x00000060   Code   RO         1312    i.HAL_NVIC_SetPriority  stm32f7xx_hal_cortex.o
    0x08001974   0x00000024   Code   RO         1313    i.HAL_NVIC_SetPriorityGrouping  stm32f7xx_hal_cortex.o
    0x08001998   0x0000007c   Code   RO         2216    i.HAL_PWREx_EnableOverDrive  stm32f7xx_hal_pwr_ex.o
    0x08001a14   0x000000cc   Code   RO         3484    i.HAL_QSPI_Init     stm32f7xx_hal_qspi.o
    0x08001ae0   0x00000088   Code   RO          215    i.HAL_QSPI_MspInit  quadspi.o
    0x08001b68   0x000005dc   Code   RO         2726    i.HAL_RCCEx_PeriphCLKConfig  stm32f7xx_hal_rcc_ex.o
    0x08002144   0x000001cc   Code   RO         3021    i.HAL_RCC_ClockConfig  stm32f7xx_hal_rcc.o
    0x08002310   0x0000000c   Code   RO         3026    i.HAL_RCC_GetHCLKFreq  stm32f7xx_hal_rcc.o
    0x0800231c   0x00000020   Code   RO         3028    i.HAL_RCC_GetPCLK1Freq  stm32f7xx_hal_rcc.o
    0x0800233c   0x00000020   Code   RO         3029    i.HAL_RCC_GetPCLK2Freq  stm32f7xx_hal_rcc.o
    0x0800235c   0x00000074   Code   RO         3030    i.HAL_RCC_GetSysClockFreq  stm32f7xx_hal_rcc.o
    0x080023d0   0x000003c0   Code   RO         3033    i.HAL_RCC_OscConfig  stm32f7xx_hal_rcc.o
    0x08002790   0x000000ca   Code   RO         1080    i.HAL_RTC_Init      stm32f7xx_hal_rtc.o
    0x0800285a   0x00000002   PAD
    0x0800285c   0x00000020   Code   RO          173    i.HAL_RTC_MspInit   rtc.o
    0x0800287c   0x00000002   Code   RO         4424    i.HAL_SPI_ErrorCallback  stm32f7xx_hal_spi.o
    0x0800287e   0x00000002   PAD
    0x08002880   0x000000f8   Code   RO         4427    i.HAL_SPI_IRQHandler  stm32f7xx_hal_spi.o
    0x08002978   0x000000d2   Code   RO         4428    i.HAL_SPI_Init      stm32f7xx_hal_spi.o
    0x08002a4a   0x00000002   PAD
    0x08002a4c   0x00000064   Code   RO          647    i.HAL_SPI_MspInit   spi.o
    0x08002ab0   0x00000016   Code   RO         1315    i.HAL_SYSTICK_CLKSourceConfig  stm32f7xx_hal_cortex.o
    0x08002ac6   0x00000002   Code   RO         1316    i.HAL_SYSTICK_Callback  stm32f7xx_hal_cortex.o
    0x08002ac8   0x00000028   Code   RO         1317    i.HAL_SYSTICK_Config  stm32f7xx_hal_cortex.o
    0x08002af0   0x00000008   Code   RO         1318    i.HAL_SYSTICK_IRQHandler  stm32f7xx_hal_cortex.o
    0x08002af8   0x00000002   Code   RO         3157    i.HAL_TIMEx_BreakCallback  stm32f7xx_hal_tim_ex.o
    0x08002afa   0x00000002   Code   RO         3158    i.HAL_TIMEx_CommutationCallback  stm32f7xx_hal_tim_ex.o
    0x08002afc   0x0000005e   Code   RO         3176    i.HAL_TIMEx_MasterConfigSynchronization  stm32f7xx_hal_tim_ex.o
    0x08002b5a   0x00000036   Code   RO         1499    i.HAL_TIM_Base_Init  stm32f7xx_hal_tim.o
    0x08002b90   0x0000005c   Code   RO            5    i.HAL_TIM_Base_MspInit  tim.o
    0x08002bec   0x00000018   Code   RO         1504    i.HAL_TIM_Base_Start_IT  stm32f7xx_hal_tim.o
    0x08002c04   0x000001d4   Code   RO         1508    i.HAL_TIM_ConfigClockSource  stm32f7xx_hal_tim.o
    0x08002dd8   0x00000002   Code   RO         1528    i.HAL_TIM_IC_CaptureCallback  stm32f7xx_hal_tim.o
    0x08002dda   0x00000184   Code   RO         1541    i.HAL_TIM_IRQHandler  stm32f7xx_hal_tim.o
    0x08002f5e   0x00000002   Code   RO         1544    i.HAL_TIM_OC_DelayElapsedCallback  stm32f7xx_hal_tim.o
    0x08002f60   0x00000002   Code   RO         1571    i.HAL_TIM_PWM_PulseFinishedCallback  stm32f7xx_hal_tim.o
    0x08002f62   0x00000002   Code   RO         1578    i.HAL_TIM_PeriodElapsedCallback  stm32f7xx_hal_tim.o
    0x08002f64   0x00000002   Code   RO         1582    i.HAL_TIM_TriggerCallback  stm32f7xx_hal_tim.o
    0x08002f66   0x00000002   Code   RO         4169    i.HAL_UART_ErrorCallback  stm32f7xx_hal_uart.o
    0x08002f68   0x00000290   Code   RO         4172    i.HAL_UART_IRQHandler  stm32f7xx_hal_uart.o
    0x080031f8   0x0000006e   Code   RO         4173    i.HAL_UART_Init     stm32f7xx_hal_uart.o
    0x08003266   0x00000002   PAD
    0x08003268   0x00000060   Code   RO          605    i.HAL_UART_MspInit  usart.o
    0x080032c8   0x00000096   Code   RO         4178    i.HAL_UART_Receive_IT  stm32f7xx_hal_uart.o
    0x0800335e   0x00000002   PAD
    0x08003360   0x00000050   Code   RO         5571    i.HAL_UART_RxCpltCallback  uart_masterslave.o
    0x080033b0   0x00000020   Code   RO         5572    i.HAL_UART_TxCpltCallback  uart_masterslave.o
    0x080033d0   0x00000002   Code   RO          316    i.HardFault_Handler  stm32f7xx_it.o
    0x080033d2   0x00000002   PAD
    0x080033d4   0x000000f8   Code   RO          444    i.MX_ADC1_Init      adc.o
    0x080034cc   0x000000d0   Code   RO          445    i.MX_ADC2_Init      adc.o
    0x0800359c   0x000000cc   Code   RO          446    i.MX_ADC3_Init      adc.o
    0x08003668   0x0000002c   Code   RO          259    i.MX_DMA_Init       dma.o
    0x08003694   0x00000238   Code   RO          580    i.MX_GPIO_Init      gpio.o
    0x080038cc   0x00000054   Code   RO          216    i.MX_QUADSPI_Init   quadspi.o
    0x08003920   0x0000004c   Code   RO          174    i.MX_RTC_Init       rtc.o
    0x0800396c   0x00000064   Code   RO          648    i.MX_SPI2_Init      spi.o
    0x080039d0   0x00000080   Code   RO            6    i.MX_TIM1_Init      tim.o
    0x08003a50   0x00000060   Code   RO            7    i.MX_TIM6_Init      tim.o
    0x08003ab0   0x00000054   Code   RO          606    i.MX_USART2_UART_Init  usart.o
    0x08003b04   0x00000002   Code   RO          317    i.MemManage_Handler  stm32f7xx_it.o
    0x08003b06   0x00000002   Code   RO          318    i.NMI_Handler       stm32f7xx_it.o
    0x08003b08   0x00000002   Code   RO          319    i.PendSV_Handler    stm32f7xx_it.o
    0x08003b0a   0x00000058   Code   RO         3509    i.QSPI_WaitFlagStateUntilTimeout  stm32f7xx_hal_qspi.o
    0x08003b62   0x00000002   PAD
    0x08003b64   0x0000000c   Code   RO          320    i.SPI2_IRQHandler   stm32f7xx_it.o
    0x08003b70   0x00000012   Code   RO         4452    i.SPI_DMAAbortOnError  stm32f7xx_hal_spi.o
    0x08003b82   0x00000002   Code   RO          321    i.SVC_Handler       stm32f7xx_it.o
    0x08003b84   0x00000016   Code   RO          322    i.SysTick_Handler   stm32f7xx_it.o
    0x08003b9a   0x00000002   PAD
    0x08003b9c   0x000000c4   Code   RO          497    i.SystemClock_Config  main.o
    0x08003c60   0x00000060   Code   RO         5737    i.SystemInit        system_stm32f7xx.o
    0x08003cc0   0x0000000c   Code   RO          323    i.TIM1_UP_TIM10_IRQHandler  stm32f7xx_it.o
    0x08003ccc   0x000000c8   Code   RO         1583    i.TIM_Base_SetConfig  stm32f7xx_hal_tim.o
    0x08003d94   0x000000da   Code   RO         4186    i.UART_AdvFeatureConfig  stm32f7xx_hal_uart.o
    0x08003e6e   0x00000044   Code   RO         4187    i.UART_CheckIdleState  stm32f7xx_hal_uart.o
    0x08003eb2   0x00000014   Code   RO         4188    i.UART_DMAAbortOnError  stm32f7xx_hal_uart.o
    0x08003ec6   0x00000002   PAD
    0x08003ec8   0x000002bc   Code   RO         4194    i.UART_SetConfig    stm32f7xx_hal_uart.o
    0x08004184   0x00000076   Code   RO         4195    i.UART_WaitOnFlagUntilTimeout  stm32f7xx_hal_uart.o
    0x080041fa   0x00000002   PAD
    0x080041fc   0x0000000c   Code   RO          324    i.USART2_IRQHandler  stm32f7xx_it.o
    0x08004208   0x00000002   Code   RO          325    i.UsageFault_Handler  stm32f7xx_it.o
    0x0800420a   0x00000002   Code   RO          498    i._Error_Handler    main.o
    0x0800420c   0x0000003a   Code   RO         5902    i.__hardfp_sqrtf    m_wv.l(sqrtf.o)
    0x08004246   0x0000000e   Code   RO         6024    i.__scatterload_copy  mc_w.l(handlers.o)
    0x08004254   0x00000002   Code   RO         6025    i.__scatterload_null  mc_w.l(handlers.o)
    0x08004256   0x0000000e   Code   RO         6026    i.__scatterload_zeroinit  mc_w.l(handlers.o)
    0x08004264   0x0000000c   Code   RO         6008    i.__set_errno       mc_w.l(errno.o)
    0x08004270   0x000000c0   Code   RO         5174    i.alarms            alarms.o
    0x08004330   0x0000024c   Code   RO         5358    i.boardIO           boardio.o
    0x0800457c   0x000000f8   Code   RO         5774    i.bulkFlashRead     fdatahandling.o
    0x08004674   0x00000144   Code   RO         5775    i.bulkFlashWrite    fdatahandling.o
    0x080047b8   0x00000020   Code   RO         4866    i.fc27_init         fc27.o
    0x080047d8   0x00000020   Code   RO         5013    i.fc37_init         fc37.o
    0x080047f8   0x00000044   Code   RO         4923    i.fc46_init         fc46.o
    0x0800483c   0x00000058   Code   RO         4947    i.fc49_init         fc49.o
    0x08004894   0x00000020   Code   RO         4785    i.fc50N_init        fc50n.o
    0x080048b4   0x00000030   Code   RO         4746    i.fc50_init         fc50.o
    0x080048e4   0x0000003c   Code   RO         4840    i.fc51N_init        fc51n.o
    0x08004920   0x0000004c   Code   RO         4811    i.fc51_init         fc51.o
    0x0800496c   0x0000001c   Code   RO         4901    i.fc59_init         fc59.o
    0x08004988   0x0000001c   Code   RO         4975    i.fcBF_init         fcbf.o
    0x080049a4   0x0000001c   Code   RO         5085    i.fcPVP_init        fcpvp.o
    0x080049c0   0x00000034   Code   RO         5048    i.fcUNB_init        fcunb.o
    0x080049f4   0x00000040   Code   RO         5778    i.flashDataCheckStartup  fdatahandling.o
    0x08004a34   0x00000060   Code   RO         5779    i.flashDataWriteChecking  fdatahandling.o
    0x08004a94   0x0000003e   Code   RO         5328    i.initFunctions     initfunctions.o
    0x08004ad2   0x00000002   PAD
    0x08004ad4   0x000000d0   Code   RO         5282    i.init_conversion   conversion.o
    0x08004ba4   0x00000748   Code   RO         4721    i.init_protection   init_protection.o
    0x080052ec   0x00000160   Code   RO          499    i.main              main.o
    0x0800544c   0x00000012   Code   RO         5705    i.main_flow         main_flow.o
    0x0800545e   0x0000000a   Code   RO          786    i.maxSelector_3p    protection_functions.o
    0x08005468   0x00000042   Code   RO          788    i.off_delay         protection_functions.o
    0x080054aa   0x00000040   Code   RO          789    i.on_delay          protection_functions.o
    0x080054ea   0x0000002c   Code   RO          790    i.on_off_delay      protection_functions.o
    0x08005516   0x00000012   Code   RO         5119    i.pick_trip_reset_handles  pickup_handles.o
    0x08005528   0x00000518   Code   RO         5120    i.pick_up_handles   pickup_handles.o
    0x08005a40   0x00000034   Code   RO          688    i.prefilter_oc      measurement_functions.o
    0x08005a74   0x00000330   Code   RO         5678    i.pullDataFromMaster  configparams.o
    0x08005da4   0x000007ac   Code   RO         5625    i.pushDataToMaster  commparams.o
    0x08006550   0x00000294   Code   RO         5121    i.reset_handles     pickup_handles.o
    0x080067e4   0x00000002   Code   RO         5519    i.spi_initComApp    spi_masterslave.o
    0x080067e6   0x00000002   PAD
    0x080067e8   0x00000044   Code   RO         5521    i.spi_sysTickCallApp  spi_masterslave.o
    0x0800682c   0x0000040c   Code   RO         5122    i.trip_handles      pickup_handles.o
    0x08006c38   0x00000014   Code   RO         5573    i.uart_initComApp   uart_masterslave.o
    0x08006c4c   0x00000040   Code   RO         5575    i.uart_sysTickCallApp  uart_masterslave.o
    0x08006c8c   0x00000008   Data   RO         2521    .constdata          stm32f7xx_hal_dma.o
    0x08006c94   0x00000010   Data   RO         4757    .constdata          fc50.o
    0x08006ca4   0x00000010   Data   RO         4787    .constdata          fc50n.o
    0x08006cb4   0x00000014   Data   RO         4816    .constdata          fc51.o
    0x08006cc8   0x00000014   Data   RO         4842    .constdata          fc51n.o
    0x08006cdc   0x0000000c   Data   RO         4868    .constdata          fc27.o
    0x08006ce8   0x0000000c   Data   RO         4903    .constdata          fc59.o
    0x08006cf4   0x00000024   Data   RO         4926    .constdata          fc46.o
    0x08006d18   0x00000018   Data   RO         4949    .constdata          fc49.o
    0x08006d30   0x00000018   Data   RO         4977    .constdata          fcbf.o
    0x08006d48   0x0000000c   Data   RO         5015    .constdata          fc37.o
    0x08006d54   0x00000014   Data   RO         5052    .constdata          fcunb.o
    0x08006d68   0x00000020   Data   RO         5089    .constdata          fcpvp.o
    0x08006d88   0x00000010   Data   RO         5738    .constdata          system_stm32f7xx.o
    0x08006d98   0x00000008   Data   RO         5739    .constdata          system_stm32f7xx.o
    0x08006da0   0x00000020   Data   RO         6022    Region$$Table       anon$$obj.o


    Execution Region RW_IRAM1 (Base: 0x20000000, Size: 0x00007500, Max: 0x0001ffff, ABSOLUTE, COMPRESSED[0x00000058])

    Base Addr    Size         Type   Attr      Idx    E Section Name        Object

    0x20000000   0x00000008   Data   RW          501    .data               main.o
    0x20000008   0x0000000c   Data   RW         2333    .data               stm32f7xx_hal.o
    0x20000014   0x0000006c   Data   RW         4723    .data               init_protection.o
    0x20000080   0x00000018   Data   RW         4869    .data               fc27.o
    0x20000098   0x00000038   Data   RW         4950    .data               fc49.o
    0x200000d0   0x00000018   Data   RW         5016    .data               fc37.o
    0x200000e8   0x00000018   Data   RW         5057    .data               fcunb.o
    0x20000100   0x00000002   Data   RW         5124    .data               pickup_handles.o
    0x20000102   0x00000002   PAD
    0x20000104   0x0000000c   Data   RW         5176    .data               alarms.o
    0x20000110   0x00000014   Data   RW         5284    .data               conversion.o
    0x20000124   0x00000008   Data   RW         5359    .data               boardio.o
    0x2000012c   0x0000000c   Data   RW         5679    .data               configparams.o
    0x20000138   0x00000004   Data   RW         5740    .data               system_stm32f7xx.o
    0x2000013c   0x0000000c   Data   RW         5786    .data               fdatahandling.o
    0x20000148   0x00000004   Data   RW         6009    .data               mc_w.l(errno.o)
    0x2000014c   0x00000080   Zero   RW            8    .bss                tim.o
    0x200001cc   0x00000020   Zero   RW          175    .bss                rtc.o
    0x200001ec   0x0000004c   Zero   RW          217    .bss                quadspi.o
    0x20000238   0x000001f8   Zero   RW          447    .bss                adc.o
    0x20000430   0x0000003c   Zero   RW          500    .bss                main.o
    0x2000046c   0x00000070   Zero   RW          607    .bss                usart.o
    0x200004dc   0x00000064   Zero   RW          649    .bss                spi.o
    0x20000540   0x0000001c   Zero   RW         1220    .bss                stm32f7xx_hal_flash.o
    0x2000055c   0x00000074   Zero   RW         4722    .bss                init_protection.o
    0x200005d0   0x000000cc   Zero   RW         4747    .bss                fc50.o
    0x2000069c   0x00000054   Zero   RW         4786    .bss                fc50n.o
    0x200006f0   0x0000004c   Zero   RW         4812    .bss                fc51.o
    0x2000073c   0x00000020   Zero   RW         4841    .bss                fc51n.o
    0x2000075c   0x00000018   Zero   RW         4867    .bss                fc27.o
    0x20000774   0x00000060   Zero   RW         4902    .bss                fc59.o
    0x200007d4   0x00000044   Zero   RW         4924    .bss                fc46.o
    0x20000818   0x00000028   Zero   RW         4948    .bss                fc49.o
    0x20000840   0x00000024   Zero   RW         4976    .bss                fcbf.o
    0x20000864   0x00000018   Zero   RW         5014    .bss                fc37.o
    0x2000087c   0x0000010c   Zero   RW         5050    .bss                fcunb.o
    0x20000988   0x00000010   Zero   RW         5051    .bss                fcunb.o
    0x20000998   0x000009c8   Zero   RW         5088    .bss                fcpvp.o
    0x20001360   0x00000128   Zero   RW         5123    .bss                pickup_handles.o
    0x20001488   0x00000010   Zero   RW         5175    .bss                alarms.o
    0x20001498   0x00002234   Zero   RW         5203    .bss                cs_handles.o
    0x200036cc   0x00001038   Zero   RW         5242    .bss                truerms.o
    0x20004704   0x0000045c   Zero   RW         5262    .bss                spectra.o
    0x20004b60   0x00000214   Zero   RW         5283    .bss                conversion.o
    0x20004d74   0x00000024   Zero   RW         5343    .bss                powersysdata.o
    0x20004d98   0x00001790   Zero   RW         5522    .bss                spi_masterslave.o
    0x20006528   0x00000bc0   Zero   RW         5576    .bss                uart_masterslave.o
    0x200070e8   0x00000014   Zero   RW         5785    .bss                fdatahandling.o
    0x200070fc   0x00000004   PAD
    0x20007100   0x00000400   Zero   RW          897    STACK               startup_stm32f767xx.o


==============================================================================

Image component sizes


      Code (inc. data)   RO Data    RW Data    ZI Data      Debug   Object Name

      1072        138          0          0        504       3741   adc.o
       192         26          0         12         16       2269   alarms.o
       588         28          0          8          0       1974   boardio.o
      1964        232          0          0          0       1643   commparams.o
       816        112          0         12          0       6984   configparams.o
       960         62          0         20        532       5062   conversion.o
         0          0          0          0       8756       5245   cs_handles.o
        44          4          0          0          0        762   dma.o
        32          8         12         24         24       2305   fc27.o
        32          8         12         24         24       1052   fc37.o
        68         14         36          0         68       1332   fc46.o
        88         16         24         56         40       1614   fc49.o
        48          8         16          0        204       1912   fc50.o
        32         10         16          0         84        944   fc50n.o
        76         14         20          0         76       1088   fc51.o
        60         14         20          0         32        792   fc51n.o
        28         10         12          0         96       1060   fc59.o
        28         10         24          0         36        743   fcbf.o
        28         10         32          0       2504       2554   fcpvp.o
        52         14         20         24        284       2518   fcunb.o
       732        114          0         12         20       5698   fdatahandling.o
       568         38          0          0          0       1239   gpio.o
      1864        134          0        108        116      10448   init_protection.o
        62          0          0          0          0        532   initfunctions.o
       552         62          0          8         60      38487   main.o
        18          0          0          0          0        476   main_flow.o
        52         10          0          0          0       1951   measurement_functions.o
      3018        454          0          2        296      13155   pickup_handles.o
         0          0          0          0         36        810   powersysdata.o
       184          0          0          0          0       6815   protection_functions.o
       220         48          0          0         76       1729   quadspi.o
       108         30          0          0         32       1451   rtc.o
         0          0          0          0       1116        717   spectra.o
       200         36          0          0        100       1677   spi.o
        70          6          0          0       6032       3913   spi_masterslave.o
        36          8        504          0       1024        808   startup_stm32f767xx.o
       114         20          0         12          0       3365   stm32f7xx_hal.o
      1116         42          0          0          0       4794   stm32f7xx_hal_adc.o
       600         34          0          0          0       4314   stm32f7xx_hal_adc_ex.o
       228         14          0          0          0      36685   stm32f7xx_hal_cortex.o
      1028         20          8          0          0       5130   stm32f7xx_hal_dma.o
       480         40          0          0         28       4414   stm32f7xx_hal_flash.o
       292          8          0          0          0       2860   stm32f7xx_hal_flash_ex.o
       636         24          0          0          0       3786   stm32f7xx_hal_gpio.o
        88          0          0          0          0        530   stm32f7xx_hal_msp.o
       124          8          0          0          0       1264   stm32f7xx_hal_pwr_ex.o
       292          4          0          0          0       2892   stm32f7xx_hal_qspi.o
      1612        114          0          0          0       5858   stm32f7xx_hal_rcc.o
      1500         36          0          0          0       2280   stm32f7xx_hal_rcc_ex.o
       202          0          0          0          0       1601   stm32f7xx_hal_rtc.o
       478          6          0          0          0       4061   stm32f7xx_hal_spi.o
      1144         20          0          0          0       9883   stm32f7xx_hal_tim.o
        98          0          0          0          0       2774   stm32f7xx_hal_tim_ex.o
      2042         42          0          0          0       9160   stm32f7xx_hal_uart.o
       126         40          0          0          0       7488   stm32f7xx_it.o
        96         20         24          4          0       1243   system_stm32f7xx.o
       316         58          0          0        128     919287   tim.o
         0          0          0          0       4152       2843   truerms.o
       196         28          0          0       3008       5153   uart_masterslave.o
       180         32          0          0        112       1690   usart.o

    ----------------------------------------------------------------------
     26910       2288        812        328      29620    1178855   Object Totals
         0          0         32          0          0          0   (incl. Generated)
        30          0          0          2          4          0   (incl. Padding)

    ----------------------------------------------------------------------

      Code (inc. data)   RO Data    RW Data    ZI Data      Debug   Library Member Name

        58          0          0          0          0        136   sqrtf.o
        58          0          0          0          0          0   __dczerorl.o
         0          0          0          0          0          0   entry.o
         0          0          0          0          0          0   entry10a.o
         0          0          0          0          0          0   entry11a.o
         8          4          0          0          0          0   entry2.o
         4          0          0          0          0          0   entry5.o
         0          0          0          0          0          0   entry7b.o
         0          0          0          0          0          0   entry8b.o
         8          4          0          0          0          0   entry9a.o
        12          6          0          4          0         68   errno.o
        30          0          0          0          0          0   handlers.o
        36          8          0          0          0         68   init.o
         0          0          0          0          0          0   iusefp.o
        30          0          0          0          0         68   llshl.o
        32          0          0          0          0         68   llushr.o
        98          0          0          0          0         92   uldiv.o

    ----------------------------------------------------------------------
       374         22          0          4          0        500   Library Totals
         0          0          0          0          0          0   (incl. Padding)

    ----------------------------------------------------------------------

      Code (inc. data)   RO Data    RW Data    ZI Data      Debug   Library Name

        58          0          0          0          0        136   m_wv.l
       316         22          0          4          0        364   mc_w.l

    ----------------------------------------------------------------------
       374         22          0          4          0        500   Library Totals

    ----------------------------------------------------------------------

==============================================================================


      Code (inc. data)   RO Data    RW Data    ZI Data      Debug   

     27284       2310        812        332      29620    1165687   Grand Totals
     27284       2310        812         88      29620    1165687   ELF Image Totals (compressed)
     27284       2310        812         88          0          0   ROM Totals

==============================================================================

    Total RO  Size (Code + RO Data)                28096 (  27.44kB)
    Total RW  Size (RW Data + ZI Data)             29952 (  29.25kB)
    Total ROM Size (Code + RO Data + RW Data)      28184 (  27.52kB)

==============================================================================

