Component: ARM Compiler 5.06 update 3 (build 300) Tool: armlink [4d35c9]

==============================================================================

Section Cross References

    tim.o(i.HAL_TIM_Base_MspDeInit) refers to stm32f7xx_hal_cortex.o(i.HAL_NVIC_DisableIRQ) for HAL_NVIC_DisableIRQ
    tim.o(i.HAL_TIM_Base_MspInit) refers to stm32f7xx_hal_cortex.o(i.HAL_NVIC_SetPriority) for HAL_NVIC_SetPriority
    tim.o(i.HAL_TIM_Base_MspInit) refers to stm32f7xx_hal_cortex.o(i.HAL_NVIC_EnableIRQ) for HAL_NVIC_EnableIRQ
    tim.o(i.MX_TIM1_Init) refers to stm32f7xx_hal_tim.o(i.HAL_TIM_Base_Init) for HAL_TIM_Base_Init
    tim.o(i.MX_TIM1_Init) refers to main.o(i._Error_Handler) for _Error_Handler
    tim.o(i.MX_TIM1_Init) refers to stm32f7xx_hal_tim.o(i.HAL_TIM_ConfigClockSource) for HAL_TIM_ConfigClockSource
    tim.o(i.MX_TIM1_Init) refers to stm32f7xx_hal_tim_ex.o(i.HAL_TIMEx_MasterConfigSynchronization) for HAL_TIMEx_MasterConfigSynchronization
    tim.o(i.MX_TIM1_Init) refers to tim.o(.bss) for .bss
    tim.o(i.MX_TIM6_Init) refers to stm32f7xx_hal_tim.o(i.HAL_TIM_Base_Init) for HAL_TIM_Base_Init
    tim.o(i.MX_TIM6_Init) refers to main.o(i._Error_Handler) for _Error_Handler
    tim.o(i.MX_TIM6_Init) refers to stm32f7xx_hal_tim_ex.o(i.HAL_TIMEx_MasterConfigSynchronization) for HAL_TIMEx_MasterConfigSynchronization
    tim.o(i.MX_TIM6_Init) refers to tim.o(.bss) for .bss
    rtc.o(i.MX_RTC_Init) refers to stm32f7xx_hal_rtc.o(i.HAL_RTC_Init) for HAL_RTC_Init
    rtc.o(i.MX_RTC_Init) refers to main.o(i._Error_Handler) for _Error_Handler
    rtc.o(i.MX_RTC_Init) refers to rtc.o(.bss) for .bss
    quadspi.o(i.HAL_QSPI_MspDeInit) refers to stm32f7xx_hal_gpio.o(i.HAL_GPIO_DeInit) for HAL_GPIO_DeInit
    quadspi.o(i.HAL_QSPI_MspInit) refers to stm32f7xx_hal_gpio.o(i.HAL_GPIO_Init) for HAL_GPIO_Init
    quadspi.o(i.MX_QUADSPI_Init) refers to stm32f7xx_hal_qspi.o(i.HAL_QSPI_Init) for HAL_QSPI_Init
    quadspi.o(i.MX_QUADSPI_Init) refers to main.o(i._Error_Handler) for _Error_Handler
    quadspi.o(i.MX_QUADSPI_Init) refers to quadspi.o(.bss) for .bss
    dma.o(i.MX_DMA_Init) refers to stm32f7xx_hal_cortex.o(i.HAL_NVIC_SetPriority) for HAL_NVIC_SetPriority
    dma.o(i.MX_DMA_Init) refers to stm32f7xx_hal_cortex.o(i.HAL_NVIC_EnableIRQ) for HAL_NVIC_EnableIRQ
    stm32f7xx_hal_msp.o(i.HAL_MspInit) refers to stm32f7xx_hal_cortex.o(i.HAL_NVIC_SetPriorityGrouping) for HAL_NVIC_SetPriorityGrouping
    stm32f7xx_hal_msp.o(i.HAL_MspInit) refers to stm32f7xx_hal_cortex.o(i.HAL_NVIC_SetPriority) for HAL_NVIC_SetPriority
    stm32f7xx_it.o(i.DMA2_Stream0_IRQHandler) refers to stm32f7xx_hal_dma.o(i.HAL_DMA_IRQHandler) for HAL_DMA_IRQHandler
    stm32f7xx_it.o(i.DMA2_Stream0_IRQHandler) refers to adc.o(.bss) for hdma_adc1
    stm32f7xx_it.o(i.DMA2_Stream1_IRQHandler) refers to stm32f7xx_hal_dma.o(i.HAL_DMA_IRQHandler) for HAL_DMA_IRQHandler
    stm32f7xx_it.o(i.DMA2_Stream1_IRQHandler) refers to adc.o(.bss) for hdma_adc3
    stm32f7xx_it.o(i.DMA2_Stream2_IRQHandler) refers to stm32f7xx_hal_dma.o(i.HAL_DMA_IRQHandler) for HAL_DMA_IRQHandler
    stm32f7xx_it.o(i.DMA2_Stream2_IRQHandler) refers to adc.o(.bss) for hdma_adc2
    stm32f7xx_it.o(i.EXTI15_10_IRQHandler) refers to stm32f7xx_hal_gpio.o(i.HAL_GPIO_EXTI_IRQHandler) for HAL_GPIO_EXTI_IRQHandler
    stm32f7xx_it.o(i.EXTI15_10_IRQHandler) refers to main.o(.data) for incoming_data_flag
    stm32f7xx_it.o(i.SPI2_IRQHandler) refers to stm32f7xx_hal_spi.o(i.HAL_SPI_IRQHandler) for HAL_SPI_IRQHandler
    stm32f7xx_it.o(i.SPI2_IRQHandler) refers to spi.o(.bss) for hspi2
    stm32f7xx_it.o(i.SysTick_Handler) refers to stm32f7xx_hal.o(i.HAL_IncTick) for HAL_IncTick
    stm32f7xx_it.o(i.SysTick_Handler) refers to stm32f7xx_hal_cortex.o(i.HAL_SYSTICK_IRQHandler) for HAL_SYSTICK_IRQHandler
    stm32f7xx_it.o(i.SysTick_Handler) refers to uart_masterslave.o(i.uart_sysTickCallApp) for uart_sysTickCallApp
    stm32f7xx_it.o(i.SysTick_Handler) refers to spi_masterslave.o(i.spi_sysTickCallApp) for spi_sysTickCallApp
    stm32f7xx_it.o(i.TIM1_UP_TIM10_IRQHandler) refers to stm32f7xx_hal_tim.o(i.HAL_TIM_IRQHandler) for HAL_TIM_IRQHandler
    stm32f7xx_it.o(i.TIM1_UP_TIM10_IRQHandler) refers to tim.o(.bss) for htim1
    stm32f7xx_it.o(i.USART2_IRQHandler) refers to stm32f7xx_hal_uart.o(i.HAL_UART_IRQHandler) for HAL_UART_IRQHandler
    stm32f7xx_it.o(i.USART2_IRQHandler) refers to usart.o(.bss) for huart2
    adc.o(i.HAL_ADC_MspDeInit) refers to stm32f7xx_hal_gpio.o(i.HAL_GPIO_DeInit) for HAL_GPIO_DeInit
    adc.o(i.HAL_ADC_MspDeInit) refers to stm32f7xx_hal_dma.o(i.HAL_DMA_DeInit) for HAL_DMA_DeInit
    adc.o(i.HAL_ADC_MspInit) refers to stm32f7xx_hal_gpio.o(i.HAL_GPIO_Init) for HAL_GPIO_Init
    adc.o(i.HAL_ADC_MspInit) refers to stm32f7xx_hal_dma.o(i.HAL_DMA_Init) for HAL_DMA_Init
    adc.o(i.HAL_ADC_MspInit) refers to main.o(i._Error_Handler) for _Error_Handler
    adc.o(i.HAL_ADC_MspInit) refers to adc.o(.bss) for .bss
[...]
    .data                                    0x20000000   Section        8  main.o(.data)
    .data                                    0x20000008   Section        4  stm32f7xx_hal.o(.data)
    .data                                    0x2000000c   Section        4  system_stm32f7xx.o(.data)
    .data                                    0x20000010   Section      108  init_protection.o(.data)
    .data                                    0x2000007c   Section       24  fc27.o(.data)
    cs_qual                                  0x2000007c   Data           1  fc27.o(.data)
    cs_counter                               0x20000080   Data           4  fc27.o(.data)
    .data                                    0x20000094   Section       32  fc49.o(.data)
    .data                                    0x200000b4   Section        4  fc49.o(.data)
    .data                                    0x200000b8   Section        4  fc49.o(.data)
    .data                                    0x200000bc   Section        4  fc49.o(.data)
    .data                                    0x200000c0   Section       32  fc37.o(.data)
    current_checked                          0x200000c0   Data           1  fc37.o(.data)
    inhibit_enabled                          0x200000c1   Data           1  fc37.o(.data)
    pick_current_counter                     0x200000c4   Data           4  fc37.o(.data)
    .data                                    0x200000e0   Section        8  fc37.o(.data)
    .data                                    0x200000e8   Section        8  fc37.o(.data)
    .data                                    0x200000f0   Section        8  fc37.o(.data)
    .data                                    0x200000f8   Section       24  fcunb.o(.data)
    passed                                   0x200000f8   Data           1  fcunb.o(.data)
    counter                                  0x200000f9   Data           1  fcunb.o(.data)
    time_out_counter                         0x20000104   Data           4  fcunb.o(.data)
    .data                                    0x20000110   Section      444  fcpvp.o(.data)
    counter                                  0x20000110   Data           4  fcpvp.o(.data)
    .data                                    0x200002cc   Section        2  pickup_handles.o(.data)
    pick_up_counter                          0x200002cd   Data           1  pickup_handles.o(.data)
    .data                                    0x200002d0   Section      400  cs_handles.o(.data)
    .data                                    0x20000460   Section        1  truerms.o(.data)
    counter                                  0x20000460   Data           1  truerms.o(.data)
    .data                                    0x20000464   Section      404  spectra.o(.data)
    count                                    0x20000464   Data           4  spectra.o(.data)
    .data                                    0x200005f8   Section       20  conversion.o(.data)
    count                                    0x20000600   Data           4  conversion.o(.data)
    sum                                      0x20000604   Data           4  conversion.o(.data)
    x                                        0x20000608   Data           4  conversion.o(.data)
    .data                                    0x2000060c   Section        4  conversion.o(.data)
    .data                                    0x20000610   Section        8  boardio.o(.data)
    .data                                    0x20000618   Section        4  dataparsermerger.o(.data)
    .data                                    0x2000061c   Section       12  configparams.o(.data)
    .data                                    0x20000628   Section        4  errno.o(.data)
    _errno                                   0x20000628   Data           4  errno.o(.data)
    .bss                                     0x2000062c   Section      128  tim.o(.bss)
    .bss                                     0x200006ac   Section       32  rtc.o(.bss)
    .bss                                     0x200006cc   Section       76  quadspi.o(.bss)
    .bss                                     0x20000718   Section      504  adc.o(.bss)
    .bss                                     0x20000910   Section       60  main.o(.bss)
    .bss                                     0x2000094c   Section      112  usart.o(.bss)
    .bss                                     0x200009bc   Section      100  spi.o(.bss)
    .bss                                     0x20000a20   Section      116  init_protection.o(.bss)
    .bss                                     0x20000a94   Section      204  fc50.o(.bss)
    .bss                                     0x20000b60   Section       12  fc50.o(.bss)
    .bss                                     0x20000b6c   Section       12  fc50.o(.bss)
    .bss                                     0x20000b78   Section       12  fc50.o(.bss)
    .bss                                     0x20000b84   Section       12  fc50.o(.bss)
    .bss                                     0x20000b90   Section       12  fc50.o(.bss)
    .bss                                     0x20000b9c   Section       12  fc50.o(.bss)
    .bss                                     0x20000ba8   Section       12  fc50.o(.bss)
    .bss                                     0x20000bb4   Section       12  fc50.o(.bss)
    .bss                                     0x20000bc0   Section       12  fc50.o(.bss)
    .bss                                     0x20000bcc   Section       84  fc50n.o(.bss)
    .bss                                     0x20000c20   Section       76  fc51.o(.bss)
    .bss                                     0x20000c6c   Section       12  fc51.o(.bss)
    .bss                                     0x20000c78   Section       12  fc51.o(.bss)
    .bss                                     0x20000c84   Section       12  fc51.o(.bss)
    .bss                                     0x20000c90   Section       32  fc51n.o(.bss)
    .bss                                     0x20000cb0   Section       24  fc27.o(.bss)
    .bss                                     0x20000cc8   Section       96  fc59.o(.bss)
    .bss                                     0x20000d28   Section       68  fc46.o(.bss)
    .bss                                     0x20000d6c   Section       40  fc49.o(.bss)
    .bss                                     0x20000d94   Section       36  fcbf.o(.bss)
    .bss                                     0x20000db8   Section       24  fc37.o(.bss)
    .bss                                     0x20000dd0   Section      268  fcunb.o(.bss)
    UNBa_buffer                              0x20000e08   Data         100  fcunb.o(.bss)
    UNBb_buffer                              0x20000e6c   Data         100  fcunb.o(.bss)
    .bss                                     0x20000edc   Section     2504  fcpvp.o(.bss)
    peakBuffer                               0x200013d4   Data        1200  fcpvp.o(.bss)
    .bss                                     0x200018a4   Section      296  pickup_handles.o(.bss)
    pick_buffer                              0x200018d4   Data         248  pickup_handles.o(.bss)
    .bss                                     0x200019cc   Section     5552  cs_handles.o(.bss)
    .bss                                     0x20002f7c   Section     4152  truerms.o(.bss)
    .bss                                     0x20003fb4   Section     1116  spectra.o(.bss)
    .bss                                     0x20004410   Section      472  conversion.o(.bss)
    .bss                                     0x200045e8   Section       36  powersysdata.o(.bss)
    .bss                                     0x2000460c   Section     6032  spi_masterslave.o(.bss)
    .bss                                     0x20005d9c   Section     3008  uart_masterslave.o(.bss)
    STACK                                    0x20006960   Section     1024  startup_stm32f767xx.o(STACK)

    Global Symbols

    Symbol Name                              Value     Ov Type        Size  Object(Section)

    BuildAttributes$$THM_ISAv4$E$P$D$K$B$S$7EM$VFPv5_D16$PE$PLD8$A:L22UL41UL21$X:L11$S22US41US21$IEEE1$IW$USESV6$~STKCKD$USESV7$~SHL$OTIME$ROPI$IEEEX$EBA8$MICROLIB$REQ8$PRES8$EABIv2 0x00000000   Number         0  anon$$obj.o ABSOLUTE
    __ARM_use_no_argv                        0x00000000   Number         0  main.o ABSOLUTE
    __cpp_initialize__aeabi_                  - Undefined Weak Reference
    __cxa_finalize                            - Undefined Weak Reference
    _clock_init                               - Undefined Weak Reference
    _microlib_exit                            - Undefined Weak Reference
    __Vectors_Size                           0x000001f8   Number         0  startup_stm32f767xx.o ABSOLUTE
    __Vectors                                0x08000000   Data           4  startup_stm32f767xx.o(RESET)
    __Vectors_End                            0x080001f8   Data           0  startup_stm32f767xx.o(RESET)
    __main                                   0x080001f9   Thumb Code     0  entry.o(.ARM.Collect$$$$00000000)
    _main_stk                                0x080001f9   Thumb Code     0  entry2.o(.ARM.Collect$$$$00000001)
    _main_scatterload                        0x080001fd   Thumb Code     0  entry5.o(.ARM.Collect$$$$00000004)
    __main_after_scatterload                 0x08000201   Thumb Code     0  entry5.o(.ARM.Collect$$$$00000004)
    _main_clock                              0x08000201   Thumb Code     0  entry7b.o(.ARM.Collect$$$$00000008)
    _main_cpp_init                           0x08000201   Thumb Code     0  entry8b.o(.ARM.Collect$$$$0000000A)
    _main_init                               0x08000201   Thumb Code     0  entry9a.o(.ARM.Collect$$$$0000000B)
    __rt_final_cpp                           0x08000209   Thumb Code     0  entry10a.o(.ARM.Collect$$$$0000000D)
    __rt_final_exit                          0x08000209   Thumb Code     0  entry11a.o(.ARM.Collect$$$$0000000F)
    Reset_Handler                            0x0800020d   Thumb Code     8  startup_stm32f767xx.o(.text)
    ADC_IRQHandler                           0x08000227   Thumb Code     0  startup_stm32f767xx.o(.text)
    CAN1_RX0_IRQHandler                      0x08000227   Thumb Code     0  startup_stm32f767xx.o(.text)
    CAN1_RX1_IRQHandler                      0x08000227   Thumb Code     0  startup_stm32f767xx.o(.text)
    CAN1_SCE_IRQHandler                      0x08000227   Thumb Code     0  startup_stm32f767xx.o(.text)
    CAN1_TX_IRQHandler                       0x08000227   Thumb Code     0  startup_stm32f767xx.o(.text)
    CAN2_RX0_IRQHandler                      0x08000227   Thumb Code     0  startup_stm32f767xx.o(.text)
    CAN2_RX1_IRQHandler                      0x08000227   Thumb Code     0  startup_stm32f767xx.o(.text)
    CAN2_SCE_IRQHandler                      0x08000227   Thumb Code     0  startup_stm32f767xx.o(.text)
    CAN2_TX_IRQHandler                       0x08000227   Thumb Code     0  startup_stm32f767xx.o(.text)
    CAN3_RX0_IRQHandler                      0x08000227   Thumb Code     0  startup_stm32f767xx.o(.text)
    CAN3_RX1_IRQHandler                      0x08000227   Thumb Code     0  startup_stm32f767xx.o(.text)
    CAN3_SCE_IRQHandler                      0x08000227   Thumb Code     0  startup_stm32f767xx.o(.text)
    CAN3_TX_IRQHandler                       0x08000227   Thumb Code     0  startup_stm32f767xx.o(.text)
    CEC_IRQHandler                           0x08000227   Thumb Code     0  startup_stm32f767xx.o(.text)
    DCMI_IRQHandler                          0x08000227   Thumb Code     0  startup_stm32f767xx.o(.text)
    DFSDM1_FLT0_IRQHandler                   0x08000227   Thumb Code     0  startup_stm32f767xx.o(.text)
    DFSDM1_FLT1_IRQHandler                   0x08000227   Thumb Code     0  startup_stm32f767xx.o(.text)
    DFSDM1_FLT2_IRQHandler                   0x08000227   Thumb Code     0  startup_stm32f767xx.o(.text)
    DFSDM1_FLT3_IRQHandler                   0x08000227   Thumb Code     0  startup_stm32f767xx.o(.text)
    DMA1_Stream0_IRQHandler                  0x08000227   Thumb Code     0  startup_stm32f767xx.o(.text)
    DMA1_Stream1_IRQHandler                  0x08000227   Thumb Code     0  startup_stm32f767xx.o(.text)
    DMA1_Stream2_IRQHandler                  0x08000227   Thumb Code     0  startup_stm32f767xx.o(.text)
    DMA1_Stream3_IRQHandler                  0x08000227   Thumb Code     0  startup_stm32f767xx.o(.text)
    DMA1_Stream4_IRQHandler                  0x08000227   Thumb Code     0  startup_stm32f767xx.o(.text)
    DMA1_Stream5_IRQHandler                  0x08000227   Thumb Code     0  startup_stm32f767xx.o(.text)
    DMA1_Stream6_IRQHandler                  0x08000227   Thumb Code     0  startup_stm32f767xx.o(.text)
    DMA1_Stream7_IRQHandler                  0x08000227   Thumb Code     0  startup_stm32f767xx.o(.text)
    DMA2D_IRQHandler                         0x08000227   Thumb Code     0  startup_stm32f767xx.o(.text)
    DMA2_Stream3_IRQHandler                  0x08000227   Thumb Code     0  startup_stm32f767xx.o(.text)
    DMA2_Stream4_IRQHandler                  0x08000227   Thumb Code     0  startup_stm32f767xx.o(.text)
    DMA2_Stream5_IRQHandler                  0x08000227   Thumb Code     0  startup_stm32f767xx.o(.text)
    DMA2_Stream6_IRQHandler                  0x08000227   Thumb Code     0  startup_stm32f767xx.o(.text)
    DMA2_Stream7_IRQHandler                  0x08000227   Thumb Code     0  startup_stm32f767xx.o(.text)
    ETH_IRQHandler                           0x08000227   Thumb Code     0  startup_stm32f767xx.o(.text)
    ETH_WKUP_IRQHandler                      0x08000227   Thumb Code     0  startup_stm32f767xx.o(.text)
    EXTI0_IRQHandler                         0x08000227   Thumb Code     0  startup_stm32f767xx.o(.text)
    EXTI1_IRQHandler                         0x08000227   Thumb Code     0  startup_stm32f767xx.o(.text)
    EXTI2_IRQHandler                         0x08000227   Thumb Code     0  startup_stm32f767xx.o(.text)
    EXTI3_IRQHandler                         0x08000227   Thumb Code     0  startup_stm32f767xx.o(.text)
    EXTI4_IRQHandler                         0x08000227   Thumb Code     0  startup_stm32f767xx.o(.text)
    EXTI9_5_IRQHandler                       0x08000227   Thumb Code     0  startup_stm32f767xx.o(.text)
    FLASH_IRQHandler                         0x08000227   Thumb Code     0  startup_stm32f767xx.o(.text)
    FMC_IRQHandler                           0x08000227   Thumb Code     0  startup_stm32f767xx.o(.text)
    FPU_IRQHandler                           0x08000227   Thumb Code     0  startup_stm32f767xx.o(.text)
    I2C1_ER_IRQHandler                       0x08000227   Thumb Code     0  startup_stm32f767xx.o(.text)
    I2C1_EV_IRQHandler                       0x08000227   Thumb Code     0  startup_stm32f767xx.o(.text)
    I2C2_ER_IRQHandler                       0x08000227   Thumb Code     0  startup_stm32f767xx.o(.text)
    I2C2_EV_IRQHandler                       0x08000227   Thumb Code     0  startup_stm32f767xx.o(.text)
    I2C3_ER_IRQHandler                       0x08000227   Thumb Code     0  startup_stm32f767xx.o(.text)
    I2C3_EV_IRQHandler                       0x08000227   Thumb Code     0  startup_stm32f767xx.o(.text)
    I2C4_ER_IRQHandler                       0x08000227   Thumb Code     0  startup_stm32f767xx.o(.text)
    I2C4_EV_IRQHandler                       0x08000227   Thumb Code     0  startup_stm32f767xx.o(.text)
    JPEG_IRQHandler                          0x08000227   Thumb Code     0  startup_stm32f767xx.o(.text)
    LPTIM1_IRQHandler                        0x08000227   Thumb Code     0  startup_stm32f767xx.o(.text)
    LTDC_ER_IRQHandler                       0x08000227   Thumb Code     0  startup_stm32f767xx.o(.text)
    LTDC_IRQHandler                          0x08000227   Thumb Code     0  startup_stm32f767xx.o(.text)
    MDIOS_IRQHandler                         0x08000227   Thumb Code     0  startup_stm32f767xx.o(.text)
    OTG_FS_IRQHandler                        0x08000227   Thumb Code     0  startup_stm32f767xx.o(.text)
    OTG_FS_WKUP_IRQHandler                   0x08000227   Thumb Code     0  startup_stm32f767xx.o(.text)
    OTG_HS_EP1_IN_IRQHandler                 0x08000227   Thumb Code     0  startup_stm32f767xx.o(.text)
    OTG_HS_EP1_OUT_IRQHandler                0x08000227   Thumb Code     0  startup_stm32f767xx.o(.text)
    OTG_HS_IRQHandler                        0x08000227   Thumb Code     0  startup_stm32f767xx.o(.text)
    OTG_HS_WKUP_IRQHandler                   0x08000227   Thumb Code     0  startup_stm32f767xx.o(.text)
    PVD_IRQHandler                           0x08000227   Thumb Code     0  startup_stm32f767xx.o(.text)
    QUADSPI_IRQHandler                       0x08000227   Thumb Code     0  startup_stm32f767xx.o(.text)
    RCC_IRQHandler                           0x08000227   Thumb Code     0  startup_stm32f767xx.o(.text)
    RNG_IRQHandler                           0x08000227   Thumb Code     0  startup_stm32f767xx.o(.text)
    RTC_Alarm_IRQHandler                     0x08000227   Thumb Code     0  startup_stm32f767xx.o(.text)
    RTC_WKUP_IRQHandler                      0x08000227   Thumb Code     0  startup_stm32f767xx.o(.text)
    SAI1_IRQHandler                          0x08000227   Thumb Code     0  startup_stm32f767xx.o(.text)
    SAI2_IRQHandler                          0x08000227   Thumb Code     0  startup_stm32f767xx.o(.text)
    SDMMC1_IRQHandler                        0x08000227   Thumb Code     0  startup_stm32f767xx.o(.text)
    SDMMC2_IRQHandler                        0x08000227   Thumb Code     0  startup_stm32f767xx.o(.text)
    SPDIF_RX_IRQHandler                      0x08000227   Thumb Code     0  startup_stm32f767xx.o(.text)
    SPI1_IRQHandler                          0x08000227   Thumb Code     0  startup_stm32f767xx.o(.text)
    SPI3_IRQHandler                          0x08000227   Thumb Code     0  startup_stm32f767xx.o(.text)
    SPI4_IRQHandler                          0x08000227   Thumb Code     0  startup_stm32f767xx.o(.text)
    SPI5_IRQHandler                          0x08000227   Thumb Code     0  startup_stm32f767xx.o(.text)
    SPI6_IRQHandler                          0x08000227   Thumb Code     0  startup_stm32f767xx.o(.text)
    TAMP_STAMP_IRQHandler                    0x08000227   Thumb Code     0  startup_stm32f767xx.o(.text)
    TIM1_BRK_TIM9_IRQHandler                 0x08000227   Thumb Code     0  startup_stm32f767xx.o(.text)
    TIM1_CC_IRQHandler                       0x08000227   Thumb Code     0  startup_stm32f767xx.o(.text)
    TIM1_TRG_COM_TIM11_IRQHandler            0x08000227   Thumb Code     0  startup_stm32f767xx.o(.text)
    TIM2_IRQHandler                          0x08000227   Thumb Code     0  startup_stm32f767xx.o(.text)
    TIM3_IRQHandler                          0x08000227   Thumb Code     0  startup_stm32f767xx.o(.text)
    TIM4_IRQHandler                          0x08000227   Thumb Code     0  startup_stm32f767xx.o(.text)
    TIM5_IRQHandler                          0x08000227   Thumb Code     0  startup_stm32f767xx.o(.text)
    TIM6_DAC_IRQHandler                      0x08000227   Thumb Code     0  startup_stm32f767xx.o(.text)
    TIM7_IRQHandler                          0x08000227   Thumb Code     0  startup_stm32f767xx.o(.text)
    TIM8_BRK_TIM12_IRQHandler                0x08000227   Thumb Code     0  startup_stm32f767xx.o(.text)
    TIM8_CC_IRQHandler                       0x08000227   Thumb Code     0  startup_stm32f767xx.o(.text)
    TIM8_TRG_COM_TIM14_IRQHandler            0x08000227   Thumb Code     0  startup_stm32f767xx.o(.text)
    TIM8_UP_TIM13_IRQHandler                 0x08000227   Thumb Code     0  startup_stm32f767xx.o(.text)
    UART4_IRQHandler                         0x08000227   Thumb Code     0  startup_stm32f767xx.o(.text)
    UART5_IRQHandler                         0x08000227   Thumb Code     0  startup_stm32f767xx.o(.text)
    UART7_IRQHandler                         0x08000227   Thumb Code     0  startup_stm32f767xx.o(.text)
    UART8_IRQHandler                         0x08000227   Thumb Code     0  startup_stm32f767xx.o(.text)
    USART1_IRQHandler                        0x08000227   Thumb Code     0  startup_stm32f767xx.o(.text)
    USART3_IRQHandler                        0x08000227   Thumb Code     0  startup_stm32f767xx.o(.text)
    USART6_IRQHandler                        0x08000227   Thumb Code     0  startup_stm32f767xx.o(.text)
    WWDG_IRQHandler                          0x08000227   Thumb Code     0  startup_stm32f767xx.o(.text)
    __aeabi_memcpy                           0x08000231   Thumb Code    36  memcpya.o(.text)
    __aeabi_memcpy4                          0x08000231   Thumb Code     0  memcpya.o(.text)
    __aeabi_memcpy8                          0x08000231   Thumb Code     0  memcpya.o(.text)
    __I$use$fp                               0x08000255   Thumb Code     0  iusefp.o(.text)
    __fp_status                              0x08000255   Thumb Code     4  fpstat.o(.text)
    __ieee_status                            0x08000255   Thumb Code     0  fpstat.o(.text)
    __scatterload                            0x08000259   Thumb Code    28  init.o(.text)
    __scatterload_rt2                        0x08000259   Thumb Code     0  init.o(.text)
    __decompress                             0x0800027d   Thumb Code     0  __dclz77c.o(.text)
    __decompress2                            0x0800027d   Thumb Code    94  __dclz77c.o(.text)
    BusFault_Handler                         0x0800047b   Thumb Code     2  stm32f7xx_it.o(i.BusFault_Handler)
    DMA2_Stream0_IRQHandler                  0x0800047d   Thumb Code     6  stm32f7xx_it.o(i.DMA2_Stream0_IRQHandler)
    DMA2_Stream1_IRQHandler                  0x08000489   Thumb Code     6  stm32f7xx_it.o(i.DMA2_Stream1_IRQHandler)
    DMA2_Stream2_IRQHandler                  0x08000495   Thumb Code     6  stm32f7xx_it.o(i.DMA2_Stream2_IRQHandler)
    DebugMon_Handler                         0x0800056f   Thumb Code     2  stm32f7xx_it.o(i.DebugMon_Handler)
    EXTI15_10_IRQHandler                     0x08000571   Thumb Code    12  stm32f7xx_it.o(i.EXTI15_10_IRQHandler)
    HAL_ADCEx_MultiModeConfigChannel         0x08000581   Thumb Code    78  stm32f7xx_hal_adc_ex.o(i.HAL_ADCEx_MultiModeConfigChannel)
    HAL_ADCEx_MultiModeStart_DMA             0x080005d5   Thumb Code   238  stm32f7xx_hal_adc_ex.o(i.HAL_ADCEx_MultiModeStart_DMA)
    HAL_ADC_ConfigChannel                    0x080006e1   Thumb Code   352  stm32f7xx_hal_adc.o(i.HAL_ADC_ConfigChannel)
    HAL_ADC_ConvCpltCallback                 0x08000851   Thumb Code   728  conversion.o(i.HAL_ADC_ConvCpltCallback)
    HAL_ADC_ConvHalfCpltCallback             0x08000b3d   Thumb Code     2  stm32f7xx_hal_adc.o(i.HAL_ADC_ConvHalfCpltCallback)
    HAL_ADC_ErrorCallback                    0x08000b3f   Thumb Code     2  stm32f7xx_hal_adc.o(i.HAL_ADC_ErrorCallback)
    HAL_ADC_Init                             0x08000b41   Thumb Code    84  stm32f7xx_hal_adc.o(i.HAL_ADC_Init)
    HAL_ADC_MspInit                          0x08000b95   Thumb Code   438  adc.o(i.HAL_ADC_MspInit)
    HAL_ADC_Start                            0x08000d81   Thumb Code   198  stm32f7xx_hal_adc.o(i.HAL_ADC_Start)
    HAL_DMA_Abort_IT                         0x08000e55   Thumb Code    36  stm32f7xx_hal_dma.o(i.HAL_DMA_Abort_IT)
    HAL_DMA_IRQHandler                       0x08000e79   Thumb Code   462  stm32f7xx_hal_dma.o(i.HAL_DMA_IRQHandler)
    HAL_DMA_Init                             0x08001051   Thumb Code   208  stm32f7xx_hal_dma.o(i.HAL_DMA_Init)
    HAL_DMA_Start_IT                         0x08001125   Thumb Code   120  stm32f7xx_hal_dma.o(i.HAL_DMA_Start_IT)
    HAL_GPIO_EXTI_Callback                   0x0800119d   Thumb Code     2  main.o(i.HAL_GPIO_EXTI_Callback)
    HAL_GPIO_EXTI_IRQHandler                 0x080011a1   Thumb Code    18  stm32f7xx_hal_gpio.o(i.HAL_GPIO_EXTI_IRQHandler)
    HAL_GPIO_Init                            0x080011b9   Thumb Code   426  stm32f7xx_hal_gpio.o(i.HAL_GPIO_Init)
    HAL_GPIO_ReadPin                         0x08001399   Thumb Code    14  stm32f7xx_hal_gpio.o(i.HAL_GPIO_ReadPin)
    HAL_GPIO_WritePin                        0x080013a7   Thumb Code    14  stm32f7xx_hal_gpio.o(i.HAL_GPIO_WritePin)
    HAL_GetTick                              0x080013b5   Thumb Code     6  stm32f7xx_hal.o(i.HAL_GetTick)
    HAL_IncTick                              0x080013c1   Thumb Code    10  stm32f7xx_hal.o(i.HAL_IncTick)
    HAL_Init                                 0x080013d1   Thumb Code    22  stm32f7xx_hal.o(i.HAL_Init)
    HAL_InitTick                             0x080013e9   Thumb Code    34  stm32f7xx_hal.o(i.HAL_InitTick)
    HAL_MspInit                              0x08001411   Thumb Code    88  stm32f7xx_hal_msp.o(i.HAL_MspInit)
    HAL_NVIC_EnableIRQ                       0x08001469   Thumb Code    22  stm32f7xx_hal_cortex.o(i.HAL_NVIC_EnableIRQ)
    HAL_NVIC_SetPriority                     0x08001481   Thumb Code    60  stm32f7xx_hal_cortex.o(i.HAL_NVIC_SetPriority)
    HAL_NVIC_SetPriorityGrouping             0x080014c1   Thumb Code    26  stm32f7xx_hal_cortex.o(i.HAL_NVIC_SetPriorityGrouping)
    HAL_PWREx_EnableOverDrive                0x080014e5   Thumb Code   102  stm32f7xx_hal_pwr_ex.o(i.HAL_PWREx_EnableOverDrive)
    HAL_QSPI_Init                            0x08001555   Thumb Code   174  stm32f7xx_hal_qspi.o(i.HAL_QSPI_Init)
    HAL_QSPI_MspInit                         0x0800160d   Thumb Code   112  quadspi.o(i.HAL_QSPI_MspInit)
    HAL_QSPI_SetTimeout                      0x0800168d   Thumb Code     4  stm32f7xx_hal_qspi.o(i.HAL_QSPI_SetTimeout)
    HAL_RCCEx_PeriphCLKConfig                0x08001691   Thumb Code  1336  stm32f7xx_hal_rcc_ex.o(i.HAL_RCCEx_PeriphCLKConfig)
    HAL_RCC_ClockConfig                      0x08001bcd   Thumb Code   294  stm32f7xx_hal_rcc.o(i.HAL_RCC_ClockConfig)
    HAL_RCC_GetHCLKFreq                      0x08001d05   Thumb Code     6  stm32f7xx_hal_rcc.o(i.HAL_RCC_GetHCLKFreq)
    HAL_RCC_GetPCLK1Freq                     0x08001d11   Thumb Code    22  stm32f7xx_hal_rcc.o(i.HAL_RCC_GetPCLK1Freq)
    HAL_RCC_GetPCLK2Freq                     0x08001d31   Thumb Code    22  stm32f7xx_hal_rcc.o(i.HAL_RCC_GetPCLK2Freq)
    HAL_RCC_GetSysClockFreq                  0x08001d51   Thumb Code    86  stm32f7xx_hal_rcc.o(i.HAL_RCC_GetSysClockFreq)
    HAL_RCC_OscConfig                        0x08001db5   Thumb Code   980  stm32f7xx_hal_rcc.o(i.HAL_RCC_OscConfig)
    HAL_RTC_Init                             0x08002191   Thumb Code   154  stm32f7xx_hal_rtc.o(i.HAL_RTC_Init)
    HAL_RTC_MspInit                          0x08002231   Thumb Code    20  rtc.o(i.HAL_RTC_MspInit)
    HAL_SPI_ErrorCallback                    0x0800224d   Thumb Code     2  stm32f7xx_hal_spi.o(i.HAL_SPI_ErrorCallback)
    HAL_SPI_IRQHandler                       0x08002251   Thumb Code   224  stm32f7xx_hal_spi.o(i.HAL_SPI_IRQHandler)
    HAL_SPI_Init                             0x08002335   Thumb Code   184  stm32f7xx_hal_spi.o(i.HAL_SPI_Init)
    HAL_SPI_MspInit                          0x080023ed   Thumb Code    80  spi.o(i.HAL_SPI_MspInit)
    HAL_SPI_Transmit_IT                      0x08002449   Thumb Code   140  stm32f7xx_hal_spi.o(i.HAL_SPI_Transmit_IT)
    HAL_SPI_TxCpltCallback                   0x080024dd   Thumb Code    28  spi_masterslave.o(i.HAL_SPI_TxCpltCallback)
    HAL_SYSTICK_CLKSourceConfig              0x08002501   Thumb Code    28  stm32f7xx_hal_cortex.o(i.HAL_SYSTICK_CLKSourceConfig)
    HAL_SYSTICK_Callback                     0x0800251d   Thumb Code     2  stm32f7xx_hal_cortex.o(i.HAL_SYSTICK_Callback)
    HAL_SYSTICK_Config                       0x0800251f   Thumb Code    40  stm32f7xx_hal_cortex.o(i.HAL_SYSTICK_Config)
    HAL_SYSTICK_IRQHandler                   0x08002547   Thumb Code     8  stm32f7xx_hal_cortex.o(i.HAL_SYSTICK_IRQHandler)
    HAL_TIMEx_BreakCallback                  0x0800254f   Thumb Code     2  stm32f7xx_hal_tim_ex.o(i.HAL_TIMEx_BreakCallback)
    HAL_TIMEx_CommutationCallback            0x08002551   Thumb Code     2  stm32f7xx_hal_tim_ex.o(i.HAL_TIMEx_CommutationCallback)
    HAL_TIMEx_MasterConfigSynchronization    0x08002555   Thumb Code    78  stm32f7xx_hal_tim_ex.o(i.HAL_TIMEx_MasterConfigSynchronization)
    HAL_TIM_Base_Init                        0x080025ad   Thumb Code    56  stm32f7xx_hal_tim.o(i.HAL_TIM_Base_Init)
    HAL_TIM_Base_MspInit                     0x080025e5   Thumb Code    76  tim.o(i.HAL_TIM_Base_MspInit)
    HAL_TIM_Base_Start_IT                    0x0800263d   Thumb Code    24  stm32f7xx_hal_tim.o(i.HAL_TIM_Base_Start_IT)
    HAL_TIM_ConfigClockSource                0x08002655   Thumb Code   270  stm32f7xx_hal_tim.o(i.HAL_TIM_ConfigClockSource)
    HAL_TIM_IC_CaptureCallback               0x08002769   Thumb Code     2  stm32f7xx_hal_tim.o(i.HAL_TIM_IC_CaptureCallback)
    HAL_TIM_IRQHandler                       0x0800276b   Thumb Code   392  stm32f7xx_hal_tim.o(i.HAL_TIM_IRQHandler)
    HAL_TIM_OC_DelayElapsedCallback          0x080028f3   Thumb Code     2  stm32f7xx_hal_tim.o(i.HAL_TIM_OC_DelayElapsedCallback)
    HAL_TIM_PWM_PulseFinishedCallback        0x080028f5   Thumb Code     2  stm32f7xx_hal_tim.o(i.HAL_TIM_PWM_PulseFinishedCallback)
    HAL_TIM_PeriodElapsedCallback            0x080028f7   Thumb Code     2  stm32f7xx_hal_tim.o(i.HAL_TIM_PeriodElapsedCallback)
    HAL_TIM_TriggerCallback                  0x080028f9   Thumb Code     2  stm32f7xx_hal_tim.o(i.HAL_TIM_TriggerCallback)
    HAL_UART_ErrorCallback                   0x080028fb   Thumb Code     2  stm32f7xx_hal_uart.o(i.HAL_UART_ErrorCallback)
    HAL_UART_IRQHandler                      0x080028fd   Thumb Code   292  stm32f7xx_hal_uart.o(i.HAL_UART_IRQHandler)
    HAL_UART_Init                            0x08002a25   Thumb Code   112  stm32f7xx_hal_uart.o(i.HAL_UART_Init)
    HAL_UART_MspInit                         0x08002a95   Thumb Code    78  usart.o(i.HAL_UART_MspInit)
    HAL_UART_Receive_IT                      0x08002af1   Thumb Code   160  stm32f7xx_hal_uart.o(i.HAL_UART_Receive_IT)
    HAL_UART_RxCpltCallback                  0x08002b91   Thumb Code    46  uart_masterslave.o(i.HAL_UART_RxCpltCallback)
    HAL_UART_TxCpltCallback                  0x08002bcd   Thumb Code    20  uart_masterslave.o(i.HAL_UART_TxCpltCallback)
    HardFault_Handler                        0x08002be9   Thumb Code     2  stm32f7xx_it.o(i.HardFault_Handler)
    MX_ADC1_Init                             0x08002bed   Thumb Code   220  adc.o(i.MX_ADC1_Init)
    MX_ADC2_Init                             0x08002ce1   Thumb Code   176  adc.o(i.MX_ADC2_Init)
    MX_ADC3_Init                             0x08002da9   Thumb Code   178  adc.o(i.MX_ADC3_Init)
    MX_DMA_Init                              0x08002e75   Thumb Code    40  dma.o(i.MX_DMA_Init)
    MX_GPIO_Init                             0x08002ea1   Thumb Code   514  gpio.o(i.MX_GPIO_Init)
    MX_QUADSPI_Init                          0x080030f1   Thumb Code    52  quadspi.o(i.MX_QUADSPI_Init)
    MX_RTC_Init                              0x08003141   Thumb Code    48  rtc.o(i.MX_RTC_Init)
    MX_SPI2_Init                             0x08003189   Thumb Code    74  spi.o(i.MX_SPI2_Init)
    MX_TIM1_Init                             0x080031ed   Thumb Code   100  tim.o(i.MX_TIM1_Init)
    MX_TIM6_Init                             0x08003269   Thumb Code    62  tim.o(i.MX_TIM6_Init)
    MX_USART2_UART_Init                      0x080032c1   Thumb Code    56  usart.o(i.MX_USART2_UART_Init)
    MemManage_Handler                        0x08003311   Thumb Code     2  stm32f7xx_it.o(i.MemManage_Handler)
    NMI_Handler                              0x08003313   Thumb Code     2  stm32f7xx_it.o(i.NMI_Handler)
    PendSV_Handler                           0x08003335   Thumb Code     2  stm32f7xx_it.o(i.PendSV_Handler)
    RTC_EnterInitMode                        0x08003383   Thumb Code    56  stm32f7xx_hal_rtc.o(i.RTC_EnterInitMode)
    SPI2_IRQHandler                          0x080033bd   Thumb Code     6  stm32f7xx_it.o(i.SPI2_IRQHandler)
    SVC_Handler                              0x080035eb   Thumb Code     2  stm32f7xx_it.o(i.SVC_Handler)
    SysTick_Handler                          0x080035ed   Thumb Code    22  stm32f7xx_it.o(i.SysTick_Handler)
    SystemClock_Config                       0x08003605   Thumb Code   214  main.o(i.SystemClock_Config)
    SystemInit                               0x080036f5   Thumb Code    66  system_stm32f7xx.o(i.SystemInit)
    TIM1_UP_TIM10_IRQHandler                 0x08003749   Thumb Code     6  stm32f7xx_it.o(i.TIM1_UP_TIM10_IRQHandler)
    TIM_Base_SetConfig                       0x08003755   Thumb Code   160  stm32f7xx_hal_tim.o(i.TIM_Base_SetConfig)
    TIM_ETR_SetConfig                        0x08003821   Thumb Code    20  stm32f7xx_hal_tim.o(i.TIM_ETR_SetConfig)
    UART_AdvFeatureConfig                    0x0800388b   Thumb Code   200  stm32f7xx_hal_uart.o(i.UART_AdvFeatureConfig)
    UART_CheckIdleState                      0x08003953   Thumb Code    60  stm32f7xx_hal_uart.o(i.UART_CheckIdleState)
    UART_SetConfig                           0x08003a55   Thumb Code   716  stm32f7xx_hal_uart.o(i.UART_SetConfig)
    UART_WaitOnFlagUntilTimeout              0x08003db5   Thumb Code   100  stm32f7xx_hal_uart.o(i.UART_WaitOnFlagUntilTimeout)
    USART2_IRQHandler                        0x08003e19   Thumb Code     6  stm32f7xx_it.o(i.USART2_IRQHandler)
    UsageFault_Handler                       0x08003e25   Thumb Code     2  stm32f7xx_it.o(i.UsageFault_Handler)
    _Error_Handler                           0x08003e27   Thumb Code     2  main.o(i._Error_Handler)
    __ARM_fpclassify                         0x08003e29   Thumb Code    48  fpclassify.o(i.__ARM_fpclassify)
    __ARM_fpclassifyf                        0x08003e59   Thumb Code    38  fpclassifyf.o(i.__ARM_fpclassifyf)
    __hardfp_atan                            0x08003e81   Thumb Code   402  atan.o(i.__hardfp_atan)
    __hardfp_atan2                           0x08004081   Thumb Code   380  atan2.o(i.__hardfp_atan2)
    __hardfp_powf                            0x08004241   Thumb Code  1590  powf.o(i.__hardfp_powf)
    __mathlib_powf                           0x08004241   Thumb Code     0  powf.o(i.__hardfp_powf)
    __hardfp_sqrt                            0x08004899   Thumb Code   102  sqrt.o(i.__hardfp_sqrt)
    __hardfp_sqrtf                           0x080048ff   Thumb Code    58  sqrtf.o(i.__hardfp_sqrtf)
    __kernel_poly                            0x08004939   Thumb Code   112  poly.o(i.__kernel_poly)
    __mathlib_dbl_infnan                     0x080049a9   Thumb Code     6  dunder.o(i.__mathlib_dbl_infnan)
    __mathlib_dbl_infnan2                    0x080049af   Thumb Code     6  dunder.o(i.__mathlib_dbl_infnan2)
    __mathlib_dbl_underflow                  0x080049b9   Thumb Code    10  dunder.o(i.__mathlib_dbl_underflow)
    __mathlib_flt_divzero                    0x080049d1   Thumb Code    14  funder.o(i.__mathlib_flt_divzero)
    __mathlib_flt_infnan2                    0x080049e9   Thumb Code     6  funder.o(i.__mathlib_flt_infnan2)
    __mathlib_flt_invalid                    0x080049f1   Thumb Code    10  funder.o(i.__mathlib_flt_invalid)
    __mathlib_flt_overflow                   0x08004a01   Thumb Code    10  funder.o(i.__mathlib_flt_overflow)
    __mathlib_flt_underflow                  0x08004a11   Thumb Code    10  funder.o(i.__mathlib_flt_underflow)
    __scatterload_copy                       0x08004a21   Thumb Code    14  handlers.o(i.__scatterload_copy)
    __scatterload_null                       0x08004a2f   Thumb Code     2  handlers.o(i.__scatterload_null)
    __scatterload_zeroinit                   0x08004a31   Thumb Code    14  handlers.o(i.__scatterload_zeroinit)
    __set_errno                              0x08004a41   Thumb Code     6  errno.o(i.__set_errno)
    atan                                     0x08004a4d   Thumb Code    16  atan.o(i.atan)
    boardIO                                  0x08004a5d   Thumb Code   488  boardio.o(i.boardIO)
    cs_PQ_combination                        0x08004c61   Thumb Code   298  cs_handles.o(i.cs_PQ_combination)
    cs_computations                          0x08004d99   Thumb Code   290  measurement_functions.o(i.cs_computations)
    cs_generation                            0x08004ed9   Thumb Code    78  measurement_functions.o(i.cs_generation)
    cs_handles                               0x08004f29   Thumb Code  1024  cs_handles.o(i.cs_handles)
    dpm_mergeDWord                           0x08005329   Thumb Code    76  dataparsermerger.o(i.dpm_mergeDWord)
    dpm_mergeFloat                           0x08005375   Thumb Code    76  dataparsermerger.o(i.dpm_mergeFloat)
    dpm_parseDWord                           0x080053c5   Thumb Code    58  dataparsermerger.o(i.dpm_parseDWord)
    dpm_parseFloat                           0x08005401   Thumb Code    64  dataparsermerger.o(i.dpm_parseFloat)
    fabs                                     0x08005445   Thumb Code    24  fabs.o(i.fabs)
    fc27                                     0x0800545d   Thumb Code   142  protection_functions.o(i.fc27)
    fc27_all                                 0x080054f1   Thumb Code   216  fc27.o(i.fc27_all)
    fc27_init                                0x080055e1   Thumb Code    36  fc27.o(i.fc27_init)
    fc37                                     0x0800560d   Thumb Code   128  protection_functions.o(i.fc37)
    fc37_all                                 0x08005691   Thumb Code   186  fc37.o(i.fc37_all)
    fc37_init                                0x08005769   Thumb Code    36  fc37.o(i.fc37_init)
    fc46_init                                0x08005795   Thumb Code    94  fc46.o(i.fc46_init)
    fc49                                     0x08005801   Thumb Code    68  protection_functions.o(i.fc49)
    fc49_all                                 0x08005849   Thumb Code   134  fc49.o(i.fc49_all)
    fc49_init                                0x080058e1   Thumb Code    90  fc49.o(i.fc49_init)
    fc50                                     0x0800594d   Thumb Code   162  protection_functions.o(i.fc50)
    fc50N_all                                0x080059f5   Thumb Code   150  fc50n.o(i.fc50N_all)
    fc50N_init                               0x08005aa1   Thumb Code    52  fc50n.o(i.fc50N_init)
    fc50_all                                 0x08005add   Thumb Code   390  fc50.o(i.fc50_all)
    fc50_init                                0x08005c79   Thumb Code    88  fc50.o(i.fc50_init)
    fc51                                     0x08005cd9   Thumb Code   214  protection_functions.o(i.fc51)
    fc51N_all                                0x08005dc1   Thumb Code    50  fc51n.o(i.fc51N_all)
    fc51N_init                               0x08005e09   Thumb Code    56  fc51n.o(i.fc51N_init)
    fc51_all                                 0x08005e4d   Thumb Code   134  fc51.o(i.fc51_all)
    fc51_init                                0x08005ee9   Thumb Code    84  fc51.o(i.fc51_init)
    fc59                                     0x08005f49   Thumb Code   106  protection_functions.o(i.fc59)
    fc59_all                                 0x08005fb9   Thumb Code   166  fc59.o(i.fc59_all)
    fc59_init                                0x0800606d   Thumb Code    28  fc59.o(i.fc59_init)
    fcBF                                     0x08006091   Thumb Code   240  protection_functions.o(i.fcBF)
    fcBF_all                                 0x08006185   Thumb Code   130  fcbf.o(i.fcBF_all)
    fcBF_init                                0x08006221   Thumb Code    28  fcbf.o(i.fcBF_init)
    fcPVP_init                               0x08006245   Thumb Code    52  fcpvp.o(i.fcPVP_init)
    fcUNB_init                               0x08006281   Thumb Code    44  fcunb.o(i.fcUNB_init)
    initFunctions                            0x080062b9   Thumb Code    58  initfunctions.o(i.initFunctions)
    init_conversion                          0x080062f5   Thumb Code   146  conversion.o(i.init_conversion)
    init_protection                          0x080063b9   Thumb Code  1978  init_protection.o(i.init_protection)
    main                                     0x08006b7d   Thumb Code   264  main.o(i.main)
    main_flow                                0x08006cad   Thumb Code    62  main_flow.o(i.main_flow)
    maxSelector_3p                           0x08006ceb   Thumb Code    30  protection_functions.o(i.maxSelector_3p)
    off_delay                                0x08006d09   Thumb Code    54  protection_functions.o(i.off_delay)
    on_delay                                 0x08006d3f   Thumb Code    52  protection_functions.o(i.on_delay)
    on_off_delay                             0x08006d73   Thumb Code    38  protection_functions.o(i.on_off_delay)
    pick_trip_reset_handles                  0x08006d99   Thumb Code    18  pickup_handles.o(i.pick_trip_reset_handles)
    pick_up_handles                          0x08006dad   Thumb Code  2088  pickup_handles.o(i.pick_up_handles)
    prefilter                                0x08007651   Thumb Code    42  measurement_functions.o(i.prefilter)
    pullDataFromMaster                       0x08007685   Thumb Code  1164  configparams.o(i.pullDataFromMaster)
    pushDataToMaster                         0x08007b11   Thumb Code  1764  commparams.o(i.pushDataToMaster)
    reset_handles                            0x08008251   Thumb Code   844  pickup_handles.o(i.reset_handles)
    signal_spectra                           0x08008699   Thumb Code   140  measurement_functions.o(i.signal_spectra)
    signal_thd                               0x08008729   Thumb Code    66  measurement_functions.o(i.signal_thd)
    spectral_analysis                        0x08008775   Thumb Code   192  spectra.o(i.spectral_analysis)
    spi_initComApp                           0x08008907   Thumb Code    14  spi_masterslave.o(i.spi_initComApp)
    spi_runComApp                            0x08008b77   Thumb Code    18  spi_masterslave.o(i.spi_runComApp)
    spi_sysTickCallApp                       0x08008b8b   Thumb Code    14  spi_masterslave.o(i.spi_sysTickCallApp)
    sym_comp                                 0x08008b99   Thumb Code   184  measurement_functions.o(i.sym_comp)
    sym_mag                                  0x08008c59   Thumb Code   270  measurement_functions.o(i.sym_mag)
    thermal_status                           0x08008d71   Thumb Code   108  measurement_functions.o(i.thermal_status)
    trip_handles                             0x08008de1   Thumb Code  1668  pickup_handles.o(i.trip_handles)
    trueRMS                                  0x08009465   Thumb Code   422  truerms.o(i.trueRMS)
    true_rms                                 0x08009619   Thumb Code    60  measurement_functions.o(i.true_rms)
    uart_initComApp                          0x0800975d   Thumb Code     4  uart_masterslave.o(i.uart_initComApp)
    uart_runComApp                           0x08009825   Thumb Code    18  uart_masterslave.o(i.uart_runComApp)
    uart_sysTickCallApp                      0x08009837   Thumb Code    14  uart_masterslave.o(i.uart_sysTickCallApp)
    AHBPrescTable                            0x0800984c   Data          16  system_stm32f7xx.o(.constdata)
    APBPrescTable                            0x0800985c   Data           8  system_stm32f7xx.o(.constdata)
    __mathlib_zero                           0x08009b30   Data           8  qnan.o(.constdata)
    Region$$Table$$Base                      0x08009b38   Number         0  anon$$obj.o(Region$$Table)
    Region$$Table$$Limit                     0x08009b58   Number         0  anon$$obj.o(Region$$Table)
    incoming_data_flag                       0x20000000   Data           1  main.o(.data)
    incoming_data_flag_counter               0x20000004   Data           4  main.o(.data)
    uwTick                                   0x20000008   Data           4  stm32f7xx_hal.o(.data)
    SystemCoreClock                          0x2000000c   Data           4  system_stm32f7xx.o(.data)
    curve                                    0x20000010   Data           1  init_protection.o(.data)
    cSelect1                                 0x20000014   Data           4  init_protection.o(.data)
    cSelect2                                 0x20000018   Data           4  init_protection.o(.data)
    curve_data                               0x2000001c   Data          96  init_protection.o(.data)
    fc27_obj1_L1_out                         0x20000084   Data           8  fc27.o(.data)
    fc27_obj1_L2_out                         0x2000008c   Data           8  fc27.o(.data)
    fc49_obj1_L1_out_a                       0x20000094   Data           4  fc49.o(.data)
    fc49_obj1_L1_out_b                       0x20000098   Data           4  fc49.o(.data)
    fc49_obj1_L1_out_c                       0x2000009c   Data           4  fc49.o(.data)
    therm_a_obj1                             0x200000a0   Data           4  fc49.o(.data)
    therm_b_obj1                             0x200000a4   Data           4  fc49.o(.data)
    therm_c_obj1                             0x200000a8   Data           4  fc49.o(.data)
    fc49_obj1_L1_in                          0x200000ac   Data           4  fc49.o(.data)
    fc49_obj2_L1_in                          0x200000b0   Data           4  fc49.o(.data)
    fc49_obj2_L1_out_a                       0x200000b4   Data           4  fc49.o(.data)
    fc49_obj2_L1_out_b                       0x200000b8   Data           4  fc49.o(.data)
    fc49_obj2_L1_out_c                       0x200000bc   Data           4  fc49.o(.data)
    fc37_obj1_L1_out_a                       0x200000c8   Data           8  fc37.o(.data)
    fc37_obj1_L1_out_b                       0x200000d0   Data           8  fc37.o(.data)
    fc37_obj1_L1_out_c                       0x200000d8   Data           8  fc37.o(.data)
    fc37_obj2_L1_out_a                       0x200000e0   Data           8  fc37.o(.data)
    fc37_obj2_L1_out_b                       0x200000e8   Data           8  fc37.o(.data)
    fc37_obj2_L1_out_c                       0x200000f0   Data           8  fc37.o(.data)
    UNBa_rms                                 0x200000fc   Data           4  fcunb.o(.data)
    UNBb_rms                                 0x20000100   Data           4  fcunb.o(.data)
    fcUNBi_obj1_L1_in                        0x20000108   Data           8  fcunb.o(.data)
    peak_a                                   0x20000114   Data           4  fcpvp.o(.data)
    peak_b                                   0x20000118   Data           4  fcpvp.o(.data)
    peak_c                                   0x2000011c   Data           4  fcpvp.o(.data)
    fcPVPd_obj1_L1_out_a                     0x20000120   Data           8  fcpvp.o(.data)
    fcPVPd_obj1_L1_out_b                     0x20000128   Data           8  fcpvp.o(.data)
    fcPVPd_obj1_L1_out_c                     0x20000130   Data           8  fcpvp.o(.data)
    pvp_coefficents                          0x20000138   Data         404  fcpvp.o(.data)
    fault_code                               0x200002cc   Data           1  pickup_handles.o(.data)
    sin_coeffs                               0x200002d0   Data         200  cs_handles.o(.data)
    cos_coeffs                               0x20000398   Data         200  cs_handles.o(.data)
    coeffs_real                              0x20000468   Data         200  spectra.o(.data)
    coeffs_imag                              0x20000530   Data         200  spectra.o(.data)
    conversion_completed                     0x200005f8   Data           1  conversion.o(.data)
    ch                                       0x200005f9   Data           1  conversion.o(.data)
    cycle_count_1                            0x200005fc   Data           4  conversion.o(.data)
    cycle_count_2                            0x2000060c   Data           4  conversion.o(.data)
    DI                                       0x20000610   Data           4  boardio.o(.data)
    DO                                       0x20000614   Data           4  boardio.o(.data)
    typeCnv                                  0x20000618   Data           4  dataparsermerger.o(.data)
    mSelect                                  0x2000061c   Data           4  configparams.o(.data)
    pFlag                                    0x20000620   Data           4  configparams.o(.data)
    pEN                                      0x20000624   Data           4  configparams.o(.data)
    htim1                                    0x2000062c   Data          64  tim.o(.bss)
    htim6                                    0x2000066c   Data          64  tim.o(.bss)
    hrtc                                     0x200006ac   Data          32  rtc.o(.bss)
    hqspi                                    0x200006cc   Data          76  quadspi.o(.bss)
    hadc1                                    0x20000718   Data          72  adc.o(.bss)
    hadc2                                    0x20000760   Data          72  adc.o(.bss)
    hadc3                                    0x200007a8   Data          72  adc.o(.bss)
    hdma_adc1                                0x200007f0   Data          96  adc.o(.bss)
    hdma_adc2                                0x20000850   Data          96  adc.o(.bss)
    hdma_adc3                                0x200008b0   Data          96  adc.o(.bss)
    adc_values                               0x20000910   Data          60  main.o(.bss)
    huart2                                   0x2000094c   Data         112  usart.o(.bss)
    hspi2                                    0x200009bc   Data         100  spi.o(.bss)
    EN                                       0x20000a20   Data         116  init_protection.o(.bss)
    fc50_obj1_L1_out_a                       0x20000a94   Data          12  fc50.o(.bss)
    fc50_obj1_L1_out_b                       0x20000aa0   Data          12  fc50.o(.bss)
    fc50_obj1_L1_out_c                       0x20000aac   Data          12  fc50.o(.bss)
    fc50_obj1_L2_out_a                       0x20000ab8   Data          12  fc50.o(.bss)
    fc50_obj1_L2_out_b                       0x20000ac4   Data          12  fc50.o(.bss)
    fc50_obj1_L2_out_c                       0x20000ad0   Data          12  fc50.o(.bss)
    fc50_obj1_L3_out_a                       0x20000adc   Data          12  fc50.o(.bss)
    fc50_obj1_L3_out_b                       0x20000ae8   Data          12  fc50.o(.bss)
    fc50_obj1_L3_out_c                       0x20000af4   Data          12  fc50.o(.bss)
    fc50_obj1_L1_in                          0x20000b00   Data          16  fc50.o(.bss)
    fc50_obj1_L2_in                          0x20000b10   Data          16  fc50.o(.bss)
    fc50_obj1_L3_in                          0x20000b20   Data          16  fc50.o(.bss)
    fc50_obj2_L1_in                          0x20000b30   Data          16  fc50.o(.bss)
    fc50_obj2_L2_in                          0x20000b40   Data          16  fc50.o(.bss)
    fc50_obj2_L3_in                          0x20000b50   Data          16  fc50.o(.bss)
    fc50_obj2_L1_out_a                       0x20000b60   Data          12  fc50.o(.bss)
    fc50_obj2_L1_out_b                       0x20000b6c   Data          12  fc50.o(.bss)
    fc50_obj2_L1_out_c                       0x20000b78   Data          12  fc50.o(.bss)
    fc50_obj2_L2_out_a                       0x20000b84   Data          12  fc50.o(.bss)
    fc50_obj2_L2_out_b                       0x20000b90   Data          12  fc50.o(.bss)
    fc50_obj2_L2_out_c                       0x20000b9c   Data          12  fc50.o(.bss)
    fc50_obj2_L3_out_a                       0x20000ba8   Data          12  fc50.o(.bss)
    fc50_obj2_L3_out_b                       0x20000bb4   Data          12  fc50.o(.bss)
    fc50_obj2_L3_out_c                       0x20000bc0   Data          12  fc50.o(.bss)
    fc50N_obj1_L1_out                        0x20000bcc   Data          12  fc50n.o(.bss)
    fc50N_obj1_L2_out                        0x20000bd8   Data          12  fc50n.o(.bss)
    fc50N_obj1_L3_out                        0x20000be4   Data          12  fc50n.o(.bss)
    fc50N_obj1_L1_in                         0x20000bf0   Data          16  fc50n.o(.bss)
    fc50N_obj1_L2_in                         0x20000c00   Data          16  fc50n.o(.bss)
    fc50N_obj1_L3_in                         0x20000c10   Data          16  fc50n.o(.bss)
    fc51_obj1_out_a                          0x20000c20   Data          12  fc51.o(.bss)
    fc51_obj1_out_b                          0x20000c2c   Data          12  fc51.o(.bss)
    fc51_obj1_out_c                          0x20000c38   Data          12  fc51.o(.bss)
    fc51_obj1_in                             0x20000c44   Data          20  fc51.o(.bss)
    fc51_obj2_in                             0x20000c58   Data          20  fc51.o(.bss)
    fc51_obj2_out_a                          0x20000c6c   Data          12  fc51.o(.bss)
    fc51_obj2_out_b                          0x20000c78   Data          12  fc51.o(.bss)
    fc51_obj2_out_c                          0x20000c84   Data          12  fc51.o(.bss)
    fc51N_obj1_out                           0x20000c90   Data          12  fc51n.o(.bss)
    fc51N_obj1_in                            0x20000c9c   Data          20  fc51n.o(.bss)
    fc27_obj1_L1_in                          0x20000cb0   Data          12  fc27.o(.bss)
    fc27_obj1_L2_in                          0x20000cbc   Data          12  fc27.o(.bss)
    fc59_obj1_L1_out_a                       0x20000cc8   Data          12  fc59.o(.bss)
    fc59_obj1_L1_out_b                       0x20000cd4   Data          12  fc59.o(.bss)
    fc59_obj1_L1_out_c                       0x20000ce0   Data          12  fc59.o(.bss)
    fc59_obj1_L2_out_a                       0x20000cec   Data          12  fc59.o(.bss)
    fc59_obj1_L2_out_b                       0x20000cf8   Data          12  fc59.o(.bss)
    fc59_obj1_L2_out_c                       0x20000d04   Data          12  fc59.o(.bss)
    fc59_obj1_L1_in                          0x20000d10   Data          12  fc59.o(.bss)
    fc59_obj1_L2_in                          0x20000d1c   Data          12  fc59.o(.bss)
    fc46d_obj1_L1_out                        0x20000d28   Data          16  fc46.o(.bss)
    fc46i_obj1_L1_out                        0x20000d38   Data          16  fc46.o(.bss)
    fc46d_obj1_L1_in                         0x20000d48   Data          16  fc46.o(.bss)
    fc46i_obj1_L1_in                         0x20000d58   Data          20  fc46.o(.bss)
    fc49_obj1_therm                          0x20000d6c   Data          20  fc49.o(.bss)
    fc49_obj2_therm                          0x20000d80   Data          20  fc49.o(.bss)
    fcBF_out                                 0x20000d94   Data          12  fcbf.o(.bss)
    fcBF_in                                  0x20000da0   Data          24  fcbf.o(.bss)
    fc37_obj1_L1_in                          0x20000db8   Data          12  fc37.o(.bss)
    fc37_obj2_L1_in                          0x20000dc4   Data          12  fc37.o(.bss)
    fcUNBd_obj1_L1_out_a                     0x20000dd0   Data          16  fcunb.o(.bss)
    fcUNBd_obj1_L1_out_b                     0x20000de0   Data          16  fcunb.o(.bss)
    fcUNBi_obj1_L1_out_a                     0x20000df0   Data          12  fcunb.o(.bss)
    fcUNBi_obj1_L1_out_b                     0x20000dfc   Data          12  fcunb.o(.bss)
    fcUNBd_obj1_L1_in                        0x20000ed0   Data          12  fcunb.o(.bss)
    pvp_out                                  0x20000edc   Data          12  fcpvp.o(.bss)
    pvp_out_back                             0x20000ee8   Data          12  fcpvp.o(.bss)
    fcPVPi_obj1_L1_out_a                     0x20000ef4   Data          12  fcpvp.o(.bss)
    fcPVPi_obj1_L1_out_b                     0x20000f00   Data          12  fcpvp.o(.bss)
    fcPVPi_obj1_L1_out_c                     0x20000f0c   Data          12  fcpvp.o(.bss)
    pvp_buf                                  0x20000f18   Data        1212  fcpvp.o(.bss)
    fcPVPd_obj1_L1_in                        0x20001884   Data          12  fcpvp.o(.bss)
    fcPVPi_obj1_L1_in                        0x20001890   Data          20  fcpvp.o(.bss)
    pick                                     0x200018a4   Data          12  pickup_handles.o(.bss)
    trip                                     0x200018b0   Data          12  pickup_handles.o(.bss)
    pick_words                               0x200018bc   Data          12  pickup_handles.o(.bss)
    trip_words                               0x200018c8   Data          12  pickup_handles.o(.bss)
    phase_cs_A                               0x200019cc   Data          16  cs_handles.o(.bss)
    phase_cs_B                               0x200019dc   Data          16  cs_handles.o(.bss)
    phase_cs_C                               0x200019ec   Data          16  cs_handles.o(.bss)
    phase_cs_TCR_A                           0x200019fc   Data          16  cs_handles.o(.bss)
    phase_cs_TCR_B                           0x20001a0c   Data          16  cs_handles.o(.bss)
    phase_cs_TCR_C                           0x20001a1c   Data          16  cs_handles.o(.bss)
    phase_cs_TCR_N                           0x20001a2c   Data          16  cs_handles.o(.bss)
    phase_cs_A_out                           0x20001a3c   Data          44  cs_handles.o(.bss)
    phase_cs_B_out                           0x20001a68   Data          44  cs_handles.o(.bss)
    phase_cs_C_out                           0x20001a94   Data          44  cs_handles.o(.bss)
    phase_cs_TCR_A_out                       0x20001ac0   Data          44  cs_handles.o(.bss)
    phase_cs_TCR_B_out                       0x20001aec   Data          44  cs_handles.o(.bss)
    phase_cs_TCR_C_out                       0x20001b18   Data          44  cs_handles.o(.bss)
    phase_cs_TCR_N_out                       0x20001b44   Data          44  cs_handles.o(.bss)
    sym                                      0x20001b70   Data          24  cs_handles.o(.bss)
    sym_hist                                 0x20001b88   Data          24  cs_handles.o(.bss)
    mag_sym                                  0x20001ba0   Data          24  cs_handles.o(.bss)
    sym_tcr                                  0x20001bb8   Data          24  cs_handles.o(.bss)
    sym_hist_tcr                             0x20001bd0   Data          24  cs_handles.o(.bss)
    mag_sym_tcr                              0x20001be8   Data          24  cs_handles.o(.bss)
    c_buffer                                 0x20001c00   Data        2400  cs_handles.o(.bss)
    s_buffer                                 0x20002560   Data        2400  cs_handles.o(.bss)
    P                                        0x20002ec0   Data          28  cs_handles.o(.bss)
    Q                                        0x20002edc   Data          28  cs_handles.o(.bss)
    P_TCR                                    0x20002ef8   Data          28  cs_handles.o(.bss)
    Q_TCR                                    0x20002f14   Data          28  cs_handles.o(.bss)
    fRMS                                     0x20002f30   Data          76  cs_handles.o(.bss)
    tRMS                                     0x20002f7c   Data          76  truerms.o(.bss)
    backRMS                                  0x20002fc8   Data          76  truerms.o(.bss)
    bufferRMS                                0x20003014   Data        4000  truerms.o(.bss)
    spect_Ia                                 0x20003fb4   Data         368  spectra.o(.bss)
    spect_Ib                                 0x20004124   Data         368  spectra.o(.bss)
    spect_Ic                                 0x20004294   Data         368  spectra.o(.bss)
    thd                                      0x20004404   Data          12  spectra.o(.bss)
    rawAdc                                   0x20004410   Data          76  conversion.o(.bss)
    fAdc                                     0x2000445c   Data          76  conversion.o(.bss)
    offset                                   0x200044a8   Data          76  conversion.o(.bss)
    scale                                    0x200044f4   Data          76  conversion.o(.bss)
    pf_data                                  0x20004540   Data         120  conversion.o(.bss)
    TR                                       0x200045b8   Data          48  conversion.o(.bss)
    Sys                                      0x200045e8   Data          36  powersysdata.o(.bss)
    comParams                                0x2000460c   Data        6020  spi_masterslave.o(.bss)
    spiCRC                                   0x20005d90   Data          12  spi_masterslave.o(.bss)
    comParams_uart                           0x20005d9c   Data        2996  uart_masterslave.o(.bss)
    uartCRC                                  0x20006950   Data          12  uart_masterslave.o(.bss)
    __initial_sp                             0x20006d60   Data           0  startup_stm32f767xx.o(STACK)



==============================================================================

Memory Map of the image

  Image Entry point : 0x080001f9

  Load Region LR_IROM1 (Base: 0x08000000, Size: 0x0000a184, Max: 0x00200000, ABSOLUTE, COMPRESSED[0x00009e18])

    Execution Region ER_IROM1 (Base: 0x08000000, Size: 0x00009b58, Max: 0x00200000, ABSOLUTE)

    Base Addr    Size         Type   Attr      Idx    E Section Name        Object

    0x08000000   0x000001f8   Data   RO          901    RESET               startup_stm32f767xx.o
    0x080001f8   0x00000000   Code   RO         6139  * .ARM.Collect$$$$00000000  mc_w.l(entry.o)
    0x080001f8   0x00000004   Code   RO         6211    .ARM.Collect$$$$00000001  mc_w.l(entry2.o)
    0x080001fc   0x00000004   Code   RO         6214    .ARM.Collect$$$$00000004  mc_w.l(entry5.o)
    0x08000200   0x00000000   Code   RO         6216    .ARM.Collect$$$$00000008  mc_w.l(entry7b.o)
    0x08000200   0x00000000   Code   RO         6218    .ARM.Collect$$$$0000000A  mc_w.l(entry8b.o)
    0x08000200   0x00000008   Code   RO         6219    .ARM.Collect$$$$0000000B  mc_w.l(entry9a.o)
    0x08000208   0x00000000   Code   RO         6221    .ARM.Collect$$$$0000000D  mc_w.l(entry10a.o)
    0x08000208   0x00000000   Code   RO         6223    .ARM.Collect$$$$0000000F  mc_w.l(entry11a.o)
    0x08000208   0x00000004   Code   RO         6212    .ARM.Collect$$$$00002712  mc_w.l(entry2.o)
    0x0800020c   0x00000024   Code   RO          902    .text               startup_stm32f767xx.o
    0x08000230   0x00000024   Code   RO         6142    .text               mc_w.l(memcpya.o)
    0x08000254   0x00000000   Code   RO         6232    .text               mc_w.l(iusefp.o)
    0x08000254   0x00000004   Code   RO         6233    .text               mf_w.l(fpstat.o)
    0x08000258   0x00000024   Code   RO         6239    .text               mc_w.l(init.o)
    0x0800027c   0x0000005e   Code   RO         6249    .text               mc_w.l(__dclz77c.o)
    0x080002da   0x00000002   PAD
    0x080002dc   0x0000012c   Code   RO          912    i.ADC_Init          stm32f7xx_hal_adc.o
    0x08000408   0x0000005a   Code   RO         2181    i.ADC_MultiModeDMAConvCplt  stm32f7xx_hal_adc_ex.o
    0x08000462   0x00000012   Code   RO         2182    i.ADC_MultiModeDMAError  stm32f7xx_hal_adc_ex.o
    0x08000474   0x00000006   Code   RO         2183    i.ADC_MultiModeDMAHalfConvCplt  stm32f7xx_hal_adc_ex.o
    0x0800047a   0x00000002   Code   RO          310    i.BusFault_Handler  stm32f7xx_it.o
    0x0800047c   0x0000000c   Code   RO          311    i.DMA2_Stream0_IRQHandler  stm32f7xx_it.o
    0x08000488   0x0000000c   Code   RO          312    i.DMA2_Stream1_IRQHandler  stm32f7xx_it.o
    0x08000494   0x0000000c   Code   RO          313    i.DMA2_Stream2_IRQHandler  stm32f7xx_it.o
    0x080004a0   0x0000002c   Code   RO         2571    i.DMA_CalcBaseAndBitshift  stm32f7xx_hal_dma.o
    0x080004cc   0x00000078   Code   RO         2572    i.DMA_CheckFifoParam  stm32f7xx_hal_dma.o
    0x08000544   0x0000002a   Code   RO         2573    i.DMA_SetConfig     stm32f7xx_hal_dma.o
    0x0800056e   0x00000002   Code   RO          314    i.DebugMon_Handler  stm32f7xx_it.o
    0x08000570   0x00000010   Code   RO          315    i.EXTI15_10_IRQHandler  stm32f7xx_it.o
    0x08000580   0x00000054   Code   RO         2192    i.HAL_ADCEx_MultiModeConfigChannel  stm32f7xx_hal_adc_ex.o
    0x080005d4   0x0000010c   Code   RO         2194    i.HAL_ADCEx_MultiModeStart_DMA  stm32f7xx_hal_adc_ex.o
    0x080006e0   0x00000170   Code   RO          914    i.HAL_ADC_ConfigChannel  stm32f7xx_hal_adc.o
    0x08000850   0x000002ec   Code   RO         5513    i.HAL_ADC_ConvCpltCallback  conversion.o
    0x08000b3c   0x00000002   Code   RO          916    i.HAL_ADC_ConvHalfCpltCallback  stm32f7xx_hal_adc.o
    0x08000b3e   0x00000002   Code   RO          918    i.HAL_ADC_ErrorCallback  stm32f7xx_hal_adc.o
    0x08000b40   0x00000054   Code   RO          923    i.HAL_ADC_Init      stm32f7xx_hal_adc.o
    0x08000b94   0x000001ec   Code   RO          443    i.HAL_ADC_MspInit   adc.o
    0x08000d80   0x000000d4   Code   RO          929    i.HAL_ADC_Start     stm32f7xx_hal_adc.o
    0x08000e54   0x00000024   Code   RO         2575    i.HAL_DMA_Abort_IT  stm32f7xx_hal_dma.o
    0x08000e78   0x000001d8   Code   RO         2579    i.HAL_DMA_IRQHandler  stm32f7xx_hal_dma.o
    0x08001050   0x000000d4   Code   RO         2580    i.HAL_DMA_Init      stm32f7xx_hal_dma.o
    0x08001124   0x00000078   Code   RO         2584    i.HAL_DMA_Start_IT  stm32f7xx_hal_dma.o
    0x0800119c   0x00000002   Code   RO          496    i.HAL_GPIO_EXTI_Callback  main.o
    0x0800119e   0x00000002   PAD
    0x080011a0   0x00000018   Code   RO         1472    i.HAL_GPIO_EXTI_IRQHandler  stm32f7xx_hal_gpio.o
    0x080011b8   0x000001e0   Code   RO         1473    i.HAL_GPIO_Init     stm32f7xx_hal_gpio.o
    0x08001398   0x0000000e   Code   RO         1475    i.HAL_GPIO_ReadPin  stm32f7xx_hal_gpio.o
    0x080013a6   0x0000000e   Code   RO         1477    i.HAL_GPIO_WritePin  stm32f7xx_hal_gpio.o
    0x080013b4   0x0000000c   Code   RO         2399    i.HAL_GetTick       stm32f7xx_hal.o
    0x080013c0   0x00000010   Code   RO         2403    i.HAL_IncTick       stm32f7xx_hal.o
    0x080013d0   0x00000016   Code   RO         2404    i.HAL_Init          stm32f7xx_hal.o
    0x080013e6   0x00000002   PAD
    0x080013e8   0x00000028   Code   RO         2405    i.HAL_InitTick      stm32f7xx_hal.o
    0x08001410   0x00000058   Code   RO          286    i.HAL_MspInit       stm32f7xx_hal_msp.o
    0x08001468   0x00000016   Code   RO         1340    i.HAL_NVIC_EnableIRQ  stm32f7xx_hal_cortex.o
    0x0800147e   0x00000002   PAD
    0x08001480   0x00000040   Code   RO         1346    i.HAL_NVIC_SetPriority  stm32f7xx_hal_cortex.o
    0x080014c0   0x00000024   Code   RO         1347    i.HAL_NVIC_SetPriorityGrouping  stm32f7xx_hal_cortex.o
    0x080014e4   0x00000070   Code   RO         2296    i.HAL_PWREx_EnableOverDrive  stm32f7xx_hal_pwr_ex.o
    0x08001554   0x000000b8   Code   RO         3619    i.HAL_QSPI_Init     stm32f7xx_hal_qspi.o
    0x0800160c   0x00000080   Code   RO          215    i.HAL_QSPI_MspInit  quadspi.o
    0x0800168c   0x00000004   Code   RO         3629    i.HAL_QSPI_SetTimeout  stm32f7xx_hal_qspi.o
    0x08001690   0x0000053c   Code   RO         2799    i.HAL_RCCEx_PeriphCLKConfig  stm32f7xx_hal_rcc_ex.o
    0x08001bcc   0x00000138   Code   RO         3074    i.HAL_RCC_ClockConfig  stm32f7xx_hal_rcc.o
    0x08001d04   0x0000000c   Code   RO         3079    i.HAL_RCC_GetHCLKFreq  stm32f7xx_hal_rcc.o
    0x08001d10   0x00000020   Code   RO         3081    i.HAL_RCC_GetPCLK1Freq  stm32f7xx_hal_rcc.o
    0x08001d30   0x00000020   Code   RO         3082    i.HAL_RCC_GetPCLK2Freq  stm32f7xx_hal_rcc.o
    0x08001d50   0x00000064   Code   RO         3083    i.HAL_RCC_GetSysClockFreq  stm32f7xx_hal_rcc.o
    0x08001db4   0x000003dc   Code   RO         3086    i.HAL_RCC_OscConfig  stm32f7xx_hal_rcc.o
    0x08002190   0x000000a0   Code   RO         1087    i.HAL_RTC_Init      stm32f7xx_hal_rtc.o
    0x08002230   0x0000001c   Code   RO          173    i.HAL_RTC_MspInit   rtc.o
    0x0800224c   0x00000002   Code   RO         4626    i.HAL_SPI_ErrorCallback  stm32f7xx_hal_spi.o
    0x0800224e   0x00000002   PAD
    0x08002250   0x000000e4   Code   RO         4629    i.HAL_SPI_IRQHandler  stm32f7xx_hal_spi.o
    0x08002334   0x000000b8   Code   RO         4630    i.HAL_SPI_Init      stm32f7xx_hal_spi.o
    0x080023ec   0x0000005c   Code   RO          647    i.HAL_SPI_MspInit   spi.o
    0x08002448   0x00000094   Code   RO         4643    i.HAL_SPI_Transmit_IT  stm32f7xx_hal_spi.o
    0x080024dc   0x00000024   Code   RO         5751    i.HAL_SPI_TxCpltCallback  spi_masterslave.o
    0x08002500   0x0000001c   Code   RO         1349    i.HAL_SYSTICK_CLKSourceConfig  stm32f7xx_hal_cortex.o
    0x0800251c   0x00000002   Code   RO         1350    i.HAL_SYSTICK_Callback  stm32f7xx_hal_cortex.o
    0x0800251e   0x00000028   Code   RO         1351    i.HAL_SYSTICK_Config  stm32f7xx_hal_cortex.o
    0x08002546   0x00000008   Code   RO         1352    i.HAL_SYSTICK_IRQHandler  stm32f7xx_hal_cortex.o
    0x0800254e   0x00000002   Code   RO         3216    i.HAL_TIMEx_BreakCallback  stm32f7xx_hal_tim_ex.o
    0x08002550   0x00000002   Code   RO         3217    i.HAL_TIMEx_CommutationCallback  stm32f7xx_hal_tim_ex.o
    0x08002552   0x00000002   PAD
    0x08002554   0x00000058   Code   RO         3235    i.HAL_TIMEx_MasterConfigSynchronization  stm32f7xx_hal_tim_ex.o
    0x080025ac   0x00000038   Code   RO         1538    i.HAL_TIM_Base_Init  stm32f7xx_hal_tim.o
    0x080025e4   0x00000058   Code   RO            5    i.HAL_TIM_Base_MspInit  tim.o
    0x0800263c   0x00000018   Code   RO         1543    i.HAL_TIM_Base_Start_IT  stm32f7xx_hal_tim.o
    0x08002654   0x00000114   Code   RO         1547    i.HAL_TIM_ConfigClockSource  stm32f7xx_hal_tim.o
    0x08002768   0x00000002   Code   RO         1567    i.HAL_TIM_IC_CaptureCallback  stm32f7xx_hal_tim.o
    0x0800276a   0x00000188   Code   RO         1580    i.HAL_TIM_IRQHandler  stm32f7xx_hal_tim.o
    0x080028f2   0x00000002   Code   RO         1583    i.HAL_TIM_OC_DelayElapsedCallback  stm32f7xx_hal_tim.o
    0x080028f4   0x00000002   Code   RO         1610    i.HAL_TIM_PWM_PulseFinishedCallback  stm32f7xx_hal_tim.o
    0x080028f6   0x00000002   Code   RO         1617    i.HAL_TIM_PeriodElapsedCallback  stm32f7xx_hal_tim.o
    0x080028f8   0x00000002   Code   RO         1621    i.HAL_TIM_TriggerCallback  stm32f7xx_hal_tim.o
    0x080028fa   0x00000002   Code   RO         4345    i.HAL_UART_ErrorCallback  stm32f7xx_hal_uart.o
    0x080028fc   0x00000128   Code   RO         4348    i.HAL_UART_IRQHandler  stm32f7xx_hal_uart.o
    0x08002a24   0x00000070   Code   RO         4349    i.HAL_UART_Init     stm32f7xx_hal_uart.o
    0x08002a94   0x0000005c   Code   RO          605    i.HAL_UART_MspInit  usart.o
    0x08002af0   0x000000a0   Code   RO         4354    i.HAL_UART_Receive_IT  stm32f7xx_hal_uart.o
    0x08002b90   0x0000003c   Code   RO         5874    i.HAL_UART_RxCpltCallback  uart_masterslave.o
    0x08002bcc   0x0000001c   Code   RO         5875    i.HAL_UART_TxCpltCallback  uart_masterslave.o
    0x08002be8   0x00000002   Code   RO          316    i.HardFault_Handler  stm32f7xx_it.o
    0x08002bea   0x00000002   PAD
    0x08002bec   0x000000f4   Code   RO          444    i.MX_ADC1_Init      adc.o
    0x08002ce0   0x000000c8   Code   RO          445    i.MX_ADC2_Init      adc.o
    0x08002da8   0x000000cc   Code   RO          446    i.MX_ADC3_Init      adc.o
    0x08002e74   0x0000002c   Code   RO          259    i.MX_DMA_Init       dma.o
    0x08002ea0   0x00000228   Code   RO          580    i.MX_GPIO_Init      gpio.o
    0x080030c8   0x00000026   Code   RO          497    i.MX_NVIC_Init      main.o
    0x080030ee   0x00000002   PAD
    0x080030f0   0x00000050   Code   RO          216    i.MX_QUADSPI_Init   quadspi.o
    0x08003140   0x00000048   Code   RO          174    i.MX_RTC_Init       rtc.o
    0x08003188   0x00000064   Code   RO          648    i.MX_SPI2_Init      spi.o
    0x080031ec   0x0000007c   Code   RO            6    i.MX_TIM1_Init      tim.o
    0x08003268   0x00000058   Code   RO            7    i.MX_TIM6_Init      tim.o
    0x080032c0   0x00000050   Code   RO          606    i.MX_USART2_UART_Init  usart.o
    0x08003310   0x00000002   Code   RO          317    i.MemManage_Handler  stm32f7xx_it.o
    0x08003312   0x00000002   Code   RO          318    i.NMI_Handler       stm32f7xx_it.o
    0x08003314   0x00000020   Code   RO         1353    i.NVIC_SetPriority  stm32f7xx_hal_cortex.o
    0x08003334   0x00000002   Code   RO          319    i.PendSV_Handler    stm32f7xx_it.o
    0x08003336   0x0000004c   Code   RO         3644    i.QSPI_WaitFlagStateUntilTimeout  stm32f7xx_hal_qspi.o
    0x08003382   0x00000038   Code   RO         1098    i.RTC_EnterInitMode  stm32f7xx_hal_rtc.o
    0x080033ba   0x00000002   PAD
    0x080033bc   0x0000000c   Code   RO          320    i.SPI2_IRQHandler   stm32f7xx_it.o
    0x080033c8   0x0000004c   Code   RO         4656    i.SPI_CloseTx_ISR   stm32f7xx_hal_spi.o
    0x08003414   0x00000012   Code   RO         4657    i.SPI_DMAAbortOnError  stm32f7xx_hal_spi.o
    0x08003426   0x00000064   Code   RO         4668    i.SPI_EndRxTxTransaction  stm32f7xx_hal_spi.o
    0x0800348a   0x00000020   Code   RO         4671    i.SPI_TxISR_16BIT   stm32f7xx_hal_spi.o
    0x080034aa   0x0000001e   Code   RO         4672    i.SPI_TxISR_8BIT    stm32f7xx_hal_spi.o
    0x080034c8   0x0000009c   Code   RO         4673    i.SPI_WaitFifoStateUntilTimeout  stm32f7xx_hal_spi.o
    0x08003564   0x00000086   Code   RO         4674    i.SPI_WaitFlagStateUntilTimeout  stm32f7xx_hal_spi.o
    0x080035ea   0x00000002   Code   RO          321    i.SVC_Handler       stm32f7xx_it.o
    0x080035ec   0x00000016   Code   RO          322    i.SysTick_Handler   stm32f7xx_it.o
    0x08003602   0x00000002   PAD
    0x08003604   0x000000f0   Code   RO          498    i.SystemClock_Config  main.o
    0x080036f4   0x00000054   Code   RO         4947    i.SystemInit        system_stm32f7xx.o
    0x08003748   0x0000000c   Code   RO          323    i.TIM1_UP_TIM10_IRQHandler  stm32f7xx_it.o
    0x08003754   0x000000cc   Code   RO         1622    i.TIM_Base_SetConfig  stm32f7xx_hal_tim.o
    0x08003820   0x00000014   Code   RO         1629    i.TIM_ETR_SetConfig  stm32f7xx_hal_tim.o
    0x08003834   0x00000010   Code   RO         1630    i.TIM_ITRx_SetConfig  stm32f7xx_hal_tim.o
    0x08003844   0x00000022   Code   RO         1636    i.TIM_TI1_ConfigInputStage  stm32f7xx_hal_tim.o
    0x08003866   0x00000024   Code   RO         1638    i.TIM_TI2_ConfigInputStage  stm32f7xx_hal_tim.o
    0x0800388a   0x000000c8   Code   RO         4362    i.UART_AdvFeatureConfig  stm32f7xx_hal_uart.o
    0x08003952   0x0000003c   Code   RO         4363    i.UART_CheckIdleState  stm32f7xx_hal_uart.o
    0x0800398e   0x00000014   Code   RO         4364    i.UART_DMAAbortOnError  stm32f7xx_hal_uart.o
    0x080039a2   0x0000001c   Code   RO         4370    i.UART_EndRxTransfer  stm32f7xx_hal_uart.o
    0x080039be   0x0000001a   Code   RO         4371    i.UART_EndTransmit_IT  stm32f7xx_hal_uart.o
    0x080039d8   0x0000007a   Code   RO         4373    i.UART_Receive_IT   stm32f7xx_hal_uart.o
    0x08003a52   0x00000002   PAD
    0x08003a54   0x000002fc   Code   RO         4374    i.UART_SetConfig    stm32f7xx_hal_uart.o
    0x08003d50   0x00000064   Code   RO         4375    i.UART_Transmit_IT  stm32f7xx_hal_uart.o
    0x08003db4   0x00000064   Code   RO         4376    i.UART_WaitOnFlagUntilTimeout  stm32f7xx_hal_uart.o
    0x08003e18   0x0000000c   Code   RO          324    i.USART2_IRQHandler  stm32f7xx_it.o
    0x08003e24   0x00000002   Code   RO          325    i.UsageFault_Handler  stm32f7xx_it.o
    0x08003e26   0x00000002   Code   RO          499    i._Error_Handler    main.o
    0x08003e28   0x00000030   Code   RO         6235    i.__ARM_fpclassify  m_wv.l(fpclassify.o)
    0x08003e58   0x00000026   Code   RO         6183    i.__ARM_fpclassifyf  m_wv.l(fpclassifyf.o)
    0x08003e7e   0x00000002   PAD
    0x08003e80   0x00000200   Code   RO         6146    i.__hardfp_atan     m_wv.l(atan.o)
    0x08004080   0x000001c0   Code   RO         6077    i.__hardfp_atan2    m_wv.l(atan2.o)
    0x08004240   0x00000658   Code   RO         6089    i.__hardfp_powf     m_wv.l(powf.o)
    0x08004898   0x00000066   Code   RO         6115    i.__hardfp_sqrt     m_wv.l(sqrt.o)
    0x080048fe   0x0000003a   Code   RO         6127    i.__hardfp_sqrtf    m_wv.l(sqrtf.o)
    0x08004938   0x00000070   Code   RO         6237    i.__kernel_poly     m_wv.l(poly.o)
    0x080049a8   0x00000006   Code   RO         6164    i.__mathlib_dbl_infnan  m_wv.l(dunder.o)
    0x080049ae   0x00000006   Code   RO         6165    i.__mathlib_dbl_infnan2  m_wv.l(dunder.o)
    0x080049b4   0x00000004   PAD
    0x080049b8   0x00000018   Code   RO         6169    i.__mathlib_dbl_underflow  m_wv.l(dunder.o)
    0x080049d0   0x00000018   Code   RO         6185    i.__mathlib_flt_divzero  m_wv.l(funder.o)
    0x080049e8   0x00000006   Code   RO         6187    i.__mathlib_flt_infnan2  m_wv.l(funder.o)
    0x080049ee   0x00000002   PAD
    0x080049f0   0x00000010   Code   RO         6188    i.__mathlib_flt_invalid  m_wv.l(funder.o)
    0x08004a00   0x00000010   Code   RO         6189    i.__mathlib_flt_overflow  m_wv.l(funder.o)
    0x08004a10   0x00000010   Code   RO         6191    i.__mathlib_flt_underflow  m_wv.l(funder.o)
    0x08004a20   0x0000000e   Code   RO         6243    i.__scatterload_copy  mc_w.l(handlers.o)
    0x08004a2e   0x00000002   Code   RO         6244    i.__scatterload_null  mc_w.l(handlers.o)
    0x08004a30   0x0000000e   Code   RO         6245    i.__scatterload_zeroinit  mc_w.l(handlers.o)
    0x08004a3e   0x00000002   PAD
    0x08004a40   0x0000000c   Code   RO         6227    i.__set_errno       mc_w.l(errno.o)
    0x08004a4c   0x00000010   Code   RO         6148    i.atan              m_wv.l(atan.o)
    0x08004a5c   0x00000204   Code   RO         5591    i.boardIO           boardio.o
    0x08004c60   0x00000134   Code   RO         5438    i.cs_PQ_combination  cs_handles.o
    0x08004d94   0x00000004   PAD
    0x08004d98   0x00000140   Code   RO          685    i.cs_computations   measurement_functions.o
    0x08004ed8   0x0000004e   Code   RO          686    i.cs_generation     measurement_functions.o
    0x08004f26   0x00000002   PAD
    0x08004f28   0x00000400   Code   RO         5439    i.cs_handles        cs_handles.o
    0x08005328   0x0000004c   Code   RO         5630    i.dpm_mergeDWord    dataparsermerger.o
    0x08005374   0x00000050   Code   RO         5631    i.dpm_mergeFloat    dataparsermerger.o
    0x080053c4   0x0000003a   Code   RO         5632    i.dpm_parseDWord    dataparsermerger.o
    0x080053fe   0x00000002   PAD
    0x08005400   0x00000044   Code   RO         5633    i.dpm_parseFloat    dataparsermerger.o
    0x08005444   0x00000018   Code   RO         6179    i.fabs              m_wv.l(fabs.o)
    0x0800545c   0x00000094   Code   RO          773    i.fc27              protection_functions.o
    0x080054f0   0x000000f0   Code   RO         5125    i.fc27_all          fc27.o
    0x080055e0   0x0000002c   Code   RO         5126    i.fc27_init         fc27.o
    0x0800560c   0x00000084   Code   RO          774    i.fc37              protection_functions.o
    0x08005690   0x000000d8   Code   RO         5278    i.fc37_all          fc37.o
    0x08005768   0x0000002c   Code   RO         5279    i.fc37_init         fc37.o
    0x08005794   0x0000006c   Code   RO         5183    i.fc46_init         fc46.o
    0x08005800   0x00000048   Code   RO          777    i.fc49              protection_functions.o
    0x08005848   0x00000098   Code   RO         5206    i.fc49_all          fc49.o
    0x080058e0   0x0000006c   Code   RO         5207    i.fc49_init         fc49.o
    0x0800594c   0x000000a8   Code   RO          778    i.fc50              protection_functions.o
    0x080059f4   0x000000ac   Code   RO         5044    i.fc50N_all         fc50n.o
    0x08005aa0   0x0000003c   Code   RO         5045    i.fc50N_init        fc50n.o
    0x08005adc   0x0000019c   Code   RO         5005    i.fc50_all          fc50.o
    0x08005c78   0x00000060   Code   RO         5006    i.fc50_init         fc50.o
    0x08005cd8   0x000000e8   Code   RO          779    i.fc51              protection_functions.o
    0x08005dc0   0x00000048   Code   RO         5099    i.fc51N_all         fc51n.o
    0x08005e08   0x00000044   Code   RO         5100    i.fc51N_init        fc51n.o
    0x08005e4c   0x0000009c   Code   RO         5070    i.fc51_all          fc51.o
    0x08005ee8   0x00000060   Code   RO         5071    i.fc51_init         fc51.o
    0x08005f48   0x00000070   Code   RO          780    i.fc59              protection_functions.o
    0x08005fb8   0x000000b4   Code   RO         5160    i.fc59_all          fc59.o
    0x0800606c   0x00000024   Code   RO         5161    i.fc59_init         fc59.o
    0x08006090   0x000000f4   Code   RO          781    i.fcBF              protection_functions.o
    0x08006184   0x0000009c   Code   RO         5240    i.fcBF_all          fcbf.o
    0x08006220   0x00000024   Code   RO         5241    i.fcBF_init         fcbf.o
    0x08006244   0x0000003c   Code   RO         5350    i.fcPVP_init        fcpvp.o
    0x08006280   0x00000038   Code   RO         5314    i.fcUNB_init        fcunb.o
    0x080062b8   0x0000003a   Code   RO         5561    i.initFunctions     initfunctions.o
    0x080062f2   0x00000002   PAD
    0x080062f4   0x000000c4   Code   RO         5515    i.init_conversion   conversion.o
    0x080063b8   0x000007c4   Code   RO         4981    i.init_protection   init_protection.o
    0x08006b7c   0x00000130   Code   RO          500    i.main              main.o
    0x08006cac   0x0000003e   Code   RO         6053    i.main_flow         main_flow.o
    0x08006cea   0x0000001e   Code   RO          786    i.maxSelector_3p    protection_functions.o
    0x08006d08   0x00000036   Code   RO          788    i.off_delay         protection_functions.o
    0x08006d3e   0x00000034   Code   RO          789    i.on_delay          protection_functions.o
    0x08006d72   0x00000026   Code   RO          790    i.on_off_delay      protection_functions.o
    0x08006d98   0x00000012   Code   RO         5384    i.pick_trip_reset_handles  pickup_handles.o
    0x08006daa   0x00000002   PAD
    0x08006dac   0x000008a4   Code   RO         5385    i.pick_up_handles   pickup_handles.o
    0x08007650   0x00000034   Code   RO          688    i.prefilter         measurement_functions.o
    0x08007684   0x0000048c   Code   RO         6026    i.pullDataFromMaster  configparams.o
    0x08007b10   0x00000740   Code   RO         5978    i.pushDataToMaster  commparams.o
    0x08008250   0x00000448   Code   RO         5386    i.reset_handles     pickup_handles.o
    0x08008698   0x00000090   Code   RO          691    i.signal_spectra    measurement_functions.o
    0x08008728   0x0000004c   Code   RO          692    i.signal_thd        measurement_functions.o
    0x08008774   0x000000d8   Code   RO         5494    i.spectral_analysis  spectra.o
    0x0800884c   0x00000030   Code   RO         5753    i.spi_ReceiveTimeout  spi_masterslave.o
    0x0800887c   0x00000024   Code   RO         5754    i.spi_RuntimeProcess  spi_masterslave.o
    0x080088a0   0x00000002   Code   RO         5755    i.spi_checkCommunication  spi_masterslave.o
    0x080088a2   0x00000002   PAD
    0x080088a4   0x0000001c   Code   RO         5756    i.spi_checkPushSendTime  spi_masterslave.o
    0x080088c0   0x00000040   Code   RO         5757    i.spi_crcCalculation  spi_masterslave.o
    0x08008900   0x00000002   Code   RO         5758    i.spi_deselectChip  spi_masterslave.o
    0x08008902   0x00000004   Code   RO         5759    i.spi_frameProcess  spi_masterslave.o
    0x08008906   0x0000000e   Code   RO         5760    i.spi_initComApp    spi_masterslave.o
    0x08008914   0x0000010c   Code   RO         5761    i.spi_preparePushData  spi_masterslave.o
    0x08008a20   0x00000114   Code   RO         5762    i.spi_prepareReceiveData  spi_masterslave.o
    0x08008b34   0x00000028   Code   RO         5763    i.spi_pushAllData   spi_masterslave.o
    0x08008b5c   0x00000018   Code   RO         5764    i.spi_pushAllDataCheck  spi_masterslave.o
    0x08008b74   0x00000002   Code   RO         5765    i.spi_receiveInit   spi_masterslave.o
    0x08008b76   0x00000012   Code   RO         5766    i.spi_runComApp     spi_masterslave.o
    0x08008b88   0x00000002   Code   RO         5767    i.spi_selectChip    spi_masterslave.o
    0x08008b8a   0x0000000e   Code   RO         5768    i.spi_sysTickCallApp  spi_masterslave.o
    0x08008b98   0x000000c0   Code   RO          693    i.sym_comp          measurement_functions.o
    0x08008c58   0x00000118   Code   RO          694    i.sym_mag           measurement_functions.o
    0x08008d70   0x00000070   Code   RO          695    i.thermal_status    measurement_functions.o
    0x08008de0   0x00000684   Code   RO         5387    i.trip_handles      pickup_handles.o
    0x08009464   0x000001b4   Code   RO         5474    i.trueRMS           truerms.o
    0x08009618   0x00000040   Code   RO          696    i.true_rms          measurement_functions.o
    0x08009658   0x00000020   Code   RO         5876    i.uart_ReceiveCompCallBack  uart_masterslave.o
    0x08009678   0x00000030   Code   RO         5877    i.uart_ReceiveTimeout  uart_masterslave.o
    0x080096a8   0x00000028   Code   RO         5878    i.uart_RuntimeProcess  uart_masterslave.o
    0x080096d0   0x0000002c   Code   RO         5879    i.uart_checkCommunication  uart_masterslave.o
    0x080096fc   0x0000001c   Code   RO         5880    i.uart_checkPushSendTime  uart_masterslave.o
    0x08009718   0x00000040   Code   RO         5881    i.uart_crcCalculation  uart_masterslave.o
    0x08009758   0x00000004   Code   RO         5882    i.uart_frameProcess  uart_masterslave.o
    0x0800975c   0x00000004   Code   RO         5883    i.uart_initComApp   uart_masterslave.o
    0x08009760   0x000000ac   Code   RO         5884    i.uart_prepareReceiveData  uart_masterslave.o
    0x0800980c   0x00000002   Code   RO         5885    i.uart_pushAllDataCheck  uart_masterslave.o
    0x0800980e   0x00000002   PAD
    0x08009810   0x00000014   Code   RO         5886    i.uart_receiveInit  uart_masterslave.o
    0x08009824   0x00000012   Code   RO         5887    i.uart_runComApp    uart_masterslave.o
    0x08009836   0x0000000e   Code   RO         5888    i.uart_sysTickCallApp  uart_masterslave.o
    0x08009844   0x00000008   Data   RO         2586    .constdata          stm32f7xx_hal_dma.o
    0x0800984c   0x00000010   Data   RO         4948    .constdata          system_stm32f7xx.o
    0x0800985c   0x00000008   Data   RO         4949    .constdata          system_stm32f7xx.o
    0x08009864   0x00000010   Data   RO         5017    .constdata          fc50.o
    0x08009874   0x00000010   Data   RO         5047    .constdata          fc50n.o
    0x08009884   0x00000014   Data   RO         5076    .constdata          fc51.o
    0x08009898   0x00000014   Data   RO         5102    .constdata          fc51n.o
    0x080098ac   0x0000000c   Data   RO         5128    .constdata          fc27.o
    0x080098b8   0x0000000c   Data   RO         5163    .constdata          fc59.o
    0x080098c4   0x00000024   Data   RO         5186    .constdata          fc46.o
    0x080098e8   0x00000018   Data   RO         5209    .constdata          fc49.o
    0x08009900   0x00000018   Data   RO         5243    .constdata          fcbf.o
    0x08009918   0x0000000c   Data   RO         5281    .constdata          fc37.o
    0x08009924   0x00000014   Data   RO         5317    .constdata          fcunb.o
    0x08009938   0x00000020   Data   RO         5354    .constdata          fcpvp.o
    0x08009958   0x00000140   Data   RO         6092    .constdata          m_wv.l(powf.o)
    0x08009a98   0x00000098   Data   RO         6149    .constdata          m_wv.l(atan.o)
    0x08009b30   0x00000008   Data   RO         6199    .constdata          m_wv.l(qnan.o)
    0x08009b38   0x00000020   Data   RO         6241    Region$$Table       anon$$obj.o


    Execution Region RW_IRAM1 (Base: 0x20000000, Size: 0x00006d60, Max: 0x0001ffff, ABSOLUTE, COMPRESSED[0x000002c0])

    Base Addr    Size         Type   Attr      Idx    E Section Name        Object

    0x20000000   0x00000008   Data   RW          502    .data               main.o
    0x20000008   0x00000004   Data   RW         2410    .data               stm32f7xx_hal.o
    0x2000000c   0x00000004   Data   RW         4950    .data               system_stm32f7xx.o
    0x20000010   0x0000006c   Data   RW         4983    .data               init_protection.o
    0x2000007c   0x00000018   Data   RW         5129    .data               fc27.o
    0x20000094   0x00000020   Data   RW         5210    .data               fc49.o
    0x200000b4   0x00000004   Data   RW         5211    .data               fc49.o
    0x200000b8   0x00000004   Data   RW         5212    .data               fc49.o
    0x200000bc   0x00000004   Data   RW         5213    .data               fc49.o
    0x200000c0   0x00000020   Data   RW         5282    .data               fc37.o
    0x200000e0   0x00000008   Data   RW         5283    .data               fc37.o
    0x200000e8   0x00000008   Data   RW         5284    .data               fc37.o
    0x200000f0   0x00000008   Data   RW         5285    .data               fc37.o
    0x200000f8   0x00000018   Data   RW         5322    .data               fcunb.o
    0x20000110   0x000001bc   Data   RW         5355    .data               fcpvp.o
    0x200002cc   0x00000002   Data   RW         5389    .data               pickup_handles.o
    0x200002ce   0x00000002   PAD
    0x200002d0   0x00000190   Data   RW         5441    .data               cs_handles.o
    0x20000460   0x00000001   Data   RW         5476    .data               truerms.o
    0x20000461   0x00000003   PAD
    0x20000464   0x00000194   Data   RW         5496    .data               spectra.o
    0x200005f8   0x00000014   Data   RW         5517    .data               conversion.o
    0x2000060c   0x00000004   Data   RW         5518    .data               conversion.o
    0x20000610   0x00000008   Data   RW         5592    .data               boardio.o
    0x20000618   0x00000004   Data   RW         5634    .data               dataparsermerger.o
    0x2000061c   0x0000000c   Data   RW         6027    .data               configparams.o
    0x20000628   0x00000004   Data   RW         6228    .data               mc_w.l(errno.o)
    0x2000062c   0x00000080   Zero   RW            8    .bss                tim.o
    0x200006ac   0x00000020   Zero   RW          175    .bss                rtc.o
    0x200006cc   0x0000004c   Zero   RW          217    .bss                quadspi.o
    0x20000718   0x000001f8   Zero   RW          447    .bss                adc.o
    0x20000910   0x0000003c   Zero   RW          501    .bss                main.o
    0x2000094c   0x00000070   Zero   RW          607    .bss                usart.o
    0x200009bc   0x00000064   Zero   RW          649    .bss                spi.o
    0x20000a20   0x00000074   Zero   RW         4982    .bss                init_protection.o
    0x20000a94   0x000000cc   Zero   RW         5007    .bss                fc50.o
    0x20000b60   0x0000000c   Zero   RW         5008    .bss                fc50.o
    0x20000b6c   0x0000000c   Zero   RW         5009    .bss                fc50.o
    0x20000b78   0x0000000c   Zero   RW         5010    .bss                fc50.o
    0x20000b84   0x0000000c   Zero   RW         5011    .bss                fc50.o
    0x20000b90   0x0000000c   Zero   RW         5012    .bss                fc50.o
    0x20000b9c   0x0000000c   Zero   RW         5013    .bss                fc50.o
    0x20000ba8   0x0000000c   Zero   RW         5014    .bss                fc50.o
    0x20000bb4   0x0000000c   Zero   RW         5015    .bss                fc50.o
    0x20000bc0   0x0000000c   Zero   RW         5016    .bss                fc50.o
    0x20000bcc   0x00000054   Zero   RW         5046    .bss                fc50n.o
    0x20000c20   0x0000004c   Zero   RW         5072    .bss                fc51.o
    0x20000c6c   0x0000000c   Zero   RW         5073    .bss                fc51.o
    0x20000c78   0x0000000c   Zero   RW         5074    .bss                fc51.o
    0x20000c84   0x0000000c   Zero   RW         5075    .bss                fc51.o
    0x20000c90   0x00000020   Zero   RW         5101    .bss                fc51n.o
    0x20000cb0   0x00000018   Zero   RW         5127    .bss                fc27.o
    0x20000cc8   0x00000060   Zero   RW         5162    .bss                fc59.o
    0x20000d28   0x00000044   Zero   RW         5184    .bss                fc46.o
    0x20000d6c   0x00000028   Zero   RW         5208    .bss                fc49.o
    0x20000d94   0x00000024   Zero   RW         5242    .bss                fcbf.o
    0x20000db8   0x00000018   Zero   RW         5280    .bss                fc37.o
    0x20000dd0   0x0000010c   Zero   RW         5316    .bss                fcunb.o
    0x20000edc   0x000009c8   Zero   RW         5353    .bss                fcpvp.o
    0x200018a4   0x00000128   Zero   RW         5388    .bss                pickup_handles.o
    0x200019cc   0x000015b0   Zero   RW         5440    .bss                cs_handles.o
    0x20002f7c   0x00001038   Zero   RW         5475    .bss                truerms.o
    0x20003fb4   0x0000045c   Zero   RW         5495    .bss                spectra.o
    0x20004410   0x000001d8   Zero   RW         5516    .bss                conversion.o
    0x200045e8   0x00000024   Zero   RW         5576    .bss                powersysdata.o
    0x2000460c   0x00001790   Zero   RW         5769    .bss                spi_masterslave.o
    0x20005d9c   0x00000bc0   Zero   RW         5889    .bss                uart_masterslave.o
    0x2000695c   0x00000004   PAD
    0x20006960   0x00000400   Zero   RW          899    STACK               startup_stm32f767xx.o

